Archive member included because of file (symbol)

./build/core.a(exception_vectors.o)
                              (call_user_start)
./build/sdklib/libmain.a(app_main.o)
                              ./build/core.a(exception_vectors.o) (sdk_user_fatal_exception_handler)
./build/sdklib/libmain.a(ets_timer.o)
                              ./build/sdklib/libmain.a(app_main.o) (sdk_ets_timer_init)
./build/sdklib/libmain.a(misc.o)
                              ./build/sdklib/libmain.a(app_main.o) (sdk_os_install_putc1)
./build/sdklib/libmain.a(spi_flash.o)
                              ./build/sdklib/libmain.a(app_main.o) (sdk_flashchip)
./build/sdklib/libmain.a(uart.o)
                              ./build/sdklib/libmain.a(app_main.o) (sdk_uart_div_modify)
./build/sdklib/libmain.a(user_interface.o)
                              ./build/sdklib/libmain.a(app_main.o) (sdk_rst_if)
./build/sdklib/libmain.a(os_cpu_a.o)
                              ./build/core.a(exception_vectors.o) (sdk__xt_int_enter)
./build/sdklib/libmain.a(xtensa_context.o)
                              ./build/sdklib/libmain.a(os_cpu_a.o) (sdk__xt_context_save)
./build/sdklib/libmain.a(timers.o)
                              ./build/sdklib/libmain.a(user_interface.o) (sdk_os_timer_setfn)
./build/sdklib/libnet80211.a(ieee80211.o)
                              ./build/sdklib/libmain.a(app_main.o) (sdk_g_ic)
./build/sdklib/libnet80211.a(ieee80211_crypto.o)
                              ./build/sdklib/libnet80211.a(ieee80211.o) (sdk_ieee80211_crypto_attach)
./build/sdklib/libnet80211.a(ieee80211_hostap.o)
                              ./build/sdklib/libmain.a(app_main.o) (sdk_wifi_softap_start)
./build/sdklib/libnet80211.a(ieee80211_ht.o)
                              ./build/sdklib/libmain.a(user_interface.o) (sdk_ieee80211_ht_attach)
./build/sdklib/libnet80211.a(ieee80211_input.o)
                              ./build/sdklib/libnet80211.a(ieee80211_hostap.o) (sdk_ieee80211_decap)
./build/sdklib/libnet80211.a(ieee80211_output.o)
                              ./build/sdklib/libnet80211.a(ieee80211_ht.o) (sdk_ieee80211_mgmt_output)
./build/sdklib/libnet80211.a(ieee80211_phy.o)
                              ./build/sdklib/libnet80211.a(ieee80211.o) (sdk_ieee80211_get_ratetable)
./build/sdklib/libnet80211.a(ieee80211_power.o)
                              ./build/sdklib/libnet80211.a(ieee80211_hostap.o) (sdk_ieee80211_psq_init)
./build/sdklib/libnet80211.a(ieee80211_proto.o)
                              ./build/sdklib/libnet80211.a(ieee80211_hostap.o) (sdk_ieee80211_addr_bcast)
./build/sdklib/libnet80211.a(ieee80211_scan.o)
                              ./build/sdklib/libmain.a(user_interface.o) (sdk_scannum)
./build/sdklib/libnet80211.a(ieee80211_sta.o)
                              ./build/sdklib/libmain.a(user_interface.o) (sdk_ieee80211_sta_new_state)
./build/sdklib/libnet80211.a(wl_chm.o)
                              ./build/sdklib/libnet80211.a(ieee80211.o) (sdk_chm_init)
./build/sdklib/libnet80211.a(wl_cnx.o)
                              ./build/sdklib/libmain.a(user_interface.o) (sdk_sta_con_timer)
./build/sdklib/libnet80211.a(ieee80211_action.o)
                              ./build/sdklib/libnet80211.a(ieee80211_ht.o) (sdk_ieee80211_send_action_register)
./build/sdklib/libnet80211.a(ieee80211_ets.o)
                              ./build/sdklib/libnet80211.a(ieee80211_ht.o) (sdk_ieee80211_getmgtframe)
./build/sdklib/libphy.a(phy.o)
                              ./build/sdklib/libnet80211.a(wl_chm.o) (sdk_phy_change_channel)
./build/sdklib/libphy.a(phy_chip_v6_ana.o)
                              ./build/sdklib/libmain.a(user_interface.o) (sdk_test_tout)
./build/sdklib/libphy.a(phy_chip_v6.o)
                              ./build/sdklib/libphy.a(phy_chip_v6_ana.o) (sdk_chip6_sleep_params)
./build/sdklib/libphy.a(phy_chip_v6_cal.o)
                              ./build/sdklib/libphy.a(phy_chip_v6.o) (sdk_loop_pwctrl_pwdet_error_accum_high_power)
./build/sdklib/libphy.a(phy_chip_v6_unused.o)
                              ./build/sdklib/libphy.a(phy_chip_v6.o) (sdk_chip_v6_set_sense)
./build/sdklib/libphy.a(phy_sleep.o)
                              ./build/sdklib/libphy.a(phy_chip_v6.o) (sdk_pm_set_sleep_cycles)
./build/sdklib/libphy.a(phy_chip_v5_romfunc.o)
                              ./build/sdklib/libphy.a(phy_chip_v6_ana.o) (sdk_g_phyFuns)
./build/sdklib/libphy.a(phy_chip_v5_ana_romfunc.o)
                              ./build/sdklib/libphy.a(phy_chip_v5_romfunc.o) (sdk_rom_ana_inf_gating_en)
./build/sdklib/libphy.a(phy_chip_v5_cal_romfunc.o)
                              ./build/sdklib/libphy.a(phy_chip_v5_romfunc.o) (sdk_rom_cal_tos_v50)
./build/sdklib/libpp.a(esf_buf.o)
                              ./build/sdklib/libnet80211.a(ieee80211_output.o) (sdk_esf_buf_alloc)
./build/sdklib/libpp.a(if_hwctrl.o)
                              ./build/sdklib/libnet80211.a(ieee80211_hostap.o) (sdk_ic_set_vif)
./build/sdklib/libpp.a(lmac.o)
[...]
Memory Configuration

Name             Origin             Length             Attributes
dport0_0_seg     0x000000003ff00000 0x0000000000000010
dram0_0_seg      0x000000003ffe8000 0x0000000000014000
iram1_0_seg      0x0000000040100000 0x0000000000008000
irom0_0_seg      0x0000000040240000 0x00000000001fc000
*default*        0x0000000000000000 0xffffffffffffffff

Linker script and memory map

START GROUP
LOAD ./build/program.a
LOAD ./build/freertos.a
LOAD ./build/lwip.a
LOAD ./build/axtls.a
LOAD ./build/core.a
LOAD /root/ESP8266/esp-open-sdk/xtensa-lx106-elf/xtensa-lx106-elf/sysroot/usr/lib/libhal.a
LOAD /root/ESP8266/esp-open-sdk/xtensa-lx106-elf/lib/gcc/xtensa-lx106-elf/4.8.2/libgcc.a
LOAD ../../libc/xtensa-lx106-elf/lib/libc.a
LOAD ./build/sdklib/libmain.a
LOAD ./build/sdklib/libnet80211.a
LOAD ./build/sdklib/libphy.a
LOAD ./build/sdklib/libpp.a
LOAD ./build/sdklib/libwpa.a
END GROUP
                0x0000000040106020                pvPortMalloc = malloc
                0x000000004010603c                vPortFree = free
                0x00000000401009d8                _lock_acquire = vPortEnterCritical
                0x00000000401009d8                _lock_acquire_recursive = vPortEnterCritical
                0x00000000401009d8                _lock_try_acquire = vPortEnterCritical
                0x00000000401009d8                _lock_try_acquire_recursive = vPortEnterCritical
                0x0000000040100a00                _lock_release = vPortExitCritical
                0x0000000040100a00                _lock_release_recursive = vPortExitCritical
                0x0000000040106430                ets_printf = printf
                0x0000000040000000                PROVIDE (_memmap_vecbase_reset, 0x40000000)
                0x0000000000000110                _memmap_cacheattr_wb_base = 0x110
                0x0000000000000110                _memmap_cacheattr_wt_base = 0x110
                0x0000000000000220                _memmap_cacheattr_bp_base = 0x220
                0x00000000fffff00f                _memmap_cacheattr_unused_mask = 0xfffff00f
                0x000000002222211f                _memmap_cacheattr_wb_trapnull = 0x2222211f
                0x000000002222211f                _memmap_cacheattr_wba_trapnull = 0x2222211f
                0x000000002222211f                _memmap_cacheattr_wbna_trapnull = 0x2222211f
                0x000000002222211f                _memmap_cacheattr_wt_trapnull = 0x2222211f
                0x000000002222222f                _memmap_cacheattr_bp_trapnull = 0x2222222f
                0x00000000fffff11f                _memmap_cacheattr_wb_strict = 0xfffff11f
                0x00000000fffff11f                _memmap_cacheattr_wt_strict = 0xfffff11f
                0x00000000fffff22f                _memmap_cacheattr_bp_strict = 0xfffff22f
                0x0000000022222112                _memmap_cacheattr_wb_allvalid = 0x22222112
                0x0000000022222112                _memmap_cacheattr_wt_allvalid = 0x22222112
                0x0000000022222222                _memmap_cacheattr_bp_allvalid = 0x22222222
                0x000000002222211f                PROVIDE (_memmap_cacheattr_reset, _memmap_cacheattr_wb_trapnull)

.dport0.rodata  0x000000003ff00000        0x0
                0x000000003ff00000                _dport0_rodata_start = ABSOLUTE (.)
 *(.dport0.rodata)
 *(.dport.rodata)
                0x000000003ff00000                _dport0_rodata_end = ABSOLUTE (.)

.dport0.literal
                0x000000003ff00000        0x0
                0x000000003ff00000                _dport0_literal_start = ABSOLUTE (.)
 *(.dport0.literal)
 *(.dport.literal)
                0x000000003ff00000                _dport0_literal_end = ABSOLUTE (.)

.dport0.data    0x000000003ff00000        0x0
                0x000000003ff00000                _dport0_data_start = ABSOLUTE (.)
 *(.dport0.data)
 *(.dport.data)
                0x000000003ff00000                _dport0_data_end = ABSOLUTE (.)

.data           0x000000003ffe8000      0xba8
                0x000000003ffe8000                _data_start = ABSOLUTE (.)
 *(.data)
 .data          0x000000003ffe8000        0x0 ./build/core.a(exception_vectors.o)
 .data          0x000000003ffe8000        0x0 ./build/sdklib/libmain.a(app_main.o)
 .data          0x000000003ffe8000        0x0 ./build/sdklib/libmain.a(ets_timer.o)
 .data          0x000000003ffe8000        0x4 ./build/sdklib/libmain.a(misc.o)
 .data          0x000000003ffe8004       0x18 ./build/sdklib/libmain.a(spi_flash.o)
                0x000000003ffe8004                sdk_flashchip
 .data          0x000000003ffe801c        0x0 ./build/sdklib/libmain.a(uart.o)
 .data          0x000000003ffe801c        0x1 ./build/sdklib/libmain.a(user_interface.o)
                0x000000003ffe801c                sdk_dhcpc_flag
 .data          0x000000003ffe801d        0x0 ./build/sdklib/libmain.a(os_cpu_a.o)
 .data          0x000000003ffe801d        0x0 ./build/sdklib/libmain.a(xtensa_context.o)
 .data          0x000000003ffe801d        0x0 ./build/sdklib/libmain.a(timers.o)
 .data          0x000000003ffe801d        0x0 ./build/sdklib/libnet80211.a(ieee80211.o)
 .data          0x000000003ffe801d        0x0 ./build/sdklib/libnet80211.a(ieee80211_crypto.o)
 .data          0x000000003ffe801d        0x0 ./build/sdklib/libnet80211.a(ieee80211_hostap.o)
 .data          0x000000003ffe801d        0x0 ./build/sdklib/libnet80211.a(ieee80211_ht.o)
 .data          0x000000003ffe801d        0x0 ./build/sdklib/libnet80211.a(ieee80211_input.o)
 .data          0x000000003ffe801d        0x0 ./build/sdklib/libnet80211.a(ieee80211_output.o)
 *fill*         0x000000003ffe801d        0x3 
 .data          0x000000003ffe8020      0x1a8 ./build/sdklib/libnet80211.a(ieee80211_phy.o)
 .data          0x000000003ffe81c8        0x0 ./build/sdklib/libnet80211.a(ieee80211_power.o)
 .data          0x000000003ffe81c8        0x6 ./build/sdklib/libnet80211.a(ieee80211_proto.o)
                0x000000003ffe81c8                sdk_ieee80211_addr_bcast
 .data          0x000000003ffe81ce        0x0 ./build/sdklib/libnet80211.a(ieee80211_scan.o)
 .data          0x000000003ffe81ce        0x0 ./build/sdklib/libnet80211.a(ieee80211_sta.o)
 .data          0x000000003ffe81ce        0x0 ./build/sdklib/libnet80211.a(wl_chm.o)
 .data          0x000000003ffe81ce        0x0 ./build/sdklib/libnet80211.a(wl_cnx.o)
 *fill*         0x000000003ffe81ce        0x2 
 .data          0x000000003ffe81d0       0x1c ./build/sdklib/libnet80211.a(ieee80211_action.o)
 .data          0x000000003ffe81ec        0x0 ./build/sdklib/libnet80211.a(ieee80211_ets.o)
 .data          0x000000003ffe81ec        0x0 ./build/sdklib/libphy.a(phy.o)
 .data          0x000000003ffe81ec        0x0 ./build/sdklib/libphy.a(phy_chip_v6_ana.o)
 *fill*         0x000000003ffe81ec        0x4 
 .data          0x000000003ffe81f0       0x53 ./build/sdklib/libphy.a(phy_chip_v6.o)
                0x000000003ffe81f2                sdk_tx_rf_ana_gain
                0x000000003ffe8214                sdk_tx_pwctrl_atten_init_en
                0x000000003ffe8220                sdk_rx_gain_swp
                0x000000003ffe8240                sdk_test_rffreq_txcap
 *fill*         0x000000003ffe8243        0xd 
 .data          0x000000003ffe8250       0x90 ./build/sdklib/libphy.a(phy_chip_v6_cal.o)
                0x000000003ffe8250                sdk_dpd_index
                0x000000003ffe82b0                sdk_dpd_db2linear
 .data          0x000000003ffe82e0        0x0 ./build/sdklib/libphy.a(phy_chip_v6_unused.o)
 .data          0x000000003ffe82e0        0x4 ./build/sdklib/libphy.a(phy_sleep.o)
                0x000000003ffe82e0                sdk_chip_version
 .data          0x000000003ffe82e4      0x11c ./build/sdklib/libphy.a(phy_chip_v5_romfunc.o)
                0x000000003ffe82e4                sdk_g_phyFuns
                0x000000003ffe82e8                sdk_g_phyFuns_instance
 .data          0x000000003ffe8400        0x0 ./build/sdklib/libphy.a(phy_chip_v5_ana_romfunc.o)
 .data          0x000000003ffe8400        0x7 ./build/sdklib/libphy.a(phy_chip_v5_cal_romfunc.o)
 .data          0x000000003ffe8407        0x0 ./build/sdklib/libpp.a(esf_buf.o)
 .data          0x000000003ffe8407        0x0 ./build/sdklib/libpp.a(if_hwctrl.o)
 .data          0x000000003ffe8407        0x0 ./build/sdklib/libpp.a(lmac.o)
 *fill*         0x000000003ffe8407        0x1 
 .data          0x000000003ffe8408        0x1 ./build/sdklib/libpp.a(pm.o)
 *fill*         0x000000003ffe8409        0x3 
 .data          0x000000003ffe840c       0x10 ./build/sdklib/libpp.a(pp.o)
                0x000000003ffe840c                sdk_NoiseTimerInterval
                0x000000003ffe8414                sdk_sleep_start_wait_time
 *fill*         0x000000003ffe841c        0x4 
 .data          0x000000003ffe8420       0x40 ./build/sdklib/libpp.a(rate_control.o)
 .data          0x000000003ffe8460      0x22c ./build/sdklib/libpp.a(trc.o)
 *fill*         0x000000003ffe868c        0x4 
 .data          0x000000003ffe8690       0x10 ./build/sdklib/libpp.a(wdev.o)
 .data          0x000000003ffe86a0        0x0 ./build/sdklib/libwpa.a(ap_config.o)
 .data          0x000000003ffe86a0        0x0 ./build/sdklib/libwpa.a(common.o)
 .data          0x000000003ffe86a0        0x0 ./build/sdklib/libwpa.a(os_xtensa.o)
 .data          0x000000003ffe86a0        0x0 ./build/sdklib/libwpa.a(sha1-pbkdf2.o)
 .data          0x000000003ffe86a0        0x0 ./build/sdklib/libwpa.a(wpa_auth.o)
 .data          0x000000003ffe86a0        0x0 ./build/sdklib/libwpa.a(wpa_auth_ie.o)
 .data          0x000000003ffe86a0        0x0 ./build/sdklib/libwpa.a(wpa.o)
 .data          0x000000003ffe86a0        0x0 ./build/sdklib/libwpa.a(wpa_common.o)
 .data          0x000000003ffe86a0        0x0 ./build/sdklib/libwpa.a(wpa_debug.o)
 .data          0x000000003ffe86a0        0x0 ./build/sdklib/libwpa.a(wpa_ie.o)
 .data          0x000000003ffe86a0        0x0 ./build/sdklib/libwpa.a(wpa_main.o)
 .data          0x000000003ffe86a0        0x0 ./build/sdklib/libwpa.a(wpas_glue.o)
 .data          0x000000003ffe86a0        0x0 ./build/sdklib/libwpa.a(aes-unwrap.o)
 .data          0x000000003ffe86a0        0x0 ./build/sdklib/libwpa.a(aes-wrap.o)
 .data          0x000000003ffe86a0        0x0 ./build/sdklib/libwpa.a(md5.o)
 .data          0x000000003ffe86a0        0x0 ./build/sdklib/libwpa.a(md5-internal.o)
 .data          0x000000003ffe86a0        0x0 ./build/sdklib/libwpa.a(rc4.o)
 .data          0x000000003ffe86a0        0x0 ./build/sdklib/libwpa.a(sha1.o)
 .data          0x000000003ffe86a0        0x0 ./build/sdklib/libwpa.a(sha1-internal.o)
 .data          0x000000003ffe86a0        0x0 ./build/sdklib/libwpa.a(aes-internal-dec.o)
 .data          0x000000003ffe86a0        0x0 ./build/sdklib/libwpa.a(aes-internal-enc.o)
 .data          0x000000003ffe86a0        0x0 ./build/sdklib/libwpa.a(aes-internal.o)
 .data          0x000000003ffe86a0        0x0 ./build/program.a(simple.o)
 .data          0x000000003ffe86a0        0x0 ./build/freertos.a(queue.o)
 .data          0x000000003ffe86a0        0x4 ./build/freertos.a(tasks.o)
 .data          0x000000003ffe86a4        0x0 ./build/freertos.a(timers.o)
 .data          0x000000003ffe86a4        0x0 ./build/freertos.a(port.o)
 .data          0x000000003ffe86a4        0x0 ./build/freertos.a(list.o)
 .data          0x000000003ffe86a4        0x0 ./build/lwip.a(esp_interface.o)
 .data          0x000000003ffe86a4        0x0 ./build/lwip.a(tcpip.o)
 .data          0x000000003ffe86a4        0x4 ./build/lwip.a(dhcp.o)
 .data          0x000000003ffe86a8        0x0 ./build/lwip.a(dns.o)
 .data          0x000000003ffe86a8        0x0 ./build/lwip.a(init.o)
 .data          0x000000003ffe86a8        0x0 ./build/lwip.a(memp.o)
 .data          0x000000003ffe86a8        0x0 ./build/lwip.a(netif.o)
 .data          0x000000003ffe86a8        0x0 ./build/lwip.a(pbuf.o)
 .data          0x000000003ffe86a8        0x0 ./build/lwip.a(stats.o)
 .data          0x000000003ffe86a8        0x6 ./build/lwip.a(tcp.o)
 .data          0x000000003ffe86ae        0x0 ./build/lwip.a(tcp_out.o)
 .data          0x000000003ffe86ae        0x0 ./build/lwip.a(timers.o)
 .data          0x000000003ffe86ae        0x2 ./build/lwip.a(udp.o)
 .data          0x000000003ffe86b0        0x0 ./build/lwip.a(icmp.o)
 .data          0x000000003ffe86b0        0x0 ./build/lwip.a(inet_chksum.o)
 .data          0x000000003ffe86b0        0x0 ./build/lwip.a(ip_addr.o)
 .data          0x000000003ffe86b0        0x0 ./build/lwip.a(ip.o)
 .data          0x000000003ffe86b0        0x0 ./build/lwip.a(ip_frag.o)
 .data          0x000000003ffe86b0        0x0 ./build/lwip.a(etharp.o)
 .data          0x000000003ffe86b0        0x0 ./build/lwip.a(sys_arch.o)
 .data          0x000000003ffe86b0        0x0 ./build/lwip.a(sockets.o)
 .data          0x000000003ffe86b0        0x0 ./build/lwip.a(raw.o)
 .data          0x000000003ffe86b0        0x0 ./build/lwip.a(tcp_in.o)
 .data          0x000000003ffe86b0        0x0 ./build/lwip.a(api_lib.o)
 .data          0x000000003ffe86b0        0x0 ./build/lwip.a(api_msg.o)
 .data          0x000000003ffe86b0        0x0 ./build/lwip.a(netbuf.o)
 .data          0x000000003ffe86b0        0x0 ./build/core.a(sdk_compat.o)
 .data          0x000000003ffe86b0        0x0 /root/ESP8266/esp-open-sdk/xtensa-lx106-elf/xtensa-lx106-elf/sysroot/usr/lib/libhal.a(clock.o)
 .data          0x000000003ffe86b0        0x0 /root/ESP8266/esp-open-sdk/xtensa-lx106-elf/xtensa-lx106-elf/sysroot/usr/lib/libhal.a(int_asm--set_intset.o)
 .data          0x000000003ffe86b0        0x0 /root/ESP8266/esp-open-sdk/xtensa-lx106-elf/lib/gcc/xtensa-lx106-elf/4.8.2/libgcc.a(_divsi3.o)
 .data          0x000000003ffe86b0        0x0 /root/ESP8266/esp-open-sdk/xtensa-lx106-elf/lib/gcc/xtensa-lx106-elf/4.8.2/libgcc.a(_modsi3.o)
 .data          0x000000003ffe86b0        0x0 /root/ESP8266/esp-open-sdk/xtensa-lx106-elf/lib/gcc/xtensa-lx106-elf/4.8.2/libgcc.a(_udivsi3.o)
 .data          0x000000003ffe86b0        0x0 /root/ESP8266/esp-open-sdk/xtensa-lx106-elf/lib/gcc/xtensa-lx106-elf/4.8.2/libgcc.a(_umodsi3.o)
 .data          0x000000003ffe86b0        0x0 /root/ESP8266/esp-open-sdk/xtensa-lx106-elf/lib/gcc/xtensa-lx106-elf/4.8.2/libgcc.a(_ashrdi3.o)
 .data          0x000000003ffe86b0        0x0 /root/ESP8266/esp-open-sdk/xtensa-lx106-elf/lib/gcc/xtensa-lx106-elf/4.8.2/libgcc.a(_addsubsf3.o)
 .data          0x000000003ffe86b0        0x0 /root/ESP8266/esp-open-sdk/xtensa-lx106-elf/lib/gcc/xtensa-lx106-elf/4.8.2/libgcc.a(_mulsf3.o)
 .data          0x000000003ffe86b0        0x0 /root/ESP8266/esp-open-sdk/xtensa-lx106-elf/lib/gcc/xtensa-lx106-elf/4.8.2/libgcc.a(_divsf3.o)
 .data          0x000000003ffe86b0        0x0 /root/ESP8266/esp-open-sdk/xtensa-lx106-elf/lib/gcc/xtensa-lx106-elf/4.8.2/libgcc.a(_fixsfsi.o)
 .data          0x000000003ffe86b0        0x0 /root/ESP8266/esp-open-sdk/xtensa-lx106-elf/lib/gcc/xtensa-lx106-elf/4.8.2/libgcc.a(_fixunssfsi.o)
 .data          0x000000003ffe86b0        0x0 /root/ESP8266/esp-open-sdk/xtensa-lx106-elf/lib/gcc/xtensa-lx106-elf/4.8.2/libgcc.a(_floatsisf.o)
 .data          0x000000003ffe86b0        0x0 /root/ESP8266/esp-open-sdk/xtensa-lx106-elf/lib/gcc/xtensa-lx106-elf/4.8.2/libgcc.a(_addsubdf3.o)
 .data          0x000000003ffe86b0        0x0 /root/ESP8266/esp-open-sdk/xtensa-lx106-elf/lib/gcc/xtensa-lx106-elf/4.8.2/libgcc.a(_muldf3.o)
 .data          0x000000003ffe86b0        0x0 /root/ESP8266/esp-open-sdk/xtensa-lx106-elf/lib/gcc/xtensa-lx106-elf/4.8.2/libgcc.a(_divdf3.o)
 .data          0x000000003ffe86b0        0x0 /root/ESP8266/esp-open-sdk/xtensa-lx106-elf/lib/gcc/xtensa-lx106-elf/4.8.2/libgcc.a(_fixdfsi.o)
 .data          0x000000003ffe86b0        0x0 /root/ESP8266/esp-open-sdk/xtensa-lx106-elf/lib/gcc/xtensa-lx106-elf/4.8.2/libgcc.a(_floatsidf.o)
 .data          0x000000003ffe86b0        0x0 /root/ESP8266/esp-open-sdk/xtensa-lx106-elf/lib/gcc/xtensa-lx106-elf/4.8.2/libgcc.a(_truncdfsf2.o)
 .data          0x000000003ffe86b0        0x0 /root/ESP8266/esp-open-sdk/xtensa-lx106-elf/lib/gcc/xtensa-lx106-elf/4.8.2/libgcc.a(_extendsfdf2.o)
 .data          0x000000003ffe86b0        0x0 /root/ESP8266/esp-open-sdk/xtensa-lx106-elf/lib/gcc/xtensa-lx106-elf/4.8.2/libgcc.a(_muldi3.o)
 .data          0x000000003ffe86b0        0x0 /root/ESP8266/esp-open-sdk/xtensa-lx106-elf/lib/gcc/xtensa-lx106-elf/4.8.2/libgcc.a(_popcountsi2.o)
 .data          0x000000003ffe86b0        0x0 /root/ESP8266/esp-open-sdk/xtensa-lx106-elf/lib/gcc/xtensa-lx106-elf/4.8.2/libgcc.a(_divdi3.o)
 .data          0x000000003ffe86b0        0x0 /root/ESP8266/esp-open-sdk/xtensa-lx106-elf/lib/gcc/xtensa-lx106-elf/4.8.2/libgcc.a(_umoddi3.o)
 .data          0x000000003ffe86b0        0x0 /root/ESP8266/esp-open-sdk/xtensa-lx106-elf/lib/gcc/xtensa-lx106-elf/4.8.2/libgcc.a(_umulsidi3.o)
 .data          0x000000003ffe86b0        0x0 /root/ESP8266/esp-open-sdk/xtensa-lx106-elf/lib/gcc/xtensa-lx106-elf/4.8.2/libgcc.a(_popcount_tab.o)
 .data          0x000000003ffe86b0        0x0 ../../libc/xtensa-lx106-elf/lib/libc.a(lib_a-bzero.o)
 .data          0x000000003ffe86b0        0x0 ../../libc/xtensa-lx106-elf/lib/libc.a(lib_a-calloc.o)
 .data          0x000000003ffe86b0      0x430 ../../libc/xtensa-lx106-elf/lib/libc.a(lib_a-impure.o)
                0x000000003ffe86b0                _impure_ptr
 .data          0x000000003ffe8ae0        0x0 ../../libc/xtensa-lx106-elf/lib/libc.a(lib_a-malloc.o)
 .data          0x000000003ffe8ae0        0x0 ../../libc/xtensa-lx106-elf/lib/libc.a(lib_a-memcmp.o)
 .data          0x000000003ffe8ae0        0x0 ../../libc/xtensa-lx106-elf/lib/libc.a(lib_a-memcpy.o)
 .data          0x000000003ffe8ae0        0x0 ../../libc/xtensa-lx106-elf/lib/libc.a(lib_a-memset.o)
 .data          0x000000003ffe8ae0        0x0 ../../libc/xtensa-lx106-elf/lib/libc.a(lib_a-mstats.o)
 .data          0x000000003ffe8ae0        0x0 ../../libc/xtensa-lx106-elf/lib/libc.a(lib_a-nano-callocr.o)
 .data          0x000000003ffe8ae0        0x0 ../../libc/xtensa-lx106-elf/lib/libc.a(lib_a-nano-freer.o)
 .data          0x000000003ffe8ae0        0x0 ../../libc/xtensa-lx106-elf/lib/libc.a(lib_a-nano-mallinfor.o)
 .data          0x000000003ffe8ae0        0x0 ../../libc/xtensa-lx106-elf/lib/libc.a(lib_a-nano-mallocr.o)
 .data          0x000000003ffe8ae0        0x0 ../../libc/xtensa-lx106-elf/lib/libc.a(lib_a-nano-malloptr.o)
 .data          0x000000003ffe8ae0        0x0 ../../libc/xtensa-lx106-elf/lib/libc.a(lib_a-nano-mallstatsr.o)
 .data          0x000000003ffe8ae0        0x0 ../../libc/xtensa-lx106-elf/lib/libc.a(lib_a-printf.o)
 .data          0x000000003ffe8ae0        0x0 ../../libc/xtensa-lx106-elf/lib/libc.a(lib_a-puts.o)
 .data          0x000000003ffe8ae0        0x0 ../../libc/xtensa-lx106-elf/lib/libc.a(lib_a-rand.o)
 .data          0x000000003ffe8ae0        0x0 ../../libc/xtensa-lx106-elf/lib/libc.a(lib_a-sprintf.o)
 .data          0x000000003ffe8ae0        0x0 ../../libc/xtensa-lx106-elf/lib/libc.a(lib_a-strcmp.o)
 .data          0x000000003ffe8ae0        0x0 ../../libc/xtensa-lx106-elf/lib/libc.a(lib_a-strlen.o)
 .data          0x000000003ffe8ae0        0x0 ../../libc/xtensa-lx106-elf/lib/libc.a(lib_a-strncmp.o)
 .data          0x000000003ffe8ae0        0x0 ../../libc/xtensa-lx106-elf/lib/libc.a(lib_a-strncpy.o)
 .data          0x000000003ffe8ae0        0x0 ../../libc/xtensa-lx106-elf/lib/libc.a(lib_a-strrchr.o)
 .data          0x000000003ffe8ae0        0x0 ../../libc/xtensa-lx106-elf/lib/libc.a(lib_a-syssbrk.o)
 .data          0x000000003ffe8ae0        0x0 ../../libc/xtensa-lx106-elf/lib/libc.a(lock.o)
 .data          0x000000003ffe8ae0        0x0 ../../libc/xtensa-lx106-elf/lib/libc.a(lib_a-fprintf.o)
 .data          0x000000003ffe8ae0        0x0 ../../libc/xtensa-lx106-elf/lib/libc.a(lib_a-fvwrite.o)
 .data          0x000000003ffe8ae0        0x0 ../../libc/xtensa-lx106-elf/lib/libc.a(lib_a-memchr.o)
 .data          0x000000003ffe8ae0        0x0 ../../libc/xtensa-lx106-elf/lib/libc.a(lib_a-memmove.o)
 .data          0x000000003ffe8ae0        0x0 ../../libc/xtensa-lx106-elf/lib/libc.a(lib_a-nano-reallocr.o)
 .data          0x000000003ffe8ae0        0x0 ../../libc/xtensa-lx106-elf/lib/libc.a(lib_a-nano-svfprintf.o)
 .data          0x000000003ffe8ae0        0x0 ../../libc/xtensa-lx106-elf/lib/libc.a(lib_a-nano-vfprintf_i.o)
 .data          0x000000003ffe8ae0        0x0 ../../libc/xtensa-lx106-elf/lib/libc.a(lib_a-nano-vfprintf.o)
 .data          0x000000003ffe8ae0        0x0 ../../libc/xtensa-lx106-elf/lib/libc.a(lib_a-strchr.o)
 .data          0x000000003ffe8ae0        0x0 ../../libc/xtensa-lx106-elf/lib/libc.a(lib_a-wbuf.o)
 .data          0x000000003ffe8ae0        0x0 ../../libc/xtensa-lx106-elf/lib/libc.a(lib_a-wsetup.o)
 .data          0x000000003ffe8ae0        0x0 ../../libc/xtensa-lx106-elf/lib/libc.a(lib_a-fflush.o)
 .data          0x000000003ffe8ae0        0x0 ../../libc/xtensa-lx106-elf/lib/libc.a(lib_a-findfp.o)
 .data          0x000000003ffe8ae0        0x0 ../../libc/xtensa-lx106-elf/lib/libc.a(lib_a-fputwc.o)
 .data          0x000000003ffe8ae0        0x0 ../../libc/xtensa-lx106-elf/lib/libc.a(lib_a-fwalk.o)
 .data          0x000000003ffe8ae0       0x7c ../../libc/xtensa-lx106-elf/lib/libc.a(lib_a-locale.o)
                0x000000003ffe8b58                __mb_cur_max
 .data          0x000000003ffe8b5c        0x0 ../../libc/xtensa-lx106-elf/lib/libc.a(lib_a-makebuf.o)
 .data          0x000000003ffe8b5c        0x0 ../../libc/xtensa-lx106-elf/lib/libc.a(lib_a-nano-msizer.o)
 .data          0x000000003ffe8b5c        0x0 ../../libc/xtensa-lx106-elf/lib/libc.a(lib_a-stdio.o)
 .data          0x000000003ffe8b5c        0x0 ../../libc/xtensa-lx106-elf/lib/libc.a(lib_a-wcrtomb.o)
 .data          0x000000003ffe8b5c        0x4 ../../libc/xtensa-lx106-elf/lib/libc.a(lib_a-wctomb_r.o)
                0x000000003ffe8b5c                __wctomb
 .data          0x000000003ffe8b60        0x0 ../../libc/xtensa-lx106-elf/lib/libc.a(isatty.o)
 .data          0x000000003ffe8b60        0x0 ../../libc/xtensa-lx106-elf/lib/libc.a(lib_a-fclose.o)
 .data          0x000000003ffe8b60       0x18 ./build/sdklib/libnet80211.a(ieee80211_crypto_ccmp.o)
                0x000000003ffe8b60                sdk_ccmp
 .data          0x000000003ffe8b78       0x18 ./build/sdklib/libnet80211.a(ieee80211_crypto_tkip.o)
                0x000000003ffe8b78                sdk_tkip
 .data          0x000000003ffe8b90       0x18 ./build/sdklib/libnet80211.a(ieee80211_crypto_wep.o)
                0x000000003ffe8b90                sdk_wep
 .data          0x000000003ffe8ba8        0x0 ./build/core.a(newlib_syscalls.o)
 *(.data.*)
 *(.gnu.linkonce.d.*)
 *(.data1)
 *(.sdata)
 *(.sdata.*)
 *(.gnu.linkonce.s.*)
 *(.sdata2)
 *(.sdata2.*)
 *(.gnu.linkonce.s2.*)
 *(.jcr)
                0x000000003ffe8ba8                _data_end = ABSOLUTE (.)

.rodata         0x000000003ffe8bb0     0x13e4
                0x000000003ffe8bb0                _rodata_start = ABSOLUTE (.)
 *(.rodata)
 .rodata        0x000000003ffe8bb0        0x8 ./build/sdklib/libnet80211.a(ieee80211.o)
                0x000000003ffe8bb0                sdk_ieee80211_opcap
 .rodata        0x000000003ffe8bb8        0x4 ./build/sdklib/libnet80211.a(ieee80211_hostap.o)
 .rodata        0x000000003ffe8bbc        0x4 ./build/sdklib/libnet80211.a(ieee80211_output.o)
 .rodata        0x000000003ffe8bc0       0x70 ./build/sdklib/libnet80211.a(ieee80211_proto.o)
 .rodata        0x000000003ffe8c30        0x8 ./build/sdklib/libnet80211.a(wl_cnx.o)
 .rodata        0x000000003ffe8c38        0x8 ./build/sdklib/libphy.a(phy_chip_v6_ana.o)
 .rodata        0x000000003ffe8c40        0x8 ./build/sdklib/libphy.a(phy_chip_v6.o)
 *fill*         0x000000003ffe8c48        0x8 
 .rodata        0x000000003ffe8c50       0x10 ./build/sdklib/libphy.a(phy_chip_v5_romfunc.o)
 .rodata        0x000000003ffe8c60        0xc ./build/sdklib/libphy.a(phy_chip_v5_ana_romfunc.o)
 *fill*         0x000000003ffe8c6c        0x4 
 .rodata        0x000000003ffe8c70        0x6 ./build/sdklib/libwpa.a(ap_config.o)
 *fill*         0x000000003ffe8c76        0x2 
 .rodata        0x000000003ffe8c78       0x14 ./build/sdklib/libwpa.a(wpa_auth.o)
 *fill*         0x000000003ffe8c8c        0x4 
 .rodata        0x000000003ffe8c90        0x8 ./build/sdklib/libwpa.a(wpa.o)
 *fill*         0x000000003ffe8c98        0x8 
 .rodata        0x000000003ffe8ca0        0xc ./build/sdklib/libwpa.a(wpa_common.o)
 .rodata        0x000000003ffe8cac        0x2 ./build/sdklib/libwpa.a(sha1-internal.o)
 *fill*         0x000000003ffe8cae        0x2 
 .rodata        0x000000003ffe8cb0        0xa ./build/sdklib/libwpa.a(aes-internal.o)
                0x000000003ffe8cb0                sdk_rcons
 *fill*         0x000000003ffe8cba        0x2 
 .rodata        0x000000003ffe8cbc       0x14 ./build/freertos.a(tasks.o)
 .rodata        0x000000003ffe8cd0       0x18 ./build/lwip.a(tcpip.o)
 .rodata        0x000000003ffe8ce8       0xf0 ./build/lwip.a(dhcp.o)
 .rodata        0x000000003ffe8dd8       0x1c ./build/lwip.a(memp.o)
                0x000000003ffe8dd8                memp_sizes
 .rodata        0x000000003ffe8df4       0x14 ./build/lwip.a(pbuf.o)
 .rodata        0x000000003ffe8e08       0x74 ./build/lwip.a(tcp.o)
                0x000000003ffe8e28                tcp_pcb_lists
                0x000000003ffe8e38                tcp_persist_backoff
                0x000000003ffe8e40                tcp_backoff
                0x000000003ffe8e50                tcp_state_str
 .rodata        0x000000003ffe8e7c        0x8 ./build/lwip.a(ip_addr.o)
                0x000000003ffe8e7c                ip_addr_broadcast
                0x000000003ffe8e80                ip_addr_any
 .rodata        0x000000003ffe8e84        0xe ./build/lwip.a(etharp.o)
                0x000000003ffe8e84                ethzero
                0x000000003ffe8e8c                ethbroadcast
 *fill*         0x000000003ffe8e92        0x2 
 .rodata        0x000000003ffe8e94       0x84 ./build/lwip.a(sockets.o)
 .rodata        0x000000003ffe8f18       0x20 ./build/lwip.a(tcp_in.o)
 .rodata        0x000000003ffe8f38      0x100 /root/ESP8266/esp-open-sdk/xtensa-lx106-elf/lib/gcc/xtensa-lx106-elf/4.8.2/libgcc.a(_popcount_tab.o)
                0x000000003ffe8f38                __popcount_tab
 .rodata        0x000000003ffe9038        0x4 ../../libc/xtensa-lx106-elf/lib/libc.a(lib_a-impure.o)
                0x000000003ffe9038                _global_impure_ptr
 *(.rodata.*)
 .rodata.str1.4
                0x000000003ffe903c      0x165 ./build/sdklib/libmain.a(app_main.o)
                                        0x169 (size before relaxing)
 *fill*         0x000000003ffe91a1        0x3 
 .rodata.str1.4
                0x000000003ffe91a4       0x7b ./build/sdklib/libmain.a(ets_timer.o)
 *fill*         0x000000003ffe921f        0x1 
 .rodata.str1.4
                0x000000003ffe9220      0x18f ./build/sdklib/libmain.a(user_interface.o)
                                        0x1a2 (size before relaxing)
 *fill*         0x000000003ffe93af        0x1 
 .rodata.str1.4
                0x000000003ffe93b0       0x3f ./build/sdklib/libmain.a(timers.o)
 *fill*         0x000000003ffe93ef        0x1 
 .rodata.str1.4
                0x000000003ffe93f0       0x3f ./build/sdklib/libnet80211.a(ieee80211.o)
                                         0x4a (size before relaxing)
 *fill*         0x000000003ffe942f        0x1 
 .rodata.str1.4
                0x000000003ffe9430       0x19 ./build/sdklib/libnet80211.a(ieee80211_ht.o)
 *fill*         0x000000003ffe9449        0x3 
 .rodata.str1.4
                0x000000003ffe944c       0x27 ./build/sdklib/libnet80211.a(ieee80211_output.o)
                                         0x2f (size before relaxing)
 *fill*         0x000000003ffe9473        0x1 
 .rodata.str1.4
                0x000000003ffe9474       0x24 ./build/sdklib/libnet80211.a(ieee80211_scan.o)
 .rodata.str1.4
                0x000000003ffe9498       0x99 ./build/sdklib/libnet80211.a(wl_cnx.o)
 *fill*         0x000000003ffe9531        0x3 
 .rodata.str1.4
                0x000000003ffe9534       0x3d ./build/sdklib/libphy.a(phy_chip_v6_ana.o)
                                         0x45 (size before relaxing)
 *fill*         0x000000003ffe9571        0x3 
 .rodata.str1.4
                0x000000003ffe9574       0xca ./build/sdklib/libphy.a(phy_chip_v6.o)
                                         0xce (size before relaxing)
 *fill*         0x000000003ffe963e        0x2 
 .rodata.str1.4
                0x000000003ffe9640      0x179 ./build/sdklib/libphy.a(phy_chip_v6_cal.o)
 *fill*         0x000000003ffe97b9        0x3 
 .rodata.str1.4
                0x000000003ffe97bc       0x1d ./build/sdklib/libphy.a(phy_chip_v6_unused.o)
 *fill*         0x000000003ffe97d9        0x3 
 .rodata.str1.4
                0x000000003ffe97dc       0x22 ./build/sdklib/libphy.a(phy_chip_v5_romfunc.o)
 *fill*         0x000000003ffe97fe        0x2 
 .rodata.str1.4
                0x000000003ffe9800       0xbd ./build/sdklib/libphy.a(phy_chip_v5_cal_romfunc.o)
                                         0xe5 (size before relaxing)
 *fill*         0x000000003ffe98bd        0x3 
 .rodata.str1.4
                0x000000003ffe98c0       0x44 ./build/sdklib/libpp.a(if_hwctrl.o)
 .rodata.str1.4
                0x000000003ffe9904       0x2b ./build/sdklib/libpp.a(lmac.o)
                                         0x33 (size before relaxing)
 *fill*         0x000000003ffe992f        0x1 
 .rodata.str1.4
                0x000000003ffe9930      0x30a ./build/sdklib/libpp.a(pm.o)
                                        0x326 (size before relaxing)
 *fill*         0x000000003ffe9c3a        0x2 
 .rodata.str1.4
                0x000000003ffe9c3c       0x74 ./build/sdklib/libpp.a(pp.o)
                                         0x7c (size before relaxing)
 .rodata.str1.4
                0x000000003ffe9cb0       0x39 ./build/sdklib/libpp.a(trc.o)
 *fill*         0x000000003ffe9ce9        0x3 
 .rodata.str1.4
                0x000000003ffe9cec        0x7 ./build/sdklib/libpp.a(wdev.o)
                                          0xf (size before relaxing)
 *fill*         0x000000003ffe9cf3        0x1 
 .rodata.str1.4
                0x000000003ffe9cf4       0x3c ./build/sdklib/libwpa.a(wpa_auth.o)
                                         0x43 (size before relaxing)
 .rodata.str1.4
                0x0000000000000000       0x17 ./build/sdklib/libwpa.a(wpa.o)
 .rodata.str1.4
                0x000000003ffe9d30        0x9 ./build/sdklib/libwpa.a(wpa_common.o)
 *fill*         0x000000003ffe9d39        0x3 
 .rodata.str1.4
                0x000000003ffe9d3c       0x36 ./build/sdklib/libwpa.a(wpa_main.o)
 *fill*         0x000000003ffe9d72        0x2 
 .rodata.str1.4
                0x000000003ffe9d74        0x2 ./build/sdklib/libwpa.a(sha1-internal.o)
 *fill*         0x000000003ffe9d76        0x2 
 .rodata.str1.4
                0x000000003ffe9d78       0x59 ./build/program.a(simple.o)
 *fill*         0x000000003ffe9dd1        0x3 
 .rodata.str1.4
                0x000000003ffe9dd4        0x5 ./build/freertos.a(tasks.o)
 *fill*         0x000000003ffe9dd9        0x3 
 .rodata.str1.4
                0x000000003ffe9ddc        0x8 ./build/freertos.a(timers.o)
 .rodata.str1.4
                0x000000003ffe9de4        0xd ./build/lwip.a(tcpip.o)
 *fill*         0x000000003ffe9df1        0x3 
 .rodata.str1.4
                0x000000003ffe9df4        0xf ./build/lwip.a(dns.o)
 *fill*         0x000000003ffe9e03        0x1 
 .rodata.str1.4
                0x000000003ffe9e04       0x78 ./build/lwip.a(tcp.o)
                                         0x76 (size before relaxing)
 .rodata.str1.1
                0x000000003ffe9e7c        0x2 ../../libc/xtensa-lx106-elf/lib/libc.a(lib_a-impure.o)
 .rodata.str1.1
                0x000000003ffe9e7e       0x21 ../../libc/xtensa-lx106-elf/lib/libc.a(lib_a-mstats.o)
 .rodata.str1.1
                0x000000003ffe9e9f       0x4b ../../libc/xtensa-lx106-elf/lib/libc.a(lib_a-nano-mallstatsr.o)
 .rodata.str1.1
                0x0000000000000000       0x4b ../../libc/xtensa-lx106-elf/lib/libc.a(lib_a-puts.o)
                                          0x2 (size before relaxing)
 .rodata.str1.1
                0x000000003ffe9eea       0x11 ../../libc/xtensa-lx106-elf/lib/libc.a(lib_a-nano-svfprintf.o)
 .rodata.str1.1
                0x000000003ffe9efb       0x22 ../../libc/xtensa-lx106-elf/lib/libc.a(lib_a-nano-vfprintf_i.o)
 .rodata.str1.1
                0x0000000000000000       0x11 ../../libc/xtensa-lx106-elf/lib/libc.a(lib_a-nano-vfprintf.o)
 .rodata.str1.1
                0x000000003ffe9f1d        0x8 ../../libc/xtensa-lx106-elf/lib/libc.a(lib_a-locale.o)
                                          0xb (size before relaxing)
 *(.gnu.linkonce.r.*)
 *(.rodata1)
                0x000000003ffe9f25                __XT_EXCEPTION_TABLE__ = ABSOLUTE (.)
 *(.xt_except_table)
 *(.gcc_except_table)
 *(.gnu.linkonce.e.*)
 *(.gnu.version_r)
 *(.eh_frame)
 *fill*         0x000000003ffe9f25        0x3 
 .eh_frame      0x000000003ffe9f28       0x38 /root/ESP8266/esp-open-sdk/xtensa-lx106-elf/lib/gcc/xtensa-lx106-elf/4.8.2/libgcc.a(_divdi3.o)
 .eh_frame      0x000000003ffe9f60       0x2c /root/ESP8266/esp-open-sdk/xtensa-lx106-elf/lib/gcc/xtensa-lx106-elf/4.8.2/libgcc.a(_umoddi3.o)
                                         0x3c (size before relaxing)
                0x000000003ffe9f8c                . = ((. + 0x3) & 0xfffffffffffffffc)
                0x000000003ffe9f8c                __init_array_start = ABSOLUTE (.)
 *crtbegin.o(.ctors)
 *(EXCLUDE_FILE(*crtend.o) .ctors)
 *(SORT(.ctors.*))
 *(.ctors)
                0x000000003ffe9f8c                __init_array_end = ABSOLUTE (.)
 *crtbegin.o(.dtors)
 *(EXCLUDE_FILE(*crtend.o) .dtors)
 *(SORT(.dtors.*))
 *(.dtors)
                0x000000003ffe9f8c                __XT_EXCEPTION_DESCS__ = ABSOLUTE (.)
 *(.xt_except_desc)
 *(.gnu.linkonce.h.*)
                0x000000003ffe9f8c                __XT_EXCEPTION_DESCS_END__ = ABSOLUTE (.)
 *(.xt_except_desc_end)
 *(.dynamic)
 *(.gnu.version_d)
                0x000000003ffe9f8c                . = ALIGN (0x4)
                0x000000003ffe9f8c                _bss_table_start = ABSOLUTE (.)
                0x000000003ffe9f8c        0x4 LONG 0x3ffe9f98 _bss_start
                0x000000003ffe9f90        0x4 LONG 0x3fff25a8 _bss_end
                0x000000003ffe9f94                _bss_table_end = ABSOLUTE (.)
                0x000000003ffe9f94                _rodata_end = ABSOLUTE (.)

.bss            0x000000003ffe9f98     0x8610
                0x000000003ffe9f98                . = ALIGN (0x8)
                0x000000003ffe9f98                _bss_start = ABSOLUTE (.)
 *(.dynsbss)
 *(.sbss)
 *(.sbss.*)
 *(.gnu.linkonce.sb.*)
 *(.scommon)
 *(.sbss2)
 *(.sbss2.*)
 *(.gnu.linkonce.sb2.*)
 *(.dynbss)
 *(.bss)
 .bss           0x000000003ffe9f98      0x474 ./build/core.a(exception_vectors.o)
                0x000000003ffea408                NMIHandlerAddress
 .bss           0x000000003ffea40c       0x30 ./build/sdklib/libmain.a(app_main.o)
                0x000000003ffea40c                sdk_user_init_flag
                0x000000003ffea410                sdk_info
                0x000000003ffea434                sdk_xUserTaskHandle
                0x000000003ffea438                sdk_xWatchDogTaskHandle
 *fill*         0x000000003ffea43c        0x4 
 .bss           0x000000003ffea440       0x40 ./build/sdklib/libmain.a(ets_timer.o)
                0x000000003ffea448                sdk_debug_timer
                0x000000003ffea44c                sdk_debug_timerfn
 .bss           0x000000003ffea480        0x4 ./build/sdklib/libmain.a(misc.o)
                0x000000003ffea480                sdk__putc1
 .bss           0x000000003ffea484        0x0 ./build/sdklib/libmain.a(spi_flash.o)
 .bss           0x000000003ffea484        0x0 ./build/sdklib/libmain.a(uart.o)
 *fill*         0x000000003ffea484        0xc 
 .bss           0x000000003ffea490      0x131 ./build/sdklib/libmain.a(user_interface.o)
                0x000000003ffea589                sdk_cpu_overclock
                0x000000003ffea58c                sdk_rst_if
                0x000000003ffea5ac                sdk_promiscuous_cb
 .bss           0x000000003ffea5c1        0x0 ./build/sdklib/libmain.a(os_cpu_a.o)
 .bss           0x000000003ffea5c1        0x0 ./build/sdklib/libmain.a(xtensa_context.o)
 *fill*         0x000000003ffea5c1        0x3 
 .bss           0x000000003ffea5c4        0x5 ./build/sdklib/libmain.a(timers.o)
 *fill*         0x000000003ffea5c9        0x3 
 .bss           0x000000003ffea5cc      0x54c ./build/sdklib/libnet80211.a(ieee80211.o)
                0x000000003ffea5cc                sdk_g_ic
                0x000000003ffeab14                sdk_xieee80211Queue
 .bss           0x000000003ffeab18        0x0 ./build/sdklib/libnet80211.a(ieee80211_crypto.o)
 .bss           0x000000003ffeab18       0x28 ./build/sdklib/libnet80211.a(ieee80211_hostap.o)
                0x000000003ffeab38                sdk_TmpSTAAPCloseAP
                0x000000003ffeab39                sdk_PendFreeBcnEb
 .bss           0x000000003ffeab40        0x0 ./build/sdklib/libnet80211.a(ieee80211_ht.o)
 .bss           0x000000003ffeab40        0x0 ./build/sdklib/libnet80211.a(ieee80211_input.o)
 .bss           0x000000003ffeab40        0x0 ./build/sdklib/libnet80211.a(ieee80211_output.o)
 .bss           0x000000003ffeab40        0x0 ./build/sdklib/libnet80211.a(ieee80211_phy.o)
 .bss           0x000000003ffeab40        0x0 ./build/sdklib/libnet80211.a(ieee80211_power.o)
 .bss           0x000000003ffeab40        0x0 ./build/sdklib/libnet80211.a(ieee80211_proto.o)
 .bss           0x000000003ffeab40       0xe4 ./build/sdklib/libnet80211.a(ieee80211_scan.o)
                0x000000003ffeab40                sdk_gScanStruct
                0x000000003ffeac04                sdk_auth_type
                0x000000003ffeac06                sdk_scannum
 .bss           0x000000003ffeac24        0x0 ./build/sdklib/libnet80211.a(ieee80211_sta.o)
 .bss           0x000000003ffeac24       0x44 ./build/sdklib/libnet80211.a(wl_chm.o)
 .bss           0x000000003ffeac68      0x780 ./build/sdklib/libnet80211.a(wl_cnx.o)
                0x000000003ffeb3c8                sdk_sta_con_timer
                0x000000003ffeb3e4                sdk_g_cnx_probe_rc_list_cb
 .bss           0x000000003ffeb3e8        0x0 ./build/sdklib/libnet80211.a(ieee80211_action.o)
 .bss           0x000000003ffeb3e8        0x0 ./build/sdklib/libnet80211.a(ieee80211_ets.o)
 .bss           0x000000003ffeb3e8        0x4 ./build/sdklib/libphy.a(phy.o)
 .bss           0x000000003ffeb3ec        0x0 ./build/sdklib/libphy.a(phy_chip_v6_ana.o)
 *fill*         0x000000003ffeb3ec        0x4 
 .bss           0x000000003ffeb3f0      0x38b ./build/sdklib/libphy.a(phy_chip_v6.o)
                0x000000003ffeb3f0                sdk_rxiq_compute_num
                0x000000003ffeb3f4                sdk_rxdc_init_flag
                0x000000003ffeb3f8                sdk_check_result
                0x000000003ffeb3fc                sdk_chip6_sleep_params
                0x000000003ffeb5d4                sdk_chip6_phy_init_ctrl
                0x000000003ffeb642                sdk_phy_freq_offset
                0x000000003ffeb644                sdk_do_pwctrl_flag
                0x000000003ffeb645                sdk_pwctrl_debug
                0x000000003ffeb646                sdk_txbk_dpdby_flag
                0x000000003ffeb648                sdk_sw_scan_mode
                0x000000003ffeb65c                sdk_periodic_cal_dc_num
                0x000000003ffeb660                sdk_periodic_cal_flag
                0x000000003ffeb661                sdk_bbpll_cal_flag
                0x000000003ffeb662                sdk_deep_sleep_en
                0x000000003ffeb668                sdk_noise_array
                0x000000003ffeb770                sdk_tx_pwctrl_atten_init
 *fill*         0x000000003ffeb77b        0x1 
 .bss           0x000000003ffeb77c        0x6 ./build/sdklib/libphy.a(phy_chip_v6_cal.o)
                0x000000003ffeb77c                sdk_loop_pwctrl_pwdet_error_accum_high_power
                0x000000003ffeb77e                sdk_tx_pwctrl_pk_num
                0x000000003ffeb77f                sdk_loop_pwctrl_correct_atten_high_power
                0x000000003ffeb780                sdk_tx_pwctrl_set_chan_flag
                0x000000003ffeb781                sdk_rxiq_cover_fail_num
 .bss           0x000000003ffeb782        0x0 ./build/sdklib/libphy.a(phy_chip_v6_unused.o)
 *fill*         0x000000003ffeb782        0x2 
 .bss           0x000000003ffeb784        0x4 ./build/sdklib/libphy.a(phy_sleep.o)
                0x000000003ffeb784                sdk_periodic_cal_sat
                0x000000003ffeb785                sdk_software_slp_reject
                0x000000003ffeb786                sdk_SDIO_slp_reject
                0x000000003ffeb787                sdk_hardware_reject
 .bss           0x000000003ffeb788        0x0 ./build/sdklib/libphy.a(phy_chip_v5_romfunc.o)
 .bss           0x000000003ffeb788        0x0 ./build/sdklib/libphy.a(phy_chip_v5_ana_romfunc.o)
 .bss           0x000000003ffeb788        0x0 ./build/sdklib/libphy.a(phy_chip_v5_cal_romfunc.o)
 *fill*         0x000000003ffeb788        0x8 
 .bss           0x000000003ffeb790     0x11e8 ./build/sdklib/libpp.a(esf_buf.o)
 *fill*         0x000000003ffec978        0x8 
 .bss           0x000000003ffec980       0x30 ./build/sdklib/libpp.a(if_hwctrl.o)
                0x000000003ffec980                sdk_interface_mask
                0x000000003ffec990                sdk_if_ctrl
 .bss           0x000000003ffec9b0      0x150 ./build/sdklib/libpp.a(lmac.o)
                0x000000003ffec9b4                sdk_lmacConfMib
 .bss           0x000000003ffecb00      0x149 ./build/sdklib/libpp.a(pm.o)
 *fill*         0x000000003ffecc49        0x7 
 .bss           0x000000003ffecc50      0x352 ./build/sdklib/libpp.a(pp.o)
                0x000000003ffecc78                sdk_pend_flag_noise_check
                0x000000003ffecc80                sdk_pend_flag_periodic_cal
                0x000000003ffecca4                sdk_dbg_stop_sw_wdt
                0x000000003ffecca5                sdk_dbg_stop_hw_wdt
 *fill*         0x000000003ffecfa2        0xe 
 .bss           0x000000003ffecfb0      0x100 ./build/sdklib/libpp.a(rate_control.o)
 .bss           0x000000003ffed0b0      0x268 ./build/sdklib/libpp.a(trc.o)
 *fill*         0x000000003ffed318        0x8 
 .bss           0x000000003ffed320     0x4721 ./build/sdklib/libpp.a(wdev.o)
                0x000000003ffed320                sdk_wDevCtrl
                0x000000003ffed4c4                sdk_NMIIrqIsOn
                0x000000003ffed4c8                sdk_WdevTimOffSet
 .bss           0x000000003fff1a41        0x0 ./build/sdklib/libwpa.a(ap_config.o)
 .bss           0x000000003fff1a41        0x0 ./build/sdklib/libwpa.a(common.o)
 .bss           0x000000003fff1a41        0x0 ./build/sdklib/libwpa.a(os_xtensa.o)
 .bss           0x000000003fff1a41        0x0 ./build/sdklib/libwpa.a(sha1-pbkdf2.o)
 .bss           0x000000003fff1a41        0x0 ./build/sdklib/libwpa.a(wpa_auth.o)
 .bss           0x000000003fff1a41        0x0 ./build/sdklib/libwpa.a(wpa_auth_ie.o)
 *fill*         0x000000003fff1a41        0xf 
 .bss           0x000000003fff1a50      0x27a ./build/sdklib/libwpa.a(wpa.o)
 .bss           0x000000003fff1cca        0x0 ./build/sdklib/libwpa.a(wpa_common.o)
 .bss           0x000000003fff1cca        0x0 ./build/sdklib/libwpa.a(wpa_debug.o)
 .bss           0x000000003fff1cca        0x0 ./build/sdklib/libwpa.a(wpa_ie.o)
 .bss           0x000000003fff1cca        0x0 ./build/sdklib/libwpa.a(wpa_main.o)
 .bss           0x000000003fff1cca        0x0 ./build/sdklib/libwpa.a(wpas_glue.o)
 .bss           0x000000003fff1cca        0x0 ./build/sdklib/libwpa.a(aes-unwrap.o)
 .bss           0x000000003fff1cca        0x0 ./build/sdklib/libwpa.a(aes-wrap.o)
 .bss           0x000000003fff1cca        0x0 ./build/sdklib/libwpa.a(md5.o)
 .bss           0x000000003fff1cca        0x0 ./build/sdklib/libwpa.a(md5-internal.o)
 .bss           0x000000003fff1cca        0x0 ./build/sdklib/libwpa.a(rc4.o)
 .bss           0x000000003fff1cca        0x0 ./build/sdklib/libwpa.a(sha1.o)
 .bss           0x000000003fff1cca        0x0 ./build/sdklib/libwpa.a(sha1-internal.o)
 *fill*         0x000000003fff1cca        0x6 
 .bss           0x000000003fff1cd0       0xb0 ./build/sdklib/libwpa.a(aes-internal-dec.o)
 .bss           0x000000003fff1d80        0x0 ./build/sdklib/libwpa.a(aes-internal-enc.o)
 .bss           0x000000003fff1d80        0x0 ./build/sdklib/libwpa.a(aes-internal.o)
 .bss           0x000000003fff1d80        0x4 ./build/program.a(simple.o)
 .bss           0x000000003fff1d84        0x0 ./build/freertos.a(queue.o)
 .bss           0x000000003fff1d84      0x1c8 ./build/freertos.a(tasks.o)
                0x000000003fff1d84                pxCurrentTCB
 .bss           0x000000003fff1f4c       0x3c ./build/freertos.a(timers.o)
 .bss           0x000000003fff1f88       0x14 ./build/freertos.a(port.o)
 .bss           0x000000003fff1f9c        0x0 ./build/freertos.a(list.o)
 .bss           0x000000003fff1f9c        0x0 ./build/lwip.a(esp_interface.o)
 .bss           0x000000003fff1f9c        0xc ./build/lwip.a(tcpip.o)
 .bss           0x000000003fff1fa8        0x0 ./build/lwip.a(dhcp.o)
 .bss           0x000000003fff1fa8      0x2b0 ./build/lwip.a(dns.o)
 .bss           0x000000003fff2258        0x0 ./build/lwip.a(init.o)
 .bss           0x000000003fff2258        0x0 ./build/lwip.a(memp.o)
 .bss           0x000000003fff2258        0x1 ./build/lwip.a(netif.o)
 .bss           0x000000003fff2259        0x0 ./build/lwip.a(pbuf.o)
 .bss           0x000000003fff2259        0x0 ./build/lwip.a(stats.o)
 .bss           0x000000003fff2259        0x2 ./build/lwip.a(tcp.o)
 .bss           0x000000003fff225b        0x0 ./build/lwip.a(tcp_out.o)
 *fill*         0x000000003fff225b        0x1 
 .bss           0x000000003fff225c        0x8 ./build/lwip.a(timers.o)
 .bss           0x000000003fff2264        0x0 ./build/lwip.a(udp.o)
 .bss           0x000000003fff2264        0x0 ./build/lwip.a(icmp.o)
 .bss           0x000000003fff2264        0x0 ./build/lwip.a(inet_chksum.o)
 .bss           0x000000003fff2264       0x10 ./build/lwip.a(ip_addr.o)
 .bss           0x000000003fff2274        0x2 ./build/lwip.a(ip.o)
 .bss           0x000000003fff2276        0x0 ./build/lwip.a(ip_frag.o)
 *fill*         0x000000003fff2276        0x2 
 .bss           0x000000003fff2278       0xcc ./build/lwip.a(etharp.o)
 .bss           0x000000003fff2344        0x4 ./build/lwip.a(sys_arch.o)
                0x000000003fff2344                xInsideISR
 .bss           0x000000003fff2348       0x68 ./build/lwip.a(sockets.o)
 .bss           0x000000003fff23b0        0x4 ./build/lwip.a(raw.o)
 .bss           0x000000003fff23b4       0x2c ./build/lwip.a(tcp_in.o)
 .bss           0x000000003fff23e0        0x0 ./build/lwip.a(api_lib.o)
 .bss           0x000000003fff23e0        0x0 ./build/lwip.a(api_msg.o)
 .bss           0x000000003fff23e0        0x0 ./build/lwip.a(netbuf.o)
 .bss           0x000000003fff23e0        0x0 ./build/core.a(sdk_compat.o)
 .bss           0x000000003fff23e0        0x0 /root/ESP8266/esp-open-sdk/xtensa-lx106-elf/xtensa-lx106-elf/sysroot/usr/lib/libhal.a(clock.o)
 .bss           0x000000003fff23e0        0x0 /root/ESP8266/esp-open-sdk/xtensa-lx106-elf/xtensa-lx106-elf/sysroot/usr/lib/libhal.a(int_asm--set_intset.o)
 .bss           0x000000003fff23e0        0x0 /root/ESP8266/esp-open-sdk/xtensa-lx106-elf/lib/gcc/xtensa-lx106-elf/4.8.2/libgcc.a(_divsi3.o)
 .bss           0x000000003fff23e0        0x0 /root/ESP8266/esp-open-sdk/xtensa-lx106-elf/lib/gcc/xtensa-lx106-elf/4.8.2/libgcc.a(_modsi3.o)
 .bss           0x000000003fff23e0        0x0 /root/ESP8266/esp-open-sdk/xtensa-lx106-elf/lib/gcc/xtensa-lx106-elf/4.8.2/libgcc.a(_udivsi3.o)
 .bss           0x000000003fff23e0        0x0 /root/ESP8266/esp-open-sdk/xtensa-lx106-elf/lib/gcc/xtensa-lx106-elf/4.8.2/libgcc.a(_umodsi3.o)
 .bss           0x000000003fff23e0        0x0 /root/ESP8266/esp-open-sdk/xtensa-lx106-elf/lib/gcc/xtensa-lx106-elf/4.8.2/libgcc.a(_ashrdi3.o)
 .bss           0x000000003fff23e0        0x0 /root/ESP8266/esp-open-sdk/xtensa-lx106-elf/lib/gcc/xtensa-lx106-elf/4.8.2/libgcc.a(_addsubsf3.o)
 .bss           0x000000003fff23e0        0x0 /root/ESP8266/esp-open-sdk/xtensa-lx106-elf/lib/gcc/xtensa-lx106-elf/4.8.2/libgcc.a(_mulsf3.o)
 .bss           0x000000003fff23e0        0x0 /root/ESP8266/esp-open-sdk/xtensa-lx106-elf/lib/gcc/xtensa-lx106-elf/4.8.2/libgcc.a(_divsf3.o)
 .bss           0x000000003fff23e0        0x0 /root/ESP8266/esp-open-sdk/xtensa-lx106-elf/lib/gcc/xtensa-lx106-elf/4.8.2/libgcc.a(_fixsfsi.o)
 .bss           0x000000003fff23e0        0x0 /root/ESP8266/esp-open-sdk/xtensa-lx106-elf/lib/gcc/xtensa-lx106-elf/4.8.2/libgcc.a(_fixunssfsi.o)
 .bss           0x000000003fff23e0        0x0 /root/ESP8266/esp-open-sdk/xtensa-lx106-elf/lib/gcc/xtensa-lx106-elf/4.8.2/libgcc.a(_floatsisf.o)
 .bss           0x000000003fff23e0        0x0 /root/ESP8266/esp-open-sdk/xtensa-lx106-elf/lib/gcc/xtensa-lx106-elf/4.8.2/libgcc.a(_addsubdf3.o)
 .bss           0x000000003fff23e0        0x0 /root/ESP8266/esp-open-sdk/xtensa-lx106-elf/lib/gcc/xtensa-lx106-elf/4.8.2/libgcc.a(_muldf3.o)
 .bss           0x000000003fff23e0        0x0 /root/ESP8266/esp-open-sdk/xtensa-lx106-elf/lib/gcc/xtensa-lx106-elf/4.8.2/libgcc.a(_divdf3.o)
 .bss           0x000000003fff23e0        0x0 /root/ESP8266/esp-open-sdk/xtensa-lx106-elf/lib/gcc/xtensa-lx106-elf/4.8.2/libgcc.a(_fixdfsi.o)
 .bss           0x000000003fff23e0        0x0 /root/ESP8266/esp-open-sdk/xtensa-lx106-elf/lib/gcc/xtensa-lx106-elf/4.8.2/libgcc.a(_floatsidf.o)
 .bss           0x000000003fff23e0        0x0 /root/ESP8266/esp-open-sdk/xtensa-lx106-elf/lib/gcc/xtensa-lx106-elf/4.8.2/libgcc.a(_truncdfsf2.o)
 .bss           0x000000003fff23e0        0x0 /root/ESP8266/esp-open-sdk/xtensa-lx106-elf/lib/gcc/xtensa-lx106-elf/4.8.2/libgcc.a(_extendsfdf2.o)
 .bss           0x000000003fff23e0        0x0 /root/ESP8266/esp-open-sdk/xtensa-lx106-elf/lib/gcc/xtensa-lx106-elf/4.8.2/libgcc.a(_muldi3.o)
 .bss           0x000000003fff23e0        0x0 /root/ESP8266/esp-open-sdk/xtensa-lx106-elf/lib/gcc/xtensa-lx106-elf/4.8.2/libgcc.a(_popcountsi2.o)
 .bss           0x000000003fff23e0        0x0 /root/ESP8266/esp-open-sdk/xtensa-lx106-elf/lib/gcc/xtensa-lx106-elf/4.8.2/libgcc.a(_divdi3.o)
 .bss           0x000000003fff23e0        0x0 /root/ESP8266/esp-open-sdk/xtensa-lx106-elf/lib/gcc/xtensa-lx106-elf/4.8.2/libgcc.a(_umoddi3.o)
 .bss           0x000000003fff23e0        0x0 /root/ESP8266/esp-open-sdk/xtensa-lx106-elf/lib/gcc/xtensa-lx106-elf/4.8.2/libgcc.a(_umulsidi3.o)
 .bss           0x000000003fff23e0        0x0 /root/ESP8266/esp-open-sdk/xtensa-lx106-elf/lib/gcc/xtensa-lx106-elf/4.8.2/libgcc.a(_popcount_tab.o)
 .bss           0x000000003fff23e0        0x0 ../../libc/xtensa-lx106-elf/lib/libc.a(lib_a-bzero.o)
 .bss           0x000000003fff23e0        0x0 ../../libc/xtensa-lx106-elf/lib/libc.a(lib_a-calloc.o)
 .bss           0x000000003fff23e0        0x0 ../../libc/xtensa-lx106-elf/lib/libc.a(lib_a-impure.o)
 .bss           0x000000003fff23e0        0x0 ../../libc/xtensa-lx106-elf/lib/libc.a(lib_a-malloc.o)
 .bss           0x000000003fff23e0        0x0 ../../libc/xtensa-lx106-elf/lib/libc.a(lib_a-memcmp.o)
 .bss           0x000000003fff23e0        0x0 ../../libc/xtensa-lx106-elf/lib/libc.a(lib_a-memcpy.o)
 .bss           0x000000003fff23e0        0x0 ../../libc/xtensa-lx106-elf/lib/libc.a(lib_a-memset.o)
 .bss           0x000000003fff23e0        0x0 ../../libc/xtensa-lx106-elf/lib/libc.a(lib_a-mstats.o)
 .bss           0x000000003fff23e0        0x0 ../../libc/xtensa-lx106-elf/lib/libc.a(lib_a-nano-callocr.o)
 .bss           0x000000003fff23e0        0x0 ../../libc/xtensa-lx106-elf/lib/libc.a(lib_a-nano-freer.o)
 .bss           0x000000003fff23e0       0x28 ../../libc/xtensa-lx106-elf/lib/libc.a(lib_a-nano-mallinfor.o)
                0x000000003fff23e0                __malloc_current_mallinfo
 .bss           0x000000003fff2408        0x8 ../../libc/xtensa-lx106-elf/lib/libc.a(lib_a-nano-mallocr.o)
                0x000000003fff2408                __malloc_sbrk_start
                0x000000003fff240c                __malloc_free_list
 .bss           0x000000003fff2410        0x0 ../../libc/xtensa-lx106-elf/lib/libc.a(lib_a-nano-malloptr.o)
 .bss           0x000000003fff2410        0x0 ../../libc/xtensa-lx106-elf/lib/libc.a(lib_a-nano-mallstatsr.o)
 .bss           0x000000003fff2410        0x0 ../../libc/xtensa-lx106-elf/lib/libc.a(lib_a-printf.o)
 .bss           0x000000003fff2410        0x0 ../../libc/xtensa-lx106-elf/lib/libc.a(lib_a-puts.o)
 .bss           0x000000003fff2410        0x0 ../../libc/xtensa-lx106-elf/lib/libc.a(lib_a-rand.o)
 .bss           0x000000003fff2410        0x0 ../../libc/xtensa-lx106-elf/lib/libc.a(lib_a-sprintf.o)
 .bss           0x000000003fff2410        0x0 ../../libc/xtensa-lx106-elf/lib/libc.a(lib_a-strcmp.o)
 .bss           0x000000003fff2410        0x0 ../../libc/xtensa-lx106-elf/lib/libc.a(lib_a-strlen.o)
 .bss           0x000000003fff2410        0x0 ../../libc/xtensa-lx106-elf/lib/libc.a(lib_a-strncmp.o)
 .bss           0x000000003fff2410        0x0 ../../libc/xtensa-lx106-elf/lib/libc.a(lib_a-strncpy.o)
 .bss           0x000000003fff2410        0x0 ../../libc/xtensa-lx106-elf/lib/libc.a(lib_a-strrchr.o)
 .bss           0x000000003fff2410        0x0 ../../libc/xtensa-lx106-elf/lib/libc.a(lib_a-syssbrk.o)
 .bss           0x000000003fff2410        0x0 ../../libc/xtensa-lx106-elf/lib/libc.a(lock.o)
 .bss           0x000000003fff2410        0x0 ../../libc/xtensa-lx106-elf/lib/libc.a(lib_a-fprintf.o)
 .bss           0x000000003fff2410        0x0 ../../libc/xtensa-lx106-elf/lib/libc.a(lib_a-fvwrite.o)
 .bss           0x000000003fff2410        0x0 ../../libc/xtensa-lx106-elf/lib/libc.a(lib_a-memchr.o)
 .bss           0x000000003fff2410        0x0 ../../libc/xtensa-lx106-elf/lib/libc.a(lib_a-memmove.o)
 .bss           0x000000003fff2410        0x0 ../../libc/xtensa-lx106-elf/lib/libc.a(lib_a-nano-reallocr.o)
 .bss           0x000000003fff2410        0x0 ../../libc/xtensa-lx106-elf/lib/libc.a(lib_a-nano-svfprintf.o)
 .bss           0x000000003fff2410        0x0 ../../libc/xtensa-lx106-elf/lib/libc.a(lib_a-nano-vfprintf_i.o)
 .bss           0x000000003fff2410        0x0 ../../libc/xtensa-lx106-elf/lib/libc.a(lib_a-nano-vfprintf.o)
 .bss           0x000000003fff2410        0x0 ../../libc/xtensa-lx106-elf/lib/libc.a(lib_a-strchr.o)
 .bss           0x000000003fff2410        0x0 ../../libc/xtensa-lx106-elf/lib/libc.a(lib_a-wbuf.o)
 .bss           0x000000003fff2410        0x0 ../../libc/xtensa-lx106-elf/lib/libc.a(lib_a-wsetup.o)
 .bss           0x000000003fff2410        0x0 ../../libc/xtensa-lx106-elf/lib/libc.a(lib_a-fflush.o)
 .bss           0x000000003fff2410        0x8 ../../libc/xtensa-lx106-elf/lib/libc.a(lib_a-findfp.o)
 .bss           0x000000003fff2418        0x0 ../../libc/xtensa-lx106-elf/lib/libc.a(lib_a-fputwc.o)
 .bss           0x000000003fff2418        0x0 ../../libc/xtensa-lx106-elf/lib/libc.a(lib_a-fwalk.o)
 .bss           0x000000003fff2418        0xc ../../libc/xtensa-lx106-elf/lib/libc.a(lib_a-locale.o)
                0x000000003fff2418                _PathLocale
                0x000000003fff241c                __mlocale_changed
                0x000000003fff2420                __nlocale_changed
 .bss           0x000000003fff2424        0x0 ../../libc/xtensa-lx106-elf/lib/libc.a(lib_a-makebuf.o)
 .bss           0x000000003fff2424        0x0 ../../libc/xtensa-lx106-elf/lib/libc.a(lib_a-nano-msizer.o)
 .bss           0x000000003fff2424        0x0 ../../libc/xtensa-lx106-elf/lib/libc.a(lib_a-stdio.o)
 .bss           0x000000003fff2424        0x0 ../../libc/xtensa-lx106-elf/lib/libc.a(lib_a-wcrtomb.o)
 .bss           0x000000003fff2424        0x0 ../../libc/xtensa-lx106-elf/lib/libc.a(lib_a-wctomb_r.o)
 .bss           0x000000003fff2424        0x0 ../../libc/xtensa-lx106-elf/lib/libc.a(isatty.o)
 .bss           0x000000003fff2424        0x0 ../../libc/xtensa-lx106-elf/lib/libc.a(lib_a-fclose.o)
 .bss           0x000000003fff2424        0x0 ./build/sdklib/libnet80211.a(ieee80211_crypto_ccmp.o)
 *fill*         0x000000003fff2424        0x4 
 .bss           0x000000003fff2428        0x8 ./build/sdklib/libnet80211.a(ieee80211_crypto_tkip.o)
 .bss           0x000000003fff2430        0x0 ./build/sdklib/libnet80211.a(ieee80211_crypto_wep.o)
 .bss           0x000000003fff2430        0x4 ./build/core.a(newlib_syscalls.o)
 *(.bss.*)
 *(.gnu.linkonce.b.*)
 *(COMMON)
 COMMON         0x000000003fff2434       0x48 ./build/freertos.a(port.o)
                0x000000003fff2434                level1_int_disabled
                0x000000003fff2438                isr
                0x000000003fff2478                cpu_sr
 COMMON         0x000000003fff247c       0x34 ./build/lwip.a(dhcp.o)
                0x000000003fff247c                dhcp_rx_options_given
                0x000000003fff2488                dhcp_rx_options_val
 COMMON         0x000000003fff24b0        0x8 ./build/lwip.a(netif.o)
                0x000000003fff24b0                netif_list
                0x000000003fff24b4                netif_default
 COMMON         0x000000003fff24b8       0xba ./build/lwip.a(stats.o)
                0x000000003fff24b8                lwip_stats
 *fill*         0x000000003fff2572        0x2 
 COMMON         0x000000003fff2574       0x1c ./build/lwip.a(tcp.o)
                0x000000003fff2574                tcp_active_pcbs_changed
                0x000000003fff2578                tcp_active_pcbs
                0x000000003fff257c                tcp_ticks
                0x000000003fff2580                tcp_listen_pcbs
                0x000000003fff2584                tcp_tmp_pcb
                0x000000003fff2588                tcp_bound_pcbs
                0x000000003fff258c                tcp_tw_pcbs
 COMMON         0x000000003fff2590        0x4 ./build/lwip.a(udp.o)
                0x000000003fff2590                udp_pcbs
 COMMON         0x000000003fff2594       0x10 ./build/lwip.a(ip.o)
                0x000000003fff2594                current_iphdr_src
                0x000000003fff2598                current_netif
                0x000000003fff259c                current_iphdr_dest
                0x000000003fff25a0                current_header
 COMMON         0x000000003fff25a4        0x4 ./build/lwip.a(tcp_in.o)
                0x000000003fff25a4                tcp_input_pcb
                0x000000003fff25a8                . = ALIGN (0x8)
                0x000000003fff25a8                _bss_end = ABSOLUTE (.)
                0x000000003fff25a8                _heap_start = ABSOLUTE (.)

.text           0x0000000040100000     0x71dd
                0x0000000040100000                _stext = .
                0x0000000040100000                _text_start = ABSOLUTE (.)
                0x0000000040100000                . = ALIGN (0x10)
 *(.vecbase.text)
 .vecbase.text  0x0000000040100000      0x23d ./build/core.a(exception_vectors.o)
                0x0000000040100000                VecBase
                0x000000004010008c                call_user_start
                0x0000000040100229                _xt_user_exit
 *(.entry.text)
 *(.init.literal)
 *(.init)
 *(.iram1.*)
 *fill*         0x000000004010023d        0x3 
 .iram1.text    0x0000000040100240      0x26b ./build/freertos.a(queue.o)
                                        0x313 (size before relaxing)
                0x000000004010038c                xQueueGenericSend
                0x00000000401004a4                uxQueueMessagesWaitingFromISR
 *fill*         0x00000000401004ab        0x1 
 .iram1.text    0x00000000401004ac      0x4d5 ./build/freertos.a(tasks.o)
                                        0x5c8 (size before relaxing)
                0x0000000040100528                vTaskSuspendAll
                0x000000004010054c                xTaskIncrementTick
                0x00000000401006e4                xTaskResumeAll
                0x00000000401007d4                vTaskPlaceOnEventList
                0x0000000040100824                xTaskRemoveFromEventList
                0x0000000040100894                vTaskSetTimeOutState
                0x00000000401008ac                xTaskCheckForTimeOut
                0x0000000040100924                vTaskMissedYield
                0x0000000040100930                vTaskPriorityDisinherit
 *fill*         0x0000000040100981        0x3 
 .iram1.text    0x0000000040100984      0x19e ./build/freertos.a(port.o)
                                        0x1da (size before relaxing)
                0x000000004010098c                SV_ISR
                0x00000000401009d8                vPortEnterCritical
                0x0000000040100a00                vPortExitCritical
                0x0000000040100a2c                PendSV
                0x0000000040100a88                _xt_isr_attach
                0x0000000040100a98                _xt_isr_handler
 *fill*         0x0000000040100b22        0x2 
 .iram1.text    0x0000000040100b24       0x1b ./build/core.a(sdk_compat.o)
                0x0000000040100b28                zalloc
 *fill*         0x0000000040100b3f        0x1 
 .iram1.text    0x0000000040100b40       0x19 ./build/core.a(newlib_syscalls.o)
                0x0000000040100b48                _sbrk_r
 *fill*         0x0000000040100b59        0x3 
 .iram1.literal
                0x0000000040100b5c        0x0 ./build/freertos.a(queue.o)
 *fill*         0x0000000040100b5c        0x0 
 .iram1.literal
                0x0000000040100b5c        0x0 ./build/freertos.a(tasks.o)
 .iram1.literal
                0x0000000040100b5c        0x0 ./build/freertos.a(port.o)
 *fill*         0x0000000040100b5c        0x0 
 .iram1.literal
                0x0000000040100b5c        0x0 ./build/freertos.a(list.o)
 .iram1.text    0x0000000040100b5c       0x65 ./build/freertos.a(list.o)
                0x0000000040100b5c                vListInsertEnd
                0x0000000040100b74                vListInsert
                0x0000000040100ba0                uxListRemove
 *fill*         0x0000000040100bc1        0x3 
 .iram1.literal
                0x0000000040100bc4        0x0 ./build/core.a(sdk_compat.o)
 *fill*         0x0000000040100bc4        0x0 
 .iram1.literal
                0x0000000040100bc4        0x0 ./build/core.a(newlib_syscalls.o)
 *sdklib*:*(.literal .text .literal.* .text.*)
 .text          0x0000000040100bc4      0x3d2 ./build/sdklib/libmain.a(app_main.o)
                                        0x422 (size before relaxing)
                0x0000000040100cf4                sdk_user_fatal_exception_handler
                0x0000000040100de0                sdk_user_start
                0x0000000040100f28                sdk_vApplicationStackOverflowHook
                0x0000000040100f54                sdk_vApplicationIdleHook
                0x0000000040100f78                sdk_vApplicationTickHook
 *fill*         0x0000000040100f96        0x2 
 .text          0x0000000040100f98       0x94 ./build/sdklib/libmain.a(ets_timer.o)
                                         0xa0 (size before relaxing)
 .text          0x000000004010102c        0xb ./build/sdklib/libmain.a(misc.o)
                0x0000000040101030                sdk_os_get_cpu_frequency
 *fill*         0x0000000040101037        0x1 
 .text          0x0000000040101038      0x3b0 ./build/sdklib/libmain.a(spi_flash.o)
                                        0x47c (size before relaxing)
                0x0000000040101058                sdk_SPIReadModeCnfig
                0x00000000401010dc                sdk_SPIWrite
                0x00000000401011b0                sdk_SPIRead
                0x00000000401011e0                sdk_SPIEraseSector
                0x0000000040101230                sdk_spi_flash_get_id
                0x000000004010129c                sdk_spi_flash_read_status
                0x00000000401012dc                sdk_spi_flash_write_status
                0x0000000040101318                sdk_spi_flash_erase_sector
                0x000000004010134c                sdk_spi_flash_write
                0x00000000401013a4                sdk_spi_flash_read
 .text          0x00000000401013e8      0x178 ./build/sdklib/libmain.a(user_interface.o)
                                        0x19c (size before relaxing)
                0x00000000401013f0                sdk_system_restart_in_nmi
                0x00000000401014b8                sdk_system_rtc_mem_write
                0x000000004010150c                sdk_system_rtc_mem_read
 .text          0x0000000040101560      0x13f ./build/sdklib/libmain.a(os_cpu_a.o)
                                        0x177 (size before relaxing)
                0x0000000040101560                sdk_vPortYield
                0x000000004010159c                sdk__xt_int_enter
                0x00000000401015b4                sdk__xt_int_exit
                0x00000000401015dc                sdk__xt_timer_int
                0x0000000040101610                sdk__xt_timer_int1
                0x000000004010162c                sdk__xt_tick_timer_init
                0x0000000040101650                sdk__xt_isr_unmask
                0x0000000040101668                sdk__xt_isr_mask
                0x0000000040101680                sdk__xt_read_ints
                0x0000000040101690                sdk__xt_clear_ints
 *fill*         0x000000004010169f        0x1 
 .text          0x00000000401016a0        0xb ./build/sdklib/libnet80211.a(wl_chm.o)
                0x00000000401016a4                sdk_chm_get_current_channel
 *fill*         0x00000000401016ab        0x1 
 .text          0x00000000401016ac       0x4b ./build/sdklib/libphy.a(phy.o)
                                         0x53 (size before relaxing)
                0x00000000401016b4                sdk_register_phy_ops
                0x00000000401016d4                sdk_phy_change_channel
                0x00000000401016ec                sdk_phy_get_mactime
 *fill*         0x00000000401016f7        0x1 
 .text          0x00000000401016f8       0xf7 ./build/sdklib/libphy.a(phy_sleep.o)
                                        0x103 (size before relaxing)
                0x000000004010170c                sdk_pm_rtc_clock_cali
                0x00000000401017c4                sdk_clockgate_watchdog
 *fill*         0x00000000401017ef        0x1 
 .text          0x00000000401017f0        0xb ./build/sdklib/libphy.a(phy_chip_v5_romfunc.o)
                0x00000000401017f4                sdk_phy_get_romfuncs
 *fill*         0x00000000401017fb        0x1 
 .text          0x00000000401017fc       0x94 ./build/sdklib/libpp.a(esf_buf.o)
                                         0xb4 (size before relaxing)
                0x0000000040101800                sdk_esf_rx_buf_alloc
 .text          0x0000000040101890     0x14e4 ./build/sdklib/libpp.a(lmac.o)
                                       0x187c (size before relaxing)
                0x0000000040101894                sdk_lmacIsActive
                0x00000000401018a8                sdk_lmacIsIdle
                0x0000000040101cf4                sdk_lmacSetAcParam
                0x0000000040101d90                sdk_lmacProcessTXStartData
                0x0000000040101f38                sdk_lmacProcessTxSuccess
                0x0000000040102080                sdk_GetAccess
                0x000000004010208c                sdk_lmacDiscardAgedMSDU
                0x00000000401020a0                sdk_lmacRecycleMPDU
                0x0000000040102580                sdk_lmacProcessCollisions
                0x00000000401025dc                sdk_lmacProcessCollision
                0x0000000040102660                sdk_lmacMSDUAged
                0x00000000401029e4                sdk_lmacProcessCtsTimeout
                0x0000000040102a2c                sdk_lmacProcessAckTimeout
                0x0000000040102a80                sdk_lmacProcessRtsStart
                0x0000000040102a8c                sdk_lmacProcessTxRtsError
                0x0000000040102b24                sdk_lmacProcessTxError
                0x0000000040102ba8                sdk_lmacTxFrame
                0x0000000040102d5c                sdk_lmacRxDone
 .text          0x0000000040102d74      0xe60 ./build/sdklib/libpp.a(pp.o)
                                       0x103c (size before relaxing)
                0x0000000040102da4                sdk_pp_soft_wdt_feed
                0x0000000040102ebc                sdk_ppProcessTxQ
                0x0000000040102fac                sdk_ppFetchTxQFirstAvail
                0x0000000040102fec                sdk_ppDequeueTxQ
                0x0000000040103014                sdk_ppRollBackTxQ
                0x0000000040103038                sdk_ppRecordBarRRC
                0x0000000040103048                sdk_ppTxqUpdateBitmap
                0x000000004010306c                sdk_ppEnqueueTxDone
                0x00000000401030a0                sdk_ppEnqueueRxq
                0x0000000040103868                sdk_ppDiscardMPDU
                0x0000000040103898                sdk_MacIsrSigPostDefHdl
                0x0000000040103984                sdk_pp_post
                0x0000000040103a80                sdk_ppCalTxop
                0x0000000040103b64                sdk_ppCalFrameTimes
 .text          0x0000000040103bd4       0xf5 ./build/sdklib/libpp.a(rate_control.o)
                                        0x109 (size before relaxing)
                0x0000000040103bf4                sdk_RC_GetAckRate
                0x0000000040103c00                sdk_RC_GetRtsRate
                0x0000000040103c10                sdk_RC_GetAckTime
                0x0000000040103c24                sdk_RC_GetCtsTime
                0x0000000040103c5c                sdk_RC_GetBlockAckTime
 *fill*         0x0000000040103cc9        0x3 
 .text          0x0000000040103ccc      0x7f9 ./build/sdklib/libpp.a(trc.o)
                                        0x81d (size before relaxing)
                0x0000000040103e44                sdk_rcUpdateTxDone
                0x0000000040103ed8                sdk_rcUpdateRxDone
                0x0000000040103f34                sdk_rcUpdateDataRxDone
                0x0000000040103f4c                sdk_rcGetSched
                0x0000000040103ff4                sdk_rcGetRate
                0x00000000401043f8                sdk_rcReachRetryLimit
                0x0000000040104410                sdk_trc_NeedRTS
 *fill*         0x00000000401044c5        0x3 
 .text          0x00000000401044c8     0x1153 ./build/sdklib/libpp.a(wdev.o)
                                       0x1473 (size before relaxing)
                0x000000004010481c                sdk_wDev_MacTimSetFunc
                0x000000004010483c                sdk_wDev_MacTimArm
                0x00000000401048e0                sdk_wDev_MacTim1Arm
                0x00000000401049bc                sdk_wDev_ProcessFiq
                0x0000000040104d60                sdk_wDev_EnableTransmit
                0x0000000040104da4                sdk_wDev_DisableTransmit
                0x0000000040104dc4                sdk_Tx_Copy2Queue
                0x0000000040104e0c                sdk_wDev_ProcessCollision
                0x0000000040104e30                sdk_wDev_GetTxqCollisions
                0x0000000040104e40                sdk_wDev_ClearTxqCollisions
                0x0000000040104e5c                sdk_wDev_SetWaitingQueue
                0x0000000040104ea8                sdk_wDev_ClearWaitingQueue
                0x0000000040104ecc                sdk_wDev_SetFrameAckType
                0x0000000040104f30                sdk_wDev_AppendRxBlocks
                0x00000000401050d8                sdk_wDev_AppendRxAmpduLensBlocks
                0x0000000040105210                sdk_wDev_GetBAInfo
 *fill*         0x000000004010561b        0x1 
 .literal       0x000000004010561c        0x0 ./build/sdklib/libmain.a(app_main.o)
 *fill*         0x000000004010561c        0x0 
 .literal       0x000000004010561c        0x0 ./build/sdklib/libmain.a(ets_timer.o)
 .literal       0x000000004010561c        0x0 ./build/sdklib/libmain.a(misc.o)
 *fill*         0x000000004010561c        0x0 
 .literal       0x000000004010561c        0x0 ./build/sdklib/libmain.a(spi_flash.o)
 .text          0x000000004010561c        0x0 ./build/sdklib/libmain.a(uart.o)
 .literal       0x000000004010561c        0x0 ./build/sdklib/libmain.a(user_interface.o)
 .literal       0x000000004010561c        0x0 ./build/sdklib/libmain.a(os_cpu_a.o)
 *fill*         0x000000004010561c        0x0 
 .text          0x000000004010561c       0x3d ./build/sdklib/libmain.a(xtensa_context.o)
                0x000000004010561c                sdk__xt_context_save
                0x0000000040105638                sdk__xt_context_restore
 .text          0x0000000040105659        0x0 ./build/sdklib/libmain.a(timers.o)
 .text          0x0000000040105659        0x0 ./build/sdklib/libnet80211.a(ieee80211.o)
 .text          0x0000000040105659        0x0 ./build/sdklib/libnet80211.a(ieee80211_crypto.o)
 *fill*         0x0000000040105659        0x3 
 .literal       0x000000004010565c        0x0 ./build/sdklib/libnet80211.a(ieee80211_hostap.o)
 .text          0x000000004010565c       0x25 ./build/sdklib/libnet80211.a(ieee80211_hostap.o)
 .text          0x0000000040105681        0x0 ./build/sdklib/libnet80211.a(ieee80211_ht.o)
 .text          0x0000000040105681        0x0 ./build/sdklib/libnet80211.a(ieee80211_input.o)
 .text          0x0000000040105681        0x0 ./build/sdklib/libnet80211.a(ieee80211_output.o)
 .text          0x0000000040105681        0x0 ./build/sdklib/libnet80211.a(ieee80211_phy.o)
 .text          0x0000000040105681        0x0 ./build/sdklib/libnet80211.a(ieee80211_power.o)
 .text          0x0000000040105681        0x0 ./build/sdklib/libnet80211.a(ieee80211_proto.o)
 .text          0x0000000040105681        0x0 ./build/sdklib/libnet80211.a(ieee80211_scan.o)
 .text          0x0000000040105681        0x0 ./build/sdklib/libnet80211.a(ieee80211_sta.o)
 *fill*         0x0000000040105681        0x3 
 .literal       0x0000000040105684        0x0 ./build/sdklib/libnet80211.a(wl_chm.o)
 .text          0x0000000040105684        0x0 ./build/sdklib/libnet80211.a(wl_cnx.o)
 .text          0x0000000040105684        0x0 ./build/sdklib/libnet80211.a(ieee80211_action.o)
 .text          0x0000000040105684        0x0 ./build/sdklib/libnet80211.a(ieee80211_ets.o)
 *fill*         0x0000000040105684        0x0 
 .literal       0x0000000040105684        0x0 ./build/sdklib/libphy.a(phy.o)
 .text          0x0000000040105684        0x0 ./build/sdklib/libphy.a(phy_chip_v6_ana.o)
 *fill*         0x0000000040105684        0x0 
 .literal       0x0000000040105684        0x0 ./build/sdklib/libphy.a(phy_chip_v6.o)
 .text          0x0000000040105684        0x2 ./build/sdklib/libphy.a(phy_chip_v6.o)
                0x0000000040105684                sdk_ram_tx_mac_disable
 .text          0x0000000040105686        0x0 ./build/sdklib/libphy.a(phy_chip_v6_cal.o)
 .text          0x0000000040105686        0x0 ./build/sdklib/libphy.a(phy_chip_v6_unused.o)
 *fill*         0x0000000040105686        0x2 
 .literal       0x0000000040105688        0x0 ./build/sdklib/libphy.a(phy_sleep.o)
 *fill*         0x0000000040105688        0x0 
 .literal       0x0000000040105688        0x0 ./build/sdklib/libphy.a(phy_chip_v5_romfunc.o)
 .text          0x0000000040105688        0x0 ./build/sdklib/libphy.a(phy_chip_v5_ana_romfunc.o)
 .text          0x0000000040105688        0x0 ./build/sdklib/libphy.a(phy_chip_v5_cal_romfunc.o)
 *fill*         0x0000000040105688        0x0 
 .literal       0x0000000040105688        0x0 ./build/sdklib/libpp.a(esf_buf.o)
 .text          0x0000000040105688        0x0 ./build/sdklib/libpp.a(if_hwctrl.o)
 .literal       0x0000000040105688        0x0 ./build/sdklib/libpp.a(lmac.o)
 .text          0x0000000040105688        0x0 ./build/sdklib/libpp.a(pm.o)
 .literal       0x0000000040105688        0x0 ./build/sdklib/libpp.a(pp.o)
 .literal       0x0000000040105688        0x0 ./build/sdklib/libpp.a(rate_control.o)
 *fill*         0x0000000040105688        0x0 
 .literal       0x0000000040105688        0x0 ./build/sdklib/libpp.a(trc.o)
 *fill*         0x0000000040105688        0x0 
 .literal       0x0000000040105688        0x0 ./build/sdklib/libpp.a(wdev.o)
 .text          0x0000000040105688        0x0 ./build/sdklib/libwpa.a(ap_config.o)
 .text          0x0000000040105688        0x0 ./build/sdklib/libwpa.a(common.o)
 .text          0x0000000040105688        0x0 ./build/sdklib/libwpa.a(os_xtensa.o)
 .text          0x0000000040105688        0x0 ./build/sdklib/libwpa.a(sha1-pbkdf2.o)
 *fill*         0x0000000040105688        0x0 
 .literal       0x0000000040105688        0x0 ./build/sdklib/libwpa.a(wpa_auth.o)
 .text          0x0000000040105688       0x11 ./build/sdklib/libwpa.a(wpa_auth.o)
 .text          0x0000000040105699        0x0 ./build/sdklib/libwpa.a(wpa_auth_ie.o)
 .text          0x0000000040105699        0x0 ./build/sdklib/libwpa.a(wpa.o)
 .text          0x0000000040105699        0x0 ./build/sdklib/libwpa.a(wpa_common.o)
 .text          0x0000000040105699        0x0 ./build/sdklib/libwpa.a(wpa_debug.o)
 .text          0x0000000040105699        0x0 ./build/sdklib/libwpa.a(wpa_ie.o)
 .text          0x0000000040105699        0x0 ./build/sdklib/libwpa.a(wpa_main.o)
 .text          0x0000000040105699        0x0 ./build/sdklib/libwpa.a(wpas_glue.o)
 .text          0x0000000040105699        0x0 ./build/sdklib/libwpa.a(aes-unwrap.o)
 .text          0x0000000040105699        0x0 ./build/sdklib/libwpa.a(aes-wrap.o)
 .text          0x0000000040105699        0x0 ./build/sdklib/libwpa.a(md5.o)
 .text          0x0000000040105699        0x0 ./build/sdklib/libwpa.a(md5-internal.o)
 .text          0x0000000040105699        0x0 ./build/sdklib/libwpa.a(rc4.o)
 .text          0x0000000040105699        0x0 ./build/sdklib/libwpa.a(sha1.o)
 .text          0x0000000040105699        0x0 ./build/sdklib/libwpa.a(sha1-internal.o)
 .text          0x0000000040105699        0x0 ./build/sdklib/libwpa.a(aes-internal-dec.o)
 .text          0x0000000040105699        0x0 ./build/sdklib/libwpa.a(aes-internal-enc.o)
 .text          0x0000000040105699        0x0 ./build/sdklib/libwpa.a(aes-internal.o)
 .text          0x0000000040105699        0x0 ./build/sdklib/libnet80211.a(ieee80211_crypto_ccmp.o)
 .text          0x0000000040105699        0x0 ./build/sdklib/libnet80211.a(ieee80211_crypto_tkip.o)
 .text          0x0000000040105699        0x0 ./build/sdklib/libnet80211.a(ieee80211_crypto_wep.o)
 *libgcc.a:*i3.o(.literal .text .literal.* .text.*)
 *fill*         0x0000000040105699        0x3 
 .literal       0x000000004010569c        0x0 /root/ESP8266/esp-open-sdk/xtensa-lx106-elf/lib/gcc/xtensa-lx106-elf/4.8.2/libgcc.a(_muldi3.o)
                                          0x4 (size before relaxing)
 .literal       0x000000004010569c        0x0 /root/ESP8266/esp-open-sdk/xtensa-lx106-elf/lib/gcc/xtensa-lx106-elf/4.8.2/libgcc.a(_divdi3.o)
                                         0x48 (size before relaxing)
 .literal       0x000000004010569c        0x0 /root/ESP8266/esp-open-sdk/xtensa-lx106-elf/lib/gcc/xtensa-lx106-elf/4.8.2/libgcc.a(_umoddi3.o)
                                         0x40 (size before relaxing)
 .literal       0x000000004010569c        0x4 ../../libc/xtensa-lx106-elf/lib/libc.a(lib_a-malloc.o)
                                         0x10 (size before relaxing)
 .literal       0x00000000401056a0        0x8 ../../libc/xtensa-lx106-elf/lib/libc.a(lib_a-nano-mallocr.o)
                                         0x14 (size before relaxing)
 .literal       0x00000000401056a8        0x0 ../../libc/xtensa-lx106-elf/lib/libc.a(lib_a-nano-freer.o)
                                          0x4 (size before relaxing)
 .literal       0x00000000401056a8        0x8 ../../libc/xtensa-lx106-elf/lib/libc.a(lib_a-rand.o)
                                         0x18 (size before relaxing)
 .literal       0x00000000401056b0        0x0 ../../libc/xtensa-lx106-elf/lib/libc.a(lib_a-printf.o)
                                          0xc (size before relaxing)
 .literal       0x00000000401056b0        0x0 ../../libc/xtensa-lx106-elf/lib/libc.a(lib_a-sprintf.o)
                                         0x14 (size before relaxing)
 .literal       0x00000000401056b0        0x0 ../../libc/xtensa-lx106-elf/lib/libc.a(lib_a-fprintf.o)
                                          0xc (size before relaxing)
 .literal       0x00000000401056b0       0x20 ../../libc/xtensa-lx106-elf/lib/libc.a(lib_a-nano-svfprintf.o)
                                         0x4c (size before relaxing)
 .literal       0x00000000401056d0       0x1c ../../libc/xtensa-lx106-elf/lib/libc.a(lib_a-nano-vfprintf.o)
                                         0x4c (size before relaxing)
 .literal       0x00000000401056ec       0x34 ../../libc/xtensa-lx106-elf/lib/libc.a(lib_a-findfp.o)
                                         0x7c (size before relaxing)
 .literal       0x0000000040105720        0x8 ../../libc/xtensa-lx106-elf/lib/libc.a(lib_a-fputwc.o)
                                         0x20 (size before relaxing)
 .text          0x0000000040105728       0x36 /root/ESP8266/esp-open-sdk/xtensa-lx106-elf/lib/gcc/xtensa-lx106-elf/4.8.2/libgcc.a(_muldi3.o)
                0x0000000040105728                __muldi3
 *fill*         0x000000004010575e        0x2 
 .text          0x0000000040105760      0x3eb /root/ESP8266/esp-open-sdk/xtensa-lx106-elf/lib/gcc/xtensa-lx106-elf/4.8.2/libgcc.a(_divdi3.o)
                                        0x41b (size before relaxing)
                0x0000000040105760                __divdi3
 *fill*         0x0000000040105b4b        0x1 
 .text          0x0000000040105b4c      0x33a /root/ESP8266/esp-open-sdk/xtensa-lx106-elf/lib/gcc/xtensa-lx106-elf/4.8.2/libgcc.a(_umoddi3.o)
                                        0x366 (size before relaxing)
                0x0000000040105b4c                __umoddi3
 *fill*         0x0000000040105e86        0x2 
 .text          0x0000000040105e88       0x64 /root/ESP8266/esp-open-sdk/xtensa-lx106-elf/lib/gcc/xtensa-lx106-elf/4.8.2/libgcc.a(_divsi3.o)
                0x0000000040105e88                __divsi3
 .text          0x0000000040105eec       0x49 /root/ESP8266/esp-open-sdk/xtensa-lx106-elf/lib/gcc/xtensa-lx106-elf/4.8.2/libgcc.a(_modsi3.o)
                0x0000000040105eec                __modsi3
 *fill*         0x0000000040105f35        0x3 
 .text          0x0000000040105f38       0x4c /root/ESP8266/esp-open-sdk/xtensa-lx106-elf/lib/gcc/xtensa-lx106-elf/4.8.2/libgcc.a(_udivsi3.o)
                0x0000000040105f38                __udivsi3
 .text          0x0000000040105f84       0x39 /root/ESP8266/esp-open-sdk/xtensa-lx106-elf/lib/gcc/xtensa-lx106-elf/4.8.2/libgcc.a(_umodsi3.o)
                0x0000000040105f84                __umodsi3
 *fill*         0x0000000040105fbd        0x3 
 .text          0x0000000040105fc0       0x18 /root/ESP8266/esp-open-sdk/xtensa-lx106-elf/lib/gcc/xtensa-lx106-elf/4.8.2/libgcc.a(_ashrdi3.o)
                0x0000000040105fc0                __ashrdi3
 *fill*         0x0000000040105fd8        0x0 
 *fill*         0x0000000040105fd8        0x0 
 *fill*         0x0000000040105fd8        0x0 
 .text          0x0000000040105fd8       0x48 /root/ESP8266/esp-open-sdk/xtensa-lx106-elf/lib/gcc/xtensa-lx106-elf/4.8.2/libgcc.a(_umulsidi3.o)
                0x0000000040105fd8                __umulsidi3
 *libc.a:*malloc.o(.literal .text .literal.* .text.*)
 .text          0x0000000040106020       0x35 ../../libc/xtensa-lx106-elf/lib/libc.a(lib_a-malloc.o)
                0x0000000040106020                malloc
                0x000000004010603c                free
 *libc.a:*mallocr.o(.literal .text .literal.* .text.*)
 *fill*         0x0000000040106055        0x3 
 .text          0x0000000040106058       0xd1 ../../libc/xtensa-lx106-elf/lib/libc.a(lib_a-nano-mallocr.o)
                                         0xd5 (size before relaxing)
                0x0000000040106058                _malloc_r
 *fill*         0x0000000040106129        0x0 
 *libc.a:*freer.o(.literal .text .literal.* .text.*)
 *fill*         0x0000000040106129        0x3 
 .text          0x000000004010612c       0x87 ../../libc/xtensa-lx106-elf/lib/libc.a(lib_a-nano-freer.o)
                0x000000004010612c                _free_r
 *fill*         0x00000000401061b3        0x0 
 *libc.a:*memcpy.o(.literal .text .literal.* .text.*)
 *fill*         0x00000000401061b3        0x1 
 .text          0x00000000401061b4      0x145 ../../libc/xtensa-lx106-elf/lib/libc.a(lib_a-memcpy.o)
                0x00000000401061f8                memcpy
 *libc.a:*memset.o(.literal .text .literal.* .text.*)
 *fill*         0x00000000401062f9        0x3 
 .text          0x00000000401062fc       0x7c ../../libc/xtensa-lx106-elf/lib/libc.a(lib_a-memset.o)
                0x0000000040106328                memset
 *libc.a:*memcmp.o(.literal .text .literal.* .text.*)
 .text          0x0000000040106378       0x23 ../../libc/xtensa-lx106-elf/lib/libc.a(lib_a-memcmp.o)
                0x0000000040106378                memcmp
 *libc.a:*rand.o(.literal .text .literal.* .text.*)
 *fill*         0x000000004010639b        0x1 
 .text          0x000000004010639c       0x4b ../../libc/xtensa-lx106-elf/lib/libc.a(lib_a-rand.o)
                                         0x4f (size before relaxing)
                0x000000004010639c                srand
                0x00000000401063ac                rand
 *fill*         0x00000000401063e7        0x0 
 *libc.a:*bzero.o(.literal .text .literal.* .text.*)
 *fill*         0x00000000401063e7        0x1 
 .text          0x00000000401063e8       0x12 ../../libc/xtensa-lx106-elf/lib/libc.a(lib_a-bzero.o)
                0x00000000401063e8                bzero
 *libc.a:*lock.o(.literal .text .literal.* .text.*)
 *fill*         0x00000000401063fa        0x2 
 .text          0x00000000401063fc        0x8 ../../libc/xtensa-lx106-elf/lib/libc.a(lock.o)
                0x00000000401063fc                _lock_close_recursive
                0x00000000401063fc                __dummy_lock
                0x00000000401063fc                _lock_init_recursive
                0x00000000401063fc                _lock_close
                0x00000000401063fc                _lock_init
                0x0000000040106400                __dummy_lock_try
 *libc.a:*printf.o(.literal .text .literal.* .text.*)
 .text          0x0000000040106404       0x61 ../../libc/xtensa-lx106-elf/lib/libc.a(lib_a-printf.o)
                                         0x65 (size before relaxing)
                0x0000000040106404                _printf_r
                0x0000000040106404                _iprintf_r
                0x0000000040106430                printf
                0x0000000040106430                iprintf
 *fill*         0x0000000040106465        0x3 
 .text          0x0000000040106468       0xb5 ../../libc/xtensa-lx106-elf/lib/libc.a(lib_a-sprintf.o)
                                         0xb9 (size before relaxing)
                0x0000000040106468                _siprintf_r
                0x0000000040106468                _sprintf_r
                0x00000000401064c0                sprintf
                0x00000000401064c0                siprintf
 *fill*         0x000000004010651d        0x3 
 .text          0x0000000040106520       0x57 ../../libc/xtensa-lx106-elf/lib/libc.a(lib_a-fprintf.o)
                                         0x5b (size before relaxing)
                0x0000000040106520                _fprintf_r
                0x0000000040106520                _fiprintf_r
                0x0000000040106544                fprintf
                0x0000000040106544                fiprintf
 *fill*         0x0000000040106577        0x1 
 .text          0x0000000040106578      0x467 ../../libc/xtensa-lx106-elf/lib/libc.a(lib_a-nano-svfprintf.o)
                                        0x46b (size before relaxing)
                0x0000000040106578                __ssputs_r
                0x0000000040106670                __ssprint_r
                0x00000000401067a4                _svfprintf_r
                0x00000000401067a4                _svfiprintf_r
 *fill*         0x00000000401069df        0x1 
 .text          0x00000000401069e0      0x3df ../../libc/xtensa-lx106-elf/lib/libc.a(lib_a-nano-vfprintf.o)
                                        0x3e3 (size before relaxing)
                0x0000000040106a18                __sfputs_r
                0x0000000040106a88                __sprint_r
                0x0000000040106b18                _vfiprintf_r
                0x0000000040106b18                _vfprintf_r
                0x0000000040106d98                vfiprintf
                0x0000000040106d98                vfprintf
 *fill*         0x0000000040106dbf        0x0 
 *fill*         0x0000000040106dbf        0x0 
 *fill*         0x0000000040106dbf        0x0 
 *fill*         0x0000000040106dbf        0x0 
 *libc.a:*findfp.o(.literal .text .literal.* .text.*)
 *fill*         0x0000000040106dbf        0x1 
 .text          0x0000000040106dc0      0x29f ../../libc/xtensa-lx106-elf/lib/libc.a(lib_a-findfp.o)
                                        0x2b3 (size before relaxing)
                0x0000000040106dc0                _cleanup_r
                0x0000000040106e64                __sfmoreglue
                0x0000000040106ea8                _cleanup
                0x0000000040106ebc                __sfp_lock_acquire
                0x0000000040106ed4                __sfp_lock_release
                0x0000000040106eec                __sinit_lock_acquire
                0x0000000040106f04                __sinit_lock_release
                0x0000000040106f1c                __sinit
                0x0000000040106f74                __sfp
                0x0000000040107020                __fp_lock_all
                0x0000000040107040                __fp_unlock_all
 *fill*         0x000000004010705f        0x0 
 *libc.a:*fputwc.o(.literal .text .literal.* .text.*)
 *fill*         0x000000004010705f        0x1 
 .text          0x0000000040107060      0x176 ../../libc/xtensa-lx106-elf/lib/libc.a(lib_a-fputwc.o)
                                        0x17e (size before relaxing)
                0x0000000040107060                __fputwc
                0x0000000040107130                _fputwc_r
                0x00000000401071a0                fputwc
 *fill*         0x00000000401071d6        0x0 
 *libhal.a:*set_intset.o(.literal .text .literal.* .text.*)
 *fill*         0x00000000401071d6        0x2 
 .text          0x00000000401071d8        0x5 /root/ESP8266/esp-open-sdk/xtensa-lx106-elf/xtensa-lx106-elf/sysroot/usr/lib/libhal.a(int_asm--set_intset.o)
                0x00000000401071d8                xthal_set_intset
 *(.stub .gnu.warning .gnu.linkonce.literal.* .gnu.linkonce.t.*.literal .gnu.linkonce.t.*)
 *(.fini.literal)
 *(.fini)
 *(.gnu.version)
                0x00000000401071dd                _text_end = ABSOLUTE (.)
                0x00000000401071dd                _etext = .

.vecbase.literal
                0x00000000401071e0        0x0
 .vecbase.literal
                0x00000000401071e0        0x0 ./build/core.a(exception_vectors.o)

.irom0.text     0x0000000040240000    0x2fa70
                0x0000000040240000                _irom0_text_start = ABSOLUTE (.)
 *(.literal .text .literal.* .text.*)
 .text          0x0000000040240000      0x10c ./build/program.a(simple.o)
                                        0x158 (size before relaxing)
                0x0000000040240008                task1
                0x000000004024004c                task2
                0x00000000402400a4                user_init
 .text          0x000000004024010c      0x511 ./build/freertos.a(queue.o)
                                        0x5b9 (size before relaxing)
                0x0000000040240150                xQueueGenericReset
                0x00000000402401d8                xQueueGenericCreate
                0x000000004024023c                xQueueCreateMutex
                0x00000000402402a4                xQueueGenericSendFromISR
                0x000000004024032c                xQueueGenericReceive
                0x00000000402404ac                xQueueReceiveFromISR
                0x0000000040240520                xQueuePeekFromISR
                0x000000004024054c                uxQueueMessagesWaiting
                0x0000000040240574                vQueueDelete
                0x0000000040240598                xQueueIsQueueEmptyFromISR
                0x00000000402405a8                xQueueIsQueueFullFromISR
                0x00000000402405bc                vQueueWaitForMessageRestricted
 *fill*         0x000000004024061d        0x3 
 .text          0x0000000040240620      0xa14 ./build/freertos.a(tasks.o)
                                        0xc1c (size before relaxing)
                0x000000004024067c                xTaskGenericCreate
                0x0000000040240864                vTaskDelete
                0x00000000402408ec                uxTaskPriorityGet
                0x000000004024091c                vTaskPrioritySet
                0x00000000402409ec                xTaskIsTaskSuspended
                0x0000000040240a0c                vTaskResume
                0x0000000040240aa4                xTaskResumeFromISR
                0x0000000040240b58                vTaskStartScheduler
                0x0000000040240bbc                vTaskEndScheduler
                0x0000000040240bf4                xTaskGetTickCount
                0x0000000040240c1c                xTaskGetTickCountFromISR
                0x0000000040240c28                uxTaskGetNumberOfTasks
                0x0000000040240c34                xTaskGetIdleTaskHandle
                0x0000000040240c40                vTaskDelayUntil
                0x0000000040240cb8                vTaskDelay
                0x0000000040240db0                vTaskSwitchContext
                0x0000000040240e74                vTaskSuspend