Archive member included because of file (symbol)

./build/core.a(exception_vectors.o)
                              (call_user_start)
./build/sdklib/libmain.a(app_main.o)
                              ./build/core.a(exception_vectors.o) (sdk_user_fatal_exception_handler)
./build/sdklib/libmain.a(ets_timer.o)
                              ./build/sdklib/libmain.a(app_main.o) (sdk_ets_timer_init)
./build/sdklib/libmain.a(misc.o)
                              ./build/sdklib/libmain.a(app_main.o) (sdk_os_install_putc1)
./build/sdklib/libmain.a(spi_flash.o)
                              ./build/sdklib/libmain.a(app_main.o) (sdk_flashchip)
./build/sdklib/libmain.a(uart.o)
                              ./build/sdklib/libmain.a(app_main.o) (sdk_uart_div_modify)
./build/sdklib/libmain.a(user_interface.o)
                              ./build/sdklib/libmain.a(app_main.o) (sdk_rst_if)
./build/sdklib/libmain.a(os_cpu_a.o)
                              ./build/core.a(exception_vectors.o) (sdk__xt_int_enter)
./build/sdklib/libmain.a(xtensa_context.o)
                              ./build/sdklib/libmain.a(os_cpu_a.o) (sdk__xt_context_save)
./build/sdklib/libmain.a(timers.o)
                              ./build/sdklib/libmain.a(user_interface.o) (sdk_os_timer_setfn)
./build/sdklib/libnet80211.a(ieee80211.o)
                              ./build/sdklib/libmain.a(app_main.o) (sdk_g_ic)
./build/sdklib/libnet80211.a(ieee80211_crypto.o)
                              ./build/sdklib/libnet80211.a(ieee80211.o) (sdk_ieee80211_crypto_attach)
./build/sdklib/libnet80211.a(ieee80211_hostap.o)
                              ./build/sdklib/libmain.a(app_main.o) (sdk_wifi_softap_start)
./build/sdklib/libnet80211.a(ieee80211_ht.o)
                              ./build/sdklib/libmain.a(user_interface.o) (sdk_ieee80211_ht_attach)
./build/sdklib/libnet80211.a(ieee80211_input.o)
                              ./build/sdklib/libnet80211.a(ieee80211_hostap.o) (sdk_ieee80211_decap)
./build/sdklib/libnet80211.a(ieee80211_output.o)
                              ./build/sdklib/libnet80211.a(ieee80211_ht.o) (sdk_ieee80211_mgmt_output)
./build/sdklib/libnet80211.a(ieee80211_phy.o)
                              ./build/sdklib/libnet80211.a(ieee80211.o) (sdk_ieee80211_get_ratetable)
./build/sdklib/libnet80211.a(ieee80211_power.o)
                              ./build/sdklib/libnet80211.a(ieee80211_hostap.o) (sdk_ieee80211_psq_init)
./build/sdklib/libnet80211.a(ieee80211_proto.o)
                              ./build/sdklib/libnet80211.a(ieee80211_hostap.o) (sdk_ieee80211_addr_bcast)
./build/sdklib/libnet80211.a(ieee80211_scan.o)
                              ./build/sdklib/libmain.a(user_interface.o) (sdk_scannum)
./build/sdklib/libnet80211.a(ieee80211_sta.o)
                              ./build/sdklib/libmain.a(user_interface.o) (sdk_ieee80211_sta_new_state)
./build/sdklib/libnet80211.a(wl_chm.o)
                              ./build/sdklib/libnet80211.a(ieee80211.o) (sdk_chm_init)
./build/sdklib/libnet80211.a(wl_cnx.o)
                              ./build/sdklib/libmain.a(user_interface.o) (sdk_sta_con_timer)
./build/sdklib/libnet80211.a(ieee80211_action.o)
                              ./build/sdklib/libnet80211.a(ieee80211_ht.o) (sdk_ieee80211_send_action_register)
./build/sdklib/libnet80211.a(ieee80211_ets.o)
                              ./build/sdklib/libnet80211.a(ieee80211_ht.o) (sdk_ieee80211_getmgtframe)
./build/sdklib/libphy.a(phy.o)
                              ./build/sdklib/libnet80211.a(wl_chm.o) (sdk_phy_change_channel)
./build/sdklib/libphy.a(phy_chip_v6_ana.o)
                              ./build/sdklib/libmain.a(user_interface.o) (sdk_test_tout)
./build/sdklib/libphy.a(phy_chip_v6.o)
                              ./build/sdklib/libphy.a(phy_chip_v6_ana.o) (sdk_chip6_sleep_params)
./build/sdklib/libphy.a(phy_chip_v6_cal.o)
                              ./build/sdklib/libphy.a(phy_chip_v6.o) (sdk_loop_pwctrl_pwdet_error_accum_high_power)
./build/sdklib/libphy.a(phy_chip_v6_unused.o)
                              ./build/sdklib/libphy.a(phy_chip_v6.o) (sdk_chip_v6_set_sense)
./build/sdklib/libphy.a(phy_sleep.o)
                              ./build/sdklib/libphy.a(phy_chip_v6.o) (sdk_pm_set_sleep_cycles)
./build/sdklib/libphy.a(phy_chip_v5_romfunc.o)
                              ./build/sdklib/libphy.a(phy_chip_v6_ana.o) (sdk_g_phyFuns)
./build/sdklib/libphy.a(phy_chip_v5_ana_romfunc.o)
                              ./build/sdklib/libphy.a(phy_chip_v5_romfunc.o) (sdk_rom_ana_inf_gating_en)
./build/sdklib/libphy.a(phy_chip_v5_cal_romfunc.o)
                              ./build/sdklib/libphy.a(phy_chip_v5_romfunc.o) (sdk_rom_cal_tos_v50)
./build/sdklib/libpp.a(esf_buf.o)
                              ./build/sdklib/libnet80211.a(ieee80211_output.o) (sdk_esf_buf_alloc)
./build/sdklib/libpp.a(if_hwctrl.o)
                              ./build/sdklib/libnet80211.a(ieee80211_hostap.o) (sdk_ic_set_vif)
./build/sdklib/libpp.a(lmac.o)
[...]
Memory Configuration

Name             Origin             Length             Attributes
dport0_0_seg     0x000000003ff00000 0x0000000000000010
dram0_0_seg      0x000000003ffe8000 0x0000000000014000
iram1_0_seg      0x0000000040100000 0x0000000000008000
irom0_0_seg      0x0000000040240000 0x00000000001fc000
*default*        0x0000000000000000 0xffffffffffffffff

Linker script and memory map

START GROUP
LOAD ./build/program.a
LOAD ./build/freertos.a
LOAD ./build/lwip.a
LOAD ./build/axtls.a
LOAD ./build/core.a
LOAD /root/ESP8266/esp-open-sdk/xtensa-lx106-elf/xtensa-lx106-elf/sysroot/usr/lib/libhal.a
LOAD /root/ESP8266/esp-open-sdk/xtensa-lx106-elf/lib/gcc/xtensa-lx106-elf/4.8.2/libgcc.a
LOAD ../../libc/xtensa-lx106-elf/lib/libc.a
LOAD ./build/sdklib/libmain.a
LOAD ./build/sdklib/libnet80211.a
LOAD ./build/sdklib/libphy.a
LOAD ./build/sdklib/libpp.a
LOAD ./build/sdklib/libwpa.a
END GROUP
                0x00000000401063b0                pvPortMalloc = malloc
                0x00000000401063cc                vPortFree = free
                0x00000000401009d8                _lock_acquire = vPortEnterCritical
                0x00000000401009d8                _lock_acquire_recursive = vPortEnterCritical
                0x00000000401009d8                _lock_try_acquire = vPortEnterCritical
                0x00000000401009d8                _lock_try_acquire_recursive = vPortEnterCritical
                0x0000000040100a00                _lock_release = vPortExitCritical
                0x0000000040100a00                _lock_release_recursive = vPortExitCritical
                0x00000000401067c0                ets_printf = printf
                0x0000000040000000                PROVIDE (_memmap_vecbase_reset, 0x40000000)
                0x0000000000000110                _memmap_cacheattr_wb_base = 0x110
                0x0000000000000110                _memmap_cacheattr_wt_base = 0x110
                0x0000000000000220                _memmap_cacheattr_bp_base = 0x220
                0x00000000fffff00f                _memmap_cacheattr_unused_mask = 0xfffff00f
                0x000000002222211f                _memmap_cacheattr_wb_trapnull = 0x2222211f
                0x000000002222211f                _memmap_cacheattr_wba_trapnull = 0x2222211f
                0x000000002222211f                _memmap_cacheattr_wbna_trapnull = 0x2222211f
                0x000000002222211f                _memmap_cacheattr_wt_trapnull = 0x2222211f
                0x000000002222222f                _memmap_cacheattr_bp_trapnull = 0x2222222f
                0x00000000fffff11f                _memmap_cacheattr_wb_strict = 0xfffff11f
                0x00000000fffff11f                _memmap_cacheattr_wt_strict = 0xfffff11f
                0x00000000fffff22f                _memmap_cacheattr_bp_strict = 0xfffff22f
                0x0000000022222112                _memmap_cacheattr_wb_allvalid = 0x22222112
                0x0000000022222112                _memmap_cacheattr_wt_allvalid = 0x22222112
                0x0000000022222222                _memmap_cacheattr_bp_allvalid = 0x22222222
                0x000000002222211f                PROVIDE (_memmap_cacheattr_reset, _memmap_cacheattr_wb_trapnull)

.dport0.rodata  0x000000003ff00000        0x0
                0x000000003ff00000                _dport0_rodata_start = ABSOLUTE (.)
 *(.dport0.rodata)
 *(.dport.rodata)
                0x000000003ff00000                _dport0_rodata_end = ABSOLUTE (.)

.dport0.literal
                0x000000003ff00000        0x0
                0x000000003ff00000                _dport0_literal_start = ABSOLUTE (.)
 *(.dport0.literal)
 *(.dport.literal)
                0x000000003ff00000                _dport0_literal_end = ABSOLUTE (.)

.dport0.data    0x000000003ff00000        0x0
                0x000000003ff00000                _dport0_data_start = ABSOLUTE (.)
 *(.dport0.data)
 *(.dport.data)
                0x000000003ff00000                _dport0_data_end = ABSOLUTE (.)

.data           0x000000003ffe8000      0xbac
                0x000000003ffe8000                _data_start = ABSOLUTE (.)
 *(.data)
 .data          0x000000003ffe8000        0x0 ./build/core.a(exception_vectors.o)
 .data          0x000000003ffe8000        0x0 ./build/sdklib/libmain.a(app_main.o)
 .data          0x000000003ffe8000        0x0 ./build/sdklib/libmain.a(ets_timer.o)
 .data          0x000000003ffe8000        0x4 ./build/sdklib/libmain.a(misc.o)
 .data          0x000000003ffe8004       0x18 ./build/sdklib/libmain.a(spi_flash.o)
                0x000000003ffe8004                sdk_flashchip
 .data          0x000000003ffe801c        0x0 ./build/sdklib/libmain.a(uart.o)
 .data          0x000000003ffe801c        0x1 ./build/sdklib/libmain.a(user_interface.o)
                0x000000003ffe801c                sdk_dhcpc_flag
 .data          0x000000003ffe801d        0x0 ./build/sdklib/libmain.a(os_cpu_a.o)
 .data          0x000000003ffe801d        0x0 ./build/sdklib/libmain.a(xtensa_context.o)
 .data          0x000000003ffe801d        0x0 ./build/sdklib/libmain.a(timers.o)
 .data          0x000000003ffe801d        0x0 ./build/sdklib/libnet80211.a(ieee80211.o)
 .data          0x000000003ffe801d        0x0 ./build/sdklib/libnet80211.a(ieee80211_crypto.o)
 .data          0x000000003ffe801d        0x0 ./build/sdklib/libnet80211.a(ieee80211_hostap.o)
 .data          0x000000003ffe801d        0x0 ./build/sdklib/libnet80211.a(ieee80211_ht.o)
 .data          0x000000003ffe801d        0x0 ./build/sdklib/libnet80211.a(ieee80211_input.o)
 .data          0x000000003ffe801d        0x0 ./build/sdklib/libnet80211.a(ieee80211_output.o)
 *fill*         0x000000003ffe801d        0x3 
 .data          0x000000003ffe8020      0x1a8 ./build/sdklib/libnet80211.a(ieee80211_phy.o)
 .data          0x000000003ffe81c8        0x0 ./build/sdklib/libnet80211.a(ieee80211_power.o)
 .data          0x000000003ffe81c8        0x6 ./build/sdklib/libnet80211.a(ieee80211_proto.o)
                0x000000003ffe81c8                sdk_ieee80211_addr_bcast
 .data          0x000000003ffe81ce        0x0 ./build/sdklib/libnet80211.a(ieee80211_scan.o)
 .data          0x000000003ffe81ce        0x0 ./build/sdklib/libnet80211.a(ieee80211_sta.o)
 .data          0x000000003ffe81ce        0x0 ./build/sdklib/libnet80211.a(wl_chm.o)
 .data          0x000000003ffe81ce        0x0 ./build/sdklib/libnet80211.a(wl_cnx.o)
 *fill*         0x000000003ffe81ce        0x2 
 .data          0x000000003ffe81d0       0x1c ./build/sdklib/libnet80211.a(ieee80211_action.o)
 .data          0x000000003ffe81ec        0x0 ./build/sdklib/libnet80211.a(ieee80211_ets.o)
 .data          0x000000003ffe81ec        0x0 ./build/sdklib/libphy.a(phy.o)
 .data          0x000000003ffe81ec        0x0 ./build/sdklib/libphy.a(phy_chip_v6_ana.o)
 *fill*         0x000000003ffe81ec        0x4 
 .data          0x000000003ffe81f0       0x53 ./build/sdklib/libphy.a(phy_chip_v6.o)
                0x000000003ffe81f2                sdk_tx_rf_ana_gain
                0x000000003ffe8214                sdk_tx_pwctrl_atten_init_en
                0x000000003ffe8220                sdk_rx_gain_swp
                0x000000003ffe8240                sdk_test_rffreq_txcap
 *fill*         0x000000003ffe8243        0xd 
 .data          0x000000003ffe8250       0x90 ./build/sdklib/libphy.a(phy_chip_v6_cal.o)
                0x000000003ffe8250                sdk_dpd_index
                0x000000003ffe82b0                sdk_dpd_db2linear
 .data          0x000000003ffe82e0        0x0 ./build/sdklib/libphy.a(phy_chip_v6_unused.o)
 .data          0x000000003ffe82e0        0x4 ./build/sdklib/libphy.a(phy_sleep.o)
                0x000000003ffe82e0                sdk_chip_version
 .data          0x000000003ffe82e4      0x11c ./build/sdklib/libphy.a(phy_chip_v5_romfunc.o)
                0x000000003ffe82e4                sdk_g_phyFuns
                0x000000003ffe82e8                sdk_g_phyFuns_instance
 .data          0x000000003ffe8400        0x0 ./build/sdklib/libphy.a(phy_chip_v5_ana_romfunc.o)
 .data          0x000000003ffe8400        0x7 ./build/sdklib/libphy.a(phy_chip_v5_cal_romfunc.o)
 .data          0x000000003ffe8407        0x0 ./build/sdklib/libpp.a(esf_buf.o)
 .data          0x000000003ffe8407        0x0 ./build/sdklib/libpp.a(if_hwctrl.o)
 .data          0x000000003ffe8407        0x0 ./build/sdklib/libpp.a(lmac.o)
 *fill*         0x000000003ffe8407        0x1 
 .data          0x000000003ffe8408        0x1 ./build/sdklib/libpp.a(pm.o)
 *fill*         0x000000003ffe8409        0x3 
 .data          0x000000003ffe840c       0x10 ./build/sdklib/libpp.a(pp.o)
                0x000000003ffe840c                sdk_NoiseTimerInterval
                0x000000003ffe8414                sdk_sleep_start_wait_time
 *fill*         0x000000003ffe841c        0x4 
 .data          0x000000003ffe8420       0x40 ./build/sdklib/libpp.a(rate_control.o)
 .data          0x000000003ffe8460      0x22c ./build/sdklib/libpp.a(trc.o)
 *fill*         0x000000003ffe868c        0x4 
 .data          0x000000003ffe8690       0x10 ./build/sdklib/libpp.a(wdev.o)
 .data          0x000000003ffe86a0        0x0 ./build/sdklib/libwpa.a(ap_config.o)
 .data          0x000000003ffe86a0        0x0 ./build/sdklib/libwpa.a(common.o)
 .data          0x000000003ffe86a0        0x0 ./build/sdklib/libwpa.a(os_xtensa.o)
 .data          0x000000003ffe86a0        0x0 ./build/sdklib/libwpa.a(sha1-pbkdf2.o)
 .data          0x000000003ffe86a0        0x0 ./build/sdklib/libwpa.a(wpa_auth.o)
 .data          0x000000003ffe86a0        0x0 ./build/sdklib/libwpa.a(wpa_auth_ie.o)
 .data          0x000000003ffe86a0        0x0 ./build/sdklib/libwpa.a(wpa.o)
 .data          0x000000003ffe86a0        0x0 ./build/sdklib/libwpa.a(wpa_common.o)
 .data          0x000000003ffe86a0        0x0 ./build/sdklib/libwpa.a(wpa_debug.o)
 .data          0x000000003ffe86a0        0x0 ./build/sdklib/libwpa.a(wpa_ie.o)
 .data          0x000000003ffe86a0        0x0 ./build/sdklib/libwpa.a(wpa_main.o)
 .data          0x000000003ffe86a0        0x0 ./build/sdklib/libwpa.a(wpas_glue.o)
 .data          0x000000003ffe86a0        0x0 ./build/sdklib/libwpa.a(aes-unwrap.o)
 .data          0x000000003ffe86a0        0x0 ./build/sdklib/libwpa.a(aes-wrap.o)
 .data          0x000000003ffe86a0        0x0 ./build/sdklib/libwpa.a(md5.o)
 .data          0x000000003ffe86a0        0x0 ./build/sdklib/libwpa.a(md5-internal.o)
 .data          0x000000003ffe86a0        0x0 ./build/sdklib/libwpa.a(rc4.o)
 .data          0x000000003ffe86a0        0x0 ./build/sdklib/libwpa.a(sha1.o)
 .data          0x000000003ffe86a0        0x0 ./build/sdklib/libwpa.a(sha1-internal.o)
 .data          0x000000003ffe86a0        0x0 ./build/sdklib/libwpa.a(aes-internal-dec.o)
 .data          0x000000003ffe86a0        0x0 ./build/sdklib/libwpa.a(aes-internal-enc.o)
 .data          0x000000003ffe86a0        0x0 ./build/sdklib/libwpa.a(aes-internal.o)
 .data          0x000000003ffe86a0        0x0 ./build/program.a(http_get_ssl.o)
 .data          0x000000003ffe86a0        0x0 ./build/freertos.a(queue.o)
 .data          0x000000003ffe86a0        0x4 ./build/freertos.a(tasks.o)
 .data          0x000000003ffe86a4        0x0 ./build/freertos.a(timers.o)
 .data          0x000000003ffe86a4        0x0 ./build/freertos.a(port.o)
 .data          0x000000003ffe86a4        0x0 ./build/freertos.a(list.o)
 .data          0x000000003ffe86a4        0x0 ./build/lwip.a(esp_interface.o)
 .data          0x000000003ffe86a4        0x0 ./build/lwip.a(netdb.o)
 .data          0x000000003ffe86a4        0x0 ./build/lwip.a(sockets.o)
 .data          0x000000003ffe86a4        0x0 ./build/lwip.a(tcpip.o)
 .data          0x000000003ffe86a4        0x4 ./build/lwip.a(dhcp.o)
 .data          0x000000003ffe86a8        0x0 ./build/lwip.a(dns.o)
 .data          0x000000003ffe86a8        0x0 ./build/lwip.a(init.o)
 .data          0x000000003ffe86a8        0x0 ./build/lwip.a(memp.o)
 .data          0x000000003ffe86a8        0x0 ./build/lwip.a(netif.o)
 .data          0x000000003ffe86a8        0x0 ./build/lwip.a(pbuf.o)
 .data          0x000000003ffe86a8        0x0 ./build/lwip.a(stats.o)
 .data          0x000000003ffe86a8        0x6 ./build/lwip.a(tcp.o)
 .data          0x000000003ffe86ae        0x0 ./build/lwip.a(tcp_out.o)
 .data          0x000000003ffe86ae        0x0 ./build/lwip.a(timers.o)
 .data          0x000000003ffe86ae        0x2 ./build/lwip.a(udp.o)
 .data          0x000000003ffe86b0        0x0 ./build/lwip.a(icmp.o)
 .data          0x000000003ffe86b0        0x0 ./build/lwip.a(inet_chksum.o)
 .data          0x000000003ffe86b0        0x0 ./build/lwip.a(ip_addr.o)
 .data          0x000000003ffe86b0        0x0 ./build/lwip.a(ip.o)
 .data          0x000000003ffe86b0        0x0 ./build/lwip.a(ip_frag.o)
 .data          0x000000003ffe86b0        0x0 ./build/lwip.a(etharp.o)
 .data          0x000000003ffe86b0        0x0 ./build/lwip.a(sys_arch.o)
 .data          0x000000003ffe86b0        0x0 ./build/lwip.a(api_lib.o)
 .data          0x000000003ffe86b0        0x0 ./build/lwip.a(api_msg.o)
 .data          0x000000003ffe86b0        0x0 ./build/lwip.a(netbuf.o)
 .data          0x000000003ffe86b0        0x0 ./build/lwip.a(raw.o)
 .data          0x000000003ffe86b0        0x0 ./build/lwip.a(tcp_in.o)
 .data          0x000000003ffe86b0        0x0 ./build/axtls.a(tls1.o)
 .data          0x000000003ffe86b0        0x0 ./build/axtls.a(tls1_clnt.o)
 .data          0x000000003ffe86b0        0x0 ./build/axtls.a(tls1_svr.o)
 .data          0x000000003ffe86b0        0x0 ./build/axtls.a(x509.o)
 .data          0x000000003ffe86b0        0x0 ./build/axtls.a(axtls_esp_stubs.o)
 .data          0x000000003ffe86b0        0x0 ./build/axtls.a(aes.o)
 .data          0x000000003ffe86b0        0x0 ./build/axtls.a(bigint.o)
 .data          0x000000003ffe86b0        0x0 ./build/axtls.a(crypto_misc.o)
 .data          0x000000003ffe86b0        0x0 ./build/axtls.a(hmac.o)
 .data          0x000000003ffe86b0        0x0 ./build/axtls.a(md5.o)
 .data          0x000000003ffe86b0        0x0 ./build/axtls.a(rc4.o)
 .data          0x000000003ffe86b0        0x0 ./build/axtls.a(rsa.o)
 .data          0x000000003ffe86b0        0x0 ./build/axtls.a(sha1.o)
 .data          0x000000003ffe86b0        0x0 ./build/axtls.a(sha256.o)
 .data          0x000000003ffe86b0        0x0 ./build/axtls.a(sha384.o)
 .data          0x000000003ffe86b0        0x0 ./build/axtls.a(sha512.o)
 .data          0x000000003ffe86b0        0x0 ./build/axtls.a(asn1.o)
 .data          0x000000003ffe86b0        0x0 ./build/axtls.a(loader.o)
 .data          0x000000003ffe86b0        0x0 ./build/core.a(sdk_compat.o)
 .data          0x000000003ffe86b0        0x0 /root/ESP8266/esp-open-sdk/xtensa-lx106-elf/xtensa-lx106-elf/sysroot/usr/lib/libhal.a(clock.o)
 .data          0x000000003ffe86b0        0x0 /root/ESP8266/esp-open-sdk/xtensa-lx106-elf/xtensa-lx106-elf/sysroot/usr/lib/libhal.a(int_asm--set_intset.o)
 .data          0x000000003ffe86b0        0x0 /root/ESP8266/esp-open-sdk/xtensa-lx106-elf/lib/gcc/xtensa-lx106-elf/4.8.2/libgcc.a(_divsi3.o)
 .data          0x000000003ffe86b0        0x0 /root/ESP8266/esp-open-sdk/xtensa-lx106-elf/lib/gcc/xtensa-lx106-elf/4.8.2/libgcc.a(_modsi3.o)
 .data          0x000000003ffe86b0        0x0 /root/ESP8266/esp-open-sdk/xtensa-lx106-elf/lib/gcc/xtensa-lx106-elf/4.8.2/libgcc.a(_udivsi3.o)
 .data          0x000000003ffe86b0        0x0 /root/ESP8266/esp-open-sdk/xtensa-lx106-elf/lib/gcc/xtensa-lx106-elf/4.8.2/libgcc.a(_umodsi3.o)
 .data          0x000000003ffe86b0        0x0 /root/ESP8266/esp-open-sdk/xtensa-lx106-elf/lib/gcc/xtensa-lx106-elf/4.8.2/libgcc.a(_ashrdi3.o)
 .data          0x000000003ffe86b0        0x0 /root/ESP8266/esp-open-sdk/xtensa-lx106-elf/lib/gcc/xtensa-lx106-elf/4.8.2/libgcc.a(_addsubsf3.o)
 .data          0x000000003ffe86b0        0x0 /root/ESP8266/esp-open-sdk/xtensa-lx106-elf/lib/gcc/xtensa-lx106-elf/4.8.2/libgcc.a(_mulsf3.o)
 .data          0x000000003ffe86b0        0x0 /root/ESP8266/esp-open-sdk/xtensa-lx106-elf/lib/gcc/xtensa-lx106-elf/4.8.2/libgcc.a(_divsf3.o)
 .data          0x000000003ffe86b0        0x0 /root/ESP8266/esp-open-sdk/xtensa-lx106-elf/lib/gcc/xtensa-lx106-elf/4.8.2/libgcc.a(_fixsfsi.o)
 .data          0x000000003ffe86b0        0x0 /root/ESP8266/esp-open-sdk/xtensa-lx106-elf/lib/gcc/xtensa-lx106-elf/4.8.2/libgcc.a(_fixunssfsi.o)
 .data          0x000000003ffe86b0        0x0 /root/ESP8266/esp-open-sdk/xtensa-lx106-elf/lib/gcc/xtensa-lx106-elf/4.8.2/libgcc.a(_floatsisf.o)
 .data          0x000000003ffe86b0        0x0 /root/ESP8266/esp-open-sdk/xtensa-lx106-elf/lib/gcc/xtensa-lx106-elf/4.8.2/libgcc.a(_addsubdf3.o)
 .data          0x000000003ffe86b0        0x0 /root/ESP8266/esp-open-sdk/xtensa-lx106-elf/lib/gcc/xtensa-lx106-elf/4.8.2/libgcc.a(_muldf3.o)
 .data          0x000000003ffe86b0        0x0 /root/ESP8266/esp-open-sdk/xtensa-lx106-elf/lib/gcc/xtensa-lx106-elf/4.8.2/libgcc.a(_divdf3.o)
 .data          0x000000003ffe86b0        0x0 /root/ESP8266/esp-open-sdk/xtensa-lx106-elf/lib/gcc/xtensa-lx106-elf/4.8.2/libgcc.a(_fixdfsi.o)
 .data          0x000000003ffe86b0        0x0 /root/ESP8266/esp-open-sdk/xtensa-lx106-elf/lib/gcc/xtensa-lx106-elf/4.8.2/libgcc.a(_floatsidf.o)
 .data          0x000000003ffe86b0        0x0 /root/ESP8266/esp-open-sdk/xtensa-lx106-elf/lib/gcc/xtensa-lx106-elf/4.8.2/libgcc.a(_truncdfsf2.o)
 .data          0x000000003ffe86b0        0x0 /root/ESP8266/esp-open-sdk/xtensa-lx106-elf/lib/gcc/xtensa-lx106-elf/4.8.2/libgcc.a(_extendsfdf2.o)
 .data          0x000000003ffe86b0        0x0 /root/ESP8266/esp-open-sdk/xtensa-lx106-elf/lib/gcc/xtensa-lx106-elf/4.8.2/libgcc.a(_muldi3.o)
 .data          0x000000003ffe86b0        0x0 /root/ESP8266/esp-open-sdk/xtensa-lx106-elf/lib/gcc/xtensa-lx106-elf/4.8.2/libgcc.a(_popcountsi2.o)
 .data          0x000000003ffe86b0        0x0 /root/ESP8266/esp-open-sdk/xtensa-lx106-elf/lib/gcc/xtensa-lx106-elf/4.8.2/libgcc.a(_divdi3.o)
 .data          0x000000003ffe86b0        0x0 /root/ESP8266/esp-open-sdk/xtensa-lx106-elf/lib/gcc/xtensa-lx106-elf/4.8.2/libgcc.a(_udivdi3.o)
 .data          0x000000003ffe86b0        0x0 /root/ESP8266/esp-open-sdk/xtensa-lx106-elf/lib/gcc/xtensa-lx106-elf/4.8.2/libgcc.a(_umoddi3.o)
 .data          0x000000003ffe86b0        0x0 /root/ESP8266/esp-open-sdk/xtensa-lx106-elf/lib/gcc/xtensa-lx106-elf/4.8.2/libgcc.a(_umulsidi3.o)
 .data          0x000000003ffe86b0        0x0 /root/ESP8266/esp-open-sdk/xtensa-lx106-elf/lib/gcc/xtensa-lx106-elf/4.8.2/libgcc.a(_popcount_tab.o)
 .data          0x000000003ffe86b0        0x0 ../../libc/xtensa-lx106-elf/lib/libc.a(lib_a-atoi.o)
 .data          0x000000003ffe86b0        0x0 ../../libc/xtensa-lx106-elf/lib/libc.a(lib_a-bzero.o)
 .data          0x000000003ffe86b0        0x0 ../../libc/xtensa-lx106-elf/lib/libc.a(lib_a-calloc.o)
 .data          0x000000003ffe86b0        0x0 ../../libc/xtensa-lx106-elf/lib/libc.a(lib_a-errno.o)
 .data          0x000000003ffe86b0      0x430 ../../libc/xtensa-lx106-elf/lib/libc.a(lib_a-impure.o)
                0x000000003ffe86b0                _impure_ptr
 .data          0x000000003ffe8ae0        0x0 ../../libc/xtensa-lx106-elf/lib/libc.a(lib_a-malloc.o)
 .data          0x000000003ffe8ae0        0x0 ../../libc/xtensa-lx106-elf/lib/libc.a(lib_a-memcmp.o)
 .data          0x000000003ffe8ae0        0x0 ../../libc/xtensa-lx106-elf/lib/libc.a(lib_a-memcpy.o)
 .data          0x000000003ffe8ae0        0x0 ../../libc/xtensa-lx106-elf/lib/libc.a(lib_a-memset.o)
 .data          0x000000003ffe8ae0        0x0 ../../libc/xtensa-lx106-elf/lib/libc.a(lib_a-mstats.o)
 .data          0x000000003ffe8ae0        0x0 ../../libc/xtensa-lx106-elf/lib/libc.a(lib_a-nano-callocr.o)
 .data          0x000000003ffe8ae0        0x0 ../../libc/xtensa-lx106-elf/lib/libc.a(lib_a-nano-freer.o)
 .data          0x000000003ffe8ae0        0x0 ../../libc/xtensa-lx106-elf/lib/libc.a(lib_a-nano-mallinfor.o)
 .data          0x000000003ffe8ae0        0x0 ../../libc/xtensa-lx106-elf/lib/libc.a(lib_a-nano-mallocr.o)
 .data          0x000000003ffe8ae0        0x0 ../../libc/xtensa-lx106-elf/lib/libc.a(lib_a-nano-malloptr.o)
 .data          0x000000003ffe8ae0        0x0 ../../libc/xtensa-lx106-elf/lib/libc.a(lib_a-nano-mallstatsr.o)
 .data          0x000000003ffe8ae0        0x0 ../../libc/xtensa-lx106-elf/lib/libc.a(lib_a-printf.o)
 .data          0x000000003ffe8ae0        0x0 ../../libc/xtensa-lx106-elf/lib/libc.a(lib_a-putchar.o)
 .data          0x000000003ffe8ae0        0x0 ../../libc/xtensa-lx106-elf/lib/libc.a(lib_a-putc.o)
 .data          0x000000003ffe8ae0        0x0 ../../libc/xtensa-lx106-elf/lib/libc.a(lib_a-puts.o)
 .data          0x000000003ffe8ae0        0x0 ../../libc/xtensa-lx106-elf/lib/libc.a(lib_a-rand.o)
 .data          0x000000003ffe8ae0        0x0 ../../libc/xtensa-lx106-elf/lib/libc.a(lib_a-realloc.o)
 .data          0x000000003ffe8ae0        0x0 ../../libc/xtensa-lx106-elf/lib/libc.a(lib_a-sprintf.o)
 .data          0x000000003ffe8ae0        0x0 ../../libc/xtensa-lx106-elf/lib/libc.a(lib_a-strcmp.o)
 .data          0x000000003ffe8ae0        0x0 ../../libc/xtensa-lx106-elf/lib/libc.a(lib_a-strcpy.o)
 .data          0x000000003ffe8ae0        0x0 ../../libc/xtensa-lx106-elf/lib/libc.a(lib_a-strlen.o)
 .data          0x000000003ffe8ae0        0x0 ../../libc/xtensa-lx106-elf/lib/libc.a(lib_a-strncmp.o)
 .data          0x000000003ffe8ae0        0x0 ../../libc/xtensa-lx106-elf/lib/libc.a(lib_a-strncpy.o)
 .data          0x000000003ffe8ae0        0x0 ../../libc/xtensa-lx106-elf/lib/libc.a(lib_a-strrchr.o)
 .data          0x000000003ffe8ae0        0x0 ../../libc/xtensa-lx106-elf/lib/libc.a(lib_a-strtol.o)
 .data          0x000000003ffe8ae0        0x0 ../../libc/xtensa-lx106-elf/lib/libc.a(lib_a-syssbrk.o)
 .data          0x000000003ffe8ae0        0x0 ../../libc/xtensa-lx106-elf/lib/libc.a(lib_a-wbuf.o)
 .data          0x000000003ffe8ae0        0x0 ../../libc/xtensa-lx106-elf/lib/libc.a(lib_a-wsetup.o)
 .data          0x000000003ffe8ae0        0x0 ../../libc/xtensa-lx106-elf/lib/libc.a(lock.o)
 .data          0x000000003ffe8ae0        0x4 ../../libc/xtensa-lx106-elf/lib/libc.a(lib_a-ctype_.o)
                0x000000003ffe8ae0                __ctype_ptr__
 .data          0x000000003ffe8ae4        0x0 ../../libc/xtensa-lx106-elf/lib/libc.a(lib_a-fflush.o)
 .data          0x000000003ffe8ae4        0x0 ../../libc/xtensa-lx106-elf/lib/libc.a(lib_a-findfp.o)
 .data          0x000000003ffe8ae4        0x0 ../../libc/xtensa-lx106-elf/lib/libc.a(lib_a-fprintf.o)
 .data          0x000000003ffe8ae4        0x0 ../../libc/xtensa-lx106-elf/lib/libc.a(lib_a-fvwrite.o)
 .data          0x000000003ffe8ae4        0x0 ../../libc/xtensa-lx106-elf/lib/libc.a(lib_a-fwalk.o)
 .data          0x000000003ffe8ae4        0x0 ../../libc/xtensa-lx106-elf/lib/libc.a(lib_a-makebuf.o)
 .data          0x000000003ffe8ae4        0x0 ../../libc/xtensa-lx106-elf/lib/libc.a(lib_a-memchr.o)
 .data          0x000000003ffe8ae4        0x0 ../../libc/xtensa-lx106-elf/lib/libc.a(lib_a-memmove.o)
 .data          0x000000003ffe8ae4        0x0 ../../libc/xtensa-lx106-elf/lib/libc.a(lib_a-nano-reallocr.o)
 .data          0x000000003ffe8ae4        0x0 ../../libc/xtensa-lx106-elf/lib/libc.a(lib_a-nano-svfprintf.o)
 .data          0x000000003ffe8ae4        0x0 ../../libc/xtensa-lx106-elf/lib/libc.a(lib_a-nano-vfprintf_i.o)
 .data          0x000000003ffe8ae4        0x0 ../../libc/xtensa-lx106-elf/lib/libc.a(lib_a-nano-vfprintf.o)
 .data          0x000000003ffe8ae4        0x0 ../../libc/xtensa-lx106-elf/lib/libc.a(lib_a-stdio.o)
 .data          0x000000003ffe8ae4        0x0 ../../libc/xtensa-lx106-elf/lib/libc.a(lib_a-strchr.o)
 .data          0x000000003ffe8ae4        0x0 ../../libc/xtensa-lx106-elf/lib/libc.a(isatty.o)
 .data          0x000000003ffe8ae4        0x0 ../../libc/xtensa-lx106-elf/lib/libc.a(lib_a-fclose.o)
 .data          0x000000003ffe8ae4        0x0 ../../libc/xtensa-lx106-elf/lib/libc.a(lib_a-fputwc.o)
 .data          0x000000003ffe8ae4       0x7c ../../libc/xtensa-lx106-elf/lib/libc.a(lib_a-locale.o)
                0x000000003ffe8b5c                __mb_cur_max
 .data          0x000000003ffe8b60        0x0 ../../libc/xtensa-lx106-elf/lib/libc.a(lib_a-nano-msizer.o)
 .data          0x000000003ffe8b60        0x0 ../../libc/xtensa-lx106-elf/lib/libc.a(lib_a-wcrtomb.o)
 .data          0x000000003ffe8b60        0x4 ../../libc/xtensa-lx106-elf/lib/libc.a(lib_a-wctomb_r.o)
                0x000000003ffe8b60                __wctomb
 .data          0x000000003ffe8b64       0x18 ./build/sdklib/libnet80211.a(ieee80211_crypto_ccmp.o)
                0x000000003ffe8b64                sdk_ccmp
 .data          0x000000003ffe8b7c       0x18 ./build/sdklib/libnet80211.a(ieee80211_crypto_tkip.o)
                0x000000003ffe8b7c                sdk_tkip
 .data          0x000000003ffe8b94       0x18 ./build/sdklib/libnet80211.a(ieee80211_crypto_wep.o)
                0x000000003ffe8b94                sdk_wep
 .data          0x000000003ffe8bac        0x0 ./build/core.a(newlib_syscalls.o)
 *(.data.*)
 *(.gnu.linkonce.d.*)
 *(.data1)
 *(.sdata)
 *(.sdata.*)
 *(.gnu.linkonce.s.*)
 *(.sdata2)
 *(.sdata2.*)
 *(.gnu.linkonce.s2.*)
 *(.jcr)
                0x000000003ffe8bac                _data_end = ABSOLUTE (.)

.rodata         0x000000003ffe8bb0     0x20d8
                0x000000003ffe8bb0                _rodata_start = ABSOLUTE (.)
 *(.rodata)
 .rodata        0x000000003ffe8bb0        0x8 ./build/sdklib/libnet80211.a(ieee80211.o)
                0x000000003ffe8bb0                sdk_ieee80211_opcap
 .rodata        0x000000003ffe8bb8        0x4 ./build/sdklib/libnet80211.a(ieee80211_hostap.o)
 .rodata        0x000000003ffe8bbc        0x4 ./build/sdklib/libnet80211.a(ieee80211_output.o)
 .rodata        0x000000003ffe8bc0       0x70 ./build/sdklib/libnet80211.a(ieee80211_proto.o)
 .rodata        0x000000003ffe8c30        0x8 ./build/sdklib/libnet80211.a(wl_cnx.o)
 .rodata        0x000000003ffe8c38        0x8 ./build/sdklib/libphy.a(phy_chip_v6_ana.o)
 .rodata        0x000000003ffe8c40        0x8 ./build/sdklib/libphy.a(phy_chip_v6.o)
 *fill*         0x000000003ffe8c48        0x8 
 .rodata        0x000000003ffe8c50       0x10 ./build/sdklib/libphy.a(phy_chip_v5_romfunc.o)
 .rodata        0x000000003ffe8c60        0xc ./build/sdklib/libphy.a(phy_chip_v5_ana_romfunc.o)
 *fill*         0x000000003ffe8c6c        0x4 
 .rodata        0x000000003ffe8c70        0x6 ./build/sdklib/libwpa.a(ap_config.o)
 *fill*         0x000000003ffe8c76        0x2 
 .rodata        0x000000003ffe8c78       0x14 ./build/sdklib/libwpa.a(wpa_auth.o)
 *fill*         0x000000003ffe8c8c        0x4 
 .rodata        0x000000003ffe8c90        0x8 ./build/sdklib/libwpa.a(wpa.o)
 *fill*         0x000000003ffe8c98        0x8 
 .rodata        0x000000003ffe8ca0        0xc ./build/sdklib/libwpa.a(wpa_common.o)
 .rodata        0x000000003ffe8cac        0x2 ./build/sdklib/libwpa.a(sha1-internal.o)
 *fill*         0x000000003ffe8cae        0x2 
 .rodata        0x000000003ffe8cb0        0xa ./build/sdklib/libwpa.a(aes-internal.o)
                0x000000003ffe8cb0                sdk_rcons
 *fill*         0x000000003ffe8cba        0x2 
 .rodata        0x000000003ffe8cbc       0x60 ./build/program.a(http_get_ssl.o)
 .rodata        0x000000003ffe8d1c       0x14 ./build/freertos.a(tasks.o)
 .rodata        0x000000003ffe8d30       0x84 ./build/lwip.a(sockets.o)
 .rodata        0x000000003ffe8db4       0x18 ./build/lwip.a(tcpip.o)
 .rodata        0x000000003ffe8dcc       0xf0 ./build/lwip.a(dhcp.o)
 .rodata        0x000000003ffe8ebc       0x1c ./build/lwip.a(memp.o)
                0x000000003ffe8ebc                memp_sizes
 .rodata        0x000000003ffe8ed8       0x14 ./build/lwip.a(pbuf.o)
 .rodata        0x000000003ffe8eec       0x74 ./build/lwip.a(tcp.o)
                0x000000003ffe8f0c                tcp_pcb_lists
                0x000000003ffe8f1c                tcp_persist_backoff
                0x000000003ffe8f24                tcp_backoff
                0x000000003ffe8f34                tcp_state_str
 .rodata        0x000000003ffe8f60        0x8 ./build/lwip.a(ip_addr.o)
                0x000000003ffe8f60                ip_addr_broadcast
                0x000000003ffe8f64                ip_addr_any
 .rodata        0x000000003ffe8f68        0xe ./build/lwip.a(etharp.o)
                0x000000003ffe8f68                ethzero
                0x000000003ffe8f70                ethbroadcast
 *fill*         0x000000003ffe8f76        0x2 
 .rodata        0x000000003ffe8f78       0x20 ./build/lwip.a(tcp_in.o)
 .rodata        0x000000003ffe8f98       0x80 ./build/axtls.a(tls1.o)
                0x000000003ffe900c                ssl_prot_prefs
 .rodata        0x000000003ffe9018       0x54 ./build/axtls.a(tls1_clnt.o)
 .rodata        0x000000003ffe906c       0x60 ./build/axtls.a(tls1_svr.o)
 .rodata        0x000000003ffe90cc       0x28 ./build/axtls.a(x509.o)
 .rodata        0x000000003ffe90f4      0x220 ./build/axtls.a(aes.o)
 .rodata        0x000000003ffe9314        0x4 ./build/axtls.a(crypto_misc.o)
                0x000000003ffe9314                unsupported_str
 .rodata        0x000000003ffe9318       0x40 ./build/axtls.a(md5.o)
 .rodata        0x000000003ffe9358       0x40 ./build/axtls.a(sha256.o)
 .rodata        0x000000003ffe9398      0x300 ./build/axtls.a(sha512.o)
 .rodata        0x000000003ffe9698       0x38 ./build/axtls.a(asn1.o)
 .rodata        0x000000003ffe96d0      0x100 /root/ESP8266/esp-open-sdk/xtensa-lx106-elf/lib/gcc/xtensa-lx106-elf/4.8.2/libgcc.a(_popcount_tab.o)
                0x000000003ffe96d0                __popcount_tab
 .rodata        0x000000003ffe97d0        0x4 ../../libc/xtensa-lx106-elf/lib/libc.a(lib_a-impure.o)
                0x000000003ffe97d0                _global_impure_ptr
 .rodata        0x000000003ffe97d4      0x101 ../../libc/xtensa-lx106-elf/lib/libc.a(lib_a-ctype_.o)
                0x000000003ffe97d4                _ctype_
 *(.rodata.*)
 *fill*         0x000000003ffe98d5        0x3 
 .rodata.str1.4
                0x000000003ffe98d8      0x165 ./build/sdklib/libmain.a(app_main.o)
                                        0x169 (size before relaxing)
 *fill*         0x000000003ffe9a3d        0x3 
 .rodata.str1.4
                0x000000003ffe9a40       0x7b ./build/sdklib/libmain.a(ets_timer.o)
 *fill*         0x000000003ffe9abb        0x1 
 .rodata.str1.4
                0x000000003ffe9abc      0x18f ./build/sdklib/libmain.a(user_interface.o)
                                        0x1a2 (size before relaxing)
 *fill*         0x000000003ffe9c4b        0x1 
 .rodata.str1.4
                0x000000003ffe9c4c       0x3f ./build/sdklib/libmain.a(timers.o)
 *fill*         0x000000003ffe9c8b        0x1 
 .rodata.str1.4
                0x000000003ffe9c8c       0x3f ./build/sdklib/libnet80211.a(ieee80211.o)
                                         0x4a (size before relaxing)
 *fill*         0x000000003ffe9ccb        0x1 
 .rodata.str1.4
                0x000000003ffe9ccc       0x19 ./build/sdklib/libnet80211.a(ieee80211_ht.o)
 *fill*         0x000000003ffe9ce5        0x3 
 .rodata.str1.4
                0x000000003ffe9ce8       0x27 ./build/sdklib/libnet80211.a(ieee80211_output.o)
                                         0x2f (size before relaxing)
 *fill*         0x000000003ffe9d0f        0x1 
 .rodata.str1.4
                0x000000003ffe9d10       0x24 ./build/sdklib/libnet80211.a(ieee80211_scan.o)
 .rodata.str1.4
                0x000000003ffe9d34       0x99 ./build/sdklib/libnet80211.a(wl_cnx.o)
 *fill*         0x000000003ffe9dcd        0x3 
 .rodata.str1.4
                0x000000003ffe9dd0       0x3d ./build/sdklib/libphy.a(phy_chip_v6_ana.o)
                                         0x45 (size before relaxing)
 *fill*         0x000000003ffe9e0d        0x3 
 .rodata.str1.4
                0x000000003ffe9e10       0xca ./build/sdklib/libphy.a(phy_chip_v6.o)
                                         0xce (size before relaxing)
 *fill*         0x000000003ffe9eda        0x2 
 .rodata.str1.4
                0x000000003ffe9edc      0x179 ./build/sdklib/libphy.a(phy_chip_v6_cal.o)
 *fill*         0x000000003ffea055        0x3 
 .rodata.str1.4
                0x000000003ffea058       0x1d ./build/sdklib/libphy.a(phy_chip_v6_unused.o)
 *fill*         0x000000003ffea075        0x3 
 .rodata.str1.4
                0x000000003ffea078       0x22 ./build/sdklib/libphy.a(phy_chip_v5_romfunc.o)
 *fill*         0x000000003ffea09a        0x2 
 .rodata.str1.4
                0x000000003ffea09c       0xbd ./build/sdklib/libphy.a(phy_chip_v5_cal_romfunc.o)
                                         0xe5 (size before relaxing)
 *fill*         0x000000003ffea159        0x3 
 .rodata.str1.4
                0x000000003ffea15c       0x44 ./build/sdklib/libpp.a(if_hwctrl.o)
 .rodata.str1.4
                0x000000003ffea1a0       0x2b ./build/sdklib/libpp.a(lmac.o)
                                         0x33 (size before relaxing)
 *fill*         0x000000003ffea1cb        0x1 
 .rodata.str1.4
                0x000000003ffea1cc      0x30a ./build/sdklib/libpp.a(pm.o)
                                        0x326 (size before relaxing)
 *fill*         0x000000003ffea4d6        0x2 
 .rodata.str1.4
                0x000000003ffea4d8       0x74 ./build/sdklib/libpp.a(pp.o)
                                         0x7c (size before relaxing)
 .rodata.str1.4
                0x000000003ffea54c       0x39 ./build/sdklib/libpp.a(trc.o)
 *fill*         0x000000003ffea585        0x3 
 .rodata.str1.4
                0x000000003ffea588        0x7 ./build/sdklib/libpp.a(wdev.o)
                                          0xf (size before relaxing)
 *fill*         0x000000003ffea58f        0x1 
 .rodata.str1.4
                0x000000003ffea590       0x3c ./build/sdklib/libwpa.a(wpa_auth.o)
                                         0x43 (size before relaxing)
 .rodata.str1.4
                0x0000000000000000       0x17 ./build/sdklib/libwpa.a(wpa.o)
 .rodata.str1.4
                0x000000003ffea5cc        0x9 ./build/sdklib/libwpa.a(wpa_common.o)
 *fill*         0x000000003ffea5d5        0x3 
 .rodata.str1.4
                0x000000003ffea5d8       0x36 ./build/sdklib/libwpa.a(wpa_main.o)
 *fill*         0x000000003ffea60e        0x2 
 .rodata.str1.4
                0x000000003ffea610        0x2 ./build/sdklib/libwpa.a(sha1-internal.o)
 *fill*         0x000000003ffea612        0x2 
 .rodata.str1.4
                0x000000003ffea614      0x36d ./build/program.a(http_get_ssl.o)
 *fill*         0x000000003ffea981        0x3 
 .rodata.str1.4
                0x000000003ffea984        0x5 ./build/freertos.a(tasks.o)
 *fill*         0x000000003ffea989        0x3 
 .rodata.str1.4
                0x000000003ffea98c        0x8 ./build/freertos.a(timers.o)
 .rodata.str1.4
                0x000000003ffea994        0xd ./build/lwip.a(tcpip.o)
 *fill*         0x000000003ffea9a1        0x3 
 .rodata.str1.4
                0x000000003ffea9a4        0xf ./build/lwip.a(dns.o)
 *fill*         0x000000003ffea9b3        0x1 
 .rodata.str1.4
                0x000000003ffea9b4       0x76 ./build/lwip.a(tcp.o)
 *fill*         0x000000003ffeaa2a        0x2 
 .rodata.str1.4
                0x000000003ffeaa2c       0x84 ./build/axtls.a(tls1.o)
 .rodata.str1.4
                0x000000003ffeaab0       0x15 ./build/axtls.a(axtls_esp_stubs.o)
 *fill*         0x000000003ffeaac5        0x3 
 .rodata.str1.4
                0x000000003ffeaac8       0x5a ./build/axtls.a(bigint.o)
 *fill*         0x000000003ffeab22        0x2 
 .rodata.str1.4
                0x000000003ffeab24       0x1e ./build/axtls.a(crypto_misc.o)
 *fill*         0x000000003ffeab42        0x2 
 .rodata.str1.4
                0x000000003ffeab44        0x4 ./build/axtls.a(loader.o)
                                          0x3 (size before relaxing)
 .rodata.str1.1
                0x000000003ffeab48        0x2 ../../libc/xtensa-lx106-elf/lib/libc.a(lib_a-impure.o)
 .rodata.str1.1
                0x000000003ffeab4a       0x21 ../../libc/xtensa-lx106-elf/lib/libc.a(lib_a-mstats.o)
 .rodata.str1.1
                0x000000003ffeab6b       0x4b ../../libc/xtensa-lx106-elf/lib/libc.a(lib_a-nano-mallstatsr.o)
 .rodata.str1.1
                0x0000000000000000       0x4b ../../libc/xtensa-lx106-elf/lib/libc.a(lib_a-puts.o)
                                          0x2 (size before relaxing)
 .rodata.str1.1
                0x000000003ffeabb6       0x11 ../../libc/xtensa-lx106-elf/lib/libc.a(lib_a-nano-svfprintf.o)
 .rodata.str1.1
                0x000000003ffeabc7       0x22 ../../libc/xtensa-lx106-elf/lib/libc.a(lib_a-nano-vfprintf_i.o)
 .rodata.str1.1
                0x0000000000000000       0x11 ../../libc/xtensa-lx106-elf/lib/libc.a(lib_a-nano-vfprintf.o)
 .rodata.str1.1
                0x000000003ffeabe9        0x8 ../../libc/xtensa-lx106-elf/lib/libc.a(lib_a-locale.o)
                                          0xb (size before relaxing)
 *(.gnu.linkonce.r.*)
 *(.rodata1)
                0x000000003ffeabf1                __XT_EXCEPTION_TABLE__ = ABSOLUTE (.)
 *(.xt_except_table)
 *(.gcc_except_table)
 *(.gnu.linkonce.e.*)
 *(.gnu.version_r)
 *(.eh_frame)
 *fill*         0x000000003ffeabf1        0x3 
 .eh_frame      0x000000003ffeabf4       0x38 /root/ESP8266/esp-open-sdk/xtensa-lx106-elf/lib/gcc/xtensa-lx106-elf/4.8.2/libgcc.a(_divdi3.o)
 .eh_frame      0x000000003ffeac2c       0x28 /root/ESP8266/esp-open-sdk/xtensa-lx106-elf/lib/gcc/xtensa-lx106-elf/4.8.2/libgcc.a(_udivdi3.o)
                                         0x38 (size before relaxing)
 .eh_frame      0x000000003ffeac54       0x2c /root/ESP8266/esp-open-sdk/xtensa-lx106-elf/lib/gcc/xtensa-lx106-elf/4.8.2/libgcc.a(_umoddi3.o)
                                         0x3c (size before relaxing)
                0x000000003ffeac80                . = ((. + 0x3) & 0xfffffffffffffffc)
                0x000000003ffeac80                __init_array_start = ABSOLUTE (.)
 *crtbegin.o(.ctors)
 *(EXCLUDE_FILE(*crtend.o) .ctors)
 *(SORT(.ctors.*))
 *(.ctors)
                0x000000003ffeac80                __init_array_end = ABSOLUTE (.)
 *crtbegin.o(.dtors)
 *(EXCLUDE_FILE(*crtend.o) .dtors)
 *(SORT(.dtors.*))
 *(.dtors)
                0x000000003ffeac80                __XT_EXCEPTION_DESCS__ = ABSOLUTE (.)
 *(.xt_except_desc)
 *(.gnu.linkonce.h.*)
                0x000000003ffeac80                __XT_EXCEPTION_DESCS_END__ = ABSOLUTE (.)
 *(.xt_except_desc_end)
 *(.dynamic)
 *(.gnu.version_d)
                0x000000003ffeac80                . = ALIGN (0x4)
                0x000000003ffeac80                _bss_table_start = ABSOLUTE (.)
                0x000000003ffeac80        0x4 LONG 0x3ffeac88 _bss_start
                0x000000003ffeac84        0x4 LONG 0x3fff32e0 _bss_end
                0x000000003ffeac88                _bss_table_end = ABSOLUTE (.)
                0x000000003ffeac88                _rodata_end = ABSOLUTE (.)

.bss            0x000000003ffeac88     0x8658
                0x000000003ffeac88                . = ALIGN (0x8)
                0x000000003ffeac88                _bss_start = ABSOLUTE (.)
 *(.dynsbss)
 *(.sbss)
 *(.sbss.*)
 *(.gnu.linkonce.sb.*)
 *(.scommon)
 *(.sbss2)
 *(.sbss2.*)
 *(.gnu.linkonce.sb2.*)
 *(.dynbss)
 *(.bss)
 .bss           0x000000003ffeac88      0x474 ./build/core.a(exception_vectors.o)
                0x000000003ffeb0f8                NMIHandlerAddress
 .bss           0x000000003ffeb0fc       0x30 ./build/sdklib/libmain.a(app_main.o)
                0x000000003ffeb0fc                sdk_user_init_flag
                0x000000003ffeb100                sdk_info
                0x000000003ffeb124                sdk_xUserTaskHandle
                0x000000003ffeb128                sdk_xWatchDogTaskHandle
 *fill*         0x000000003ffeb12c        0x4 
 .bss           0x000000003ffeb130       0x40 ./build/sdklib/libmain.a(ets_timer.o)
                0x000000003ffeb138                sdk_debug_timer
                0x000000003ffeb13c                sdk_debug_timerfn
 .bss           0x000000003ffeb170        0x4 ./build/sdklib/libmain.a(misc.o)
                0x000000003ffeb170                sdk__putc1
 .bss           0x000000003ffeb174        0x0 ./build/sdklib/libmain.a(spi_flash.o)
 .bss           0x000000003ffeb174        0x0 ./build/sdklib/libmain.a(uart.o)
 *fill*         0x000000003ffeb174        0xc 
 .bss           0x000000003ffeb180      0x131 ./build/sdklib/libmain.a(user_interface.o)
                0x000000003ffeb279                sdk_cpu_overclock
                0x000000003ffeb27c                sdk_rst_if
                0x000000003ffeb29c                sdk_promiscuous_cb
 .bss           0x000000003ffeb2b1        0x0 ./build/sdklib/libmain.a(os_cpu_a.o)
 .bss           0x000000003ffeb2b1        0x0 ./build/sdklib/libmain.a(xtensa_context.o)
 *fill*         0x000000003ffeb2b1        0x3 
 .bss           0x000000003ffeb2b4        0x5 ./build/sdklib/libmain.a(timers.o)
 *fill*         0x000000003ffeb2b9        0x3 
 .bss           0x000000003ffeb2bc      0x54c ./build/sdklib/libnet80211.a(ieee80211.o)
                0x000000003ffeb2bc                sdk_g_ic
                0x000000003ffeb804                sdk_xieee80211Queue
 .bss           0x000000003ffeb808        0x0 ./build/sdklib/libnet80211.a(ieee80211_crypto.o)
 .bss           0x000000003ffeb808       0x28 ./build/sdklib/libnet80211.a(ieee80211_hostap.o)
                0x000000003ffeb828                sdk_TmpSTAAPCloseAP
                0x000000003ffeb829                sdk_PendFreeBcnEb
 .bss           0x000000003ffeb830        0x0 ./build/sdklib/libnet80211.a(ieee80211_ht.o)
 .bss           0x000000003ffeb830        0x0 ./build/sdklib/libnet80211.a(ieee80211_input.o)
 .bss           0x000000003ffeb830        0x0 ./build/sdklib/libnet80211.a(ieee80211_output.o)
 .bss           0x000000003ffeb830        0x0 ./build/sdklib/libnet80211.a(ieee80211_phy.o)
 .bss           0x000000003ffeb830        0x0 ./build/sdklib/libnet80211.a(ieee80211_power.o)
 .bss           0x000000003ffeb830        0x0 ./build/sdklib/libnet80211.a(ieee80211_proto.o)
 .bss           0x000000003ffeb830       0xe4 ./build/sdklib/libnet80211.a(ieee80211_scan.o)
                0x000000003ffeb830                sdk_gScanStruct
                0x000000003ffeb8f4                sdk_auth_type
                0x000000003ffeb8f6                sdk_scannum
 .bss           0x000000003ffeb914        0x0 ./build/sdklib/libnet80211.a(ieee80211_sta.o)
 .bss           0x000000003ffeb914       0x44 ./build/sdklib/libnet80211.a(wl_chm.o)
 .bss           0x000000003ffeb958      0x780 ./build/sdklib/libnet80211.a(wl_cnx.o)
                0x000000003ffec0b8                sdk_sta_con_timer
                0x000000003ffec0d4                sdk_g_cnx_probe_rc_list_cb
 .bss           0x000000003ffec0d8        0x0 ./build/sdklib/libnet80211.a(ieee80211_action.o)
 .bss           0x000000003ffec0d8        0x0 ./build/sdklib/libnet80211.a(ieee80211_ets.o)
 .bss           0x000000003ffec0d8        0x4 ./build/sdklib/libphy.a(phy.o)
 .bss           0x000000003ffec0dc        0x0 ./build/sdklib/libphy.a(phy_chip_v6_ana.o)
 *fill*         0x000000003ffec0dc        0x4 
 .bss           0x000000003ffec0e0      0x38b ./build/sdklib/libphy.a(phy_chip_v6.o)
                0x000000003ffec0e0                sdk_rxiq_compute_num
                0x000000003ffec0e4                sdk_rxdc_init_flag
                0x000000003ffec0e8                sdk_check_result
                0x000000003ffec0ec                sdk_chip6_sleep_params
                0x000000003ffec2c4                sdk_chip6_phy_init_ctrl
                0x000000003ffec332                sdk_phy_freq_offset
                0x000000003ffec334                sdk_do_pwctrl_flag
                0x000000003ffec335                sdk_pwctrl_debug
                0x000000003ffec336                sdk_txbk_dpdby_flag
                0x000000003ffec338                sdk_sw_scan_mode
                0x000000003ffec34c                sdk_periodic_cal_dc_num
                0x000000003ffec350                sdk_periodic_cal_flag
                0x000000003ffec351                sdk_bbpll_cal_flag
                0x000000003ffec352                sdk_deep_sleep_en
                0x000000003ffec358                sdk_noise_array
                0x000000003ffec460                sdk_tx_pwctrl_atten_init
 *fill*         0x000000003ffec46b        0x1 
 .bss           0x000000003ffec46c        0x6 ./build/sdklib/libphy.a(phy_chip_v6_cal.o)
                0x000000003ffec46c                sdk_loop_pwctrl_pwdet_error_accum_high_power
                0x000000003ffec46e                sdk_tx_pwctrl_pk_num
                0x000000003ffec46f                sdk_loop_pwctrl_correct_atten_high_power
                0x000000003ffec470                sdk_tx_pwctrl_set_chan_flag
                0x000000003ffec471                sdk_rxiq_cover_fail_num
 .bss           0x000000003ffec472        0x0 ./build/sdklib/libphy.a(phy_chip_v6_unused.o)
 *fill*         0x000000003ffec472        0x2 
 .bss           0x000000003ffec474        0x4 ./build/sdklib/libphy.a(phy_sleep.o)
                0x000000003ffec474                sdk_periodic_cal_sat
                0x000000003ffec475                sdk_software_slp_reject
                0x000000003ffec476                sdk_SDIO_slp_reject
                0x000000003ffec477                sdk_hardware_reject
 .bss           0x000000003ffec478        0x0 ./build/sdklib/libphy.a(phy_chip_v5_romfunc.o)
 .bss           0x000000003ffec478        0x0 ./build/sdklib/libphy.a(phy_chip_v5_ana_romfunc.o)
 .bss           0x000000003ffec478        0x0 ./build/sdklib/libphy.a(phy_chip_v5_cal_romfunc.o)
 *fill*         0x000000003ffec478        0x8 
 .bss           0x000000003ffec480     0x11e8 ./build/sdklib/libpp.a(esf_buf.o)
 *fill*         0x000000003ffed668        0x8 
 .bss           0x000000003ffed670       0x30 ./build/sdklib/libpp.a(if_hwctrl.o)
                0x000000003ffed670                sdk_interface_mask
                0x000000003ffed680                sdk_if_ctrl
 .bss           0x000000003ffed6a0      0x150 ./build/sdklib/libpp.a(lmac.o)
                0x000000003ffed6a4                sdk_lmacConfMib
 .bss           0x000000003ffed7f0      0x149 ./build/sdklib/libpp.a(pm.o)
 *fill*         0x000000003ffed939        0x7 
 .bss           0x000000003ffed940      0x352 ./build/sdklib/libpp.a(pp.o)
                0x000000003ffed968                sdk_pend_flag_noise_check
                0x000000003ffed970                sdk_pend_flag_periodic_cal
                0x000000003ffed994                sdk_dbg_stop_sw_wdt
                0x000000003ffed995                sdk_dbg_stop_hw_wdt
 *fill*         0x000000003ffedc92        0xe 
 .bss           0x000000003ffedca0      0x100 ./build/sdklib/libpp.a(rate_control.o)
 .bss           0x000000003ffedda0      0x268 ./build/sdklib/libpp.a(trc.o)
 *fill*         0x000000003ffee008        0x8 
 .bss           0x000000003ffee010     0x4721 ./build/sdklib/libpp.a(wdev.o)
                0x000000003ffee010                sdk_wDevCtrl
                0x000000003ffee1b4                sdk_NMIIrqIsOn
                0x000000003ffee1b8                sdk_WdevTimOffSet
 .bss           0x000000003fff2731        0x0 ./build/sdklib/libwpa.a(ap_config.o)
 .bss           0x000000003fff2731        0x0 ./build/sdklib/libwpa.a(common.o)
 .bss           0x000000003fff2731        0x0 ./build/sdklib/libwpa.a(os_xtensa.o)
 .bss           0x000000003fff2731        0x0 ./build/sdklib/libwpa.a(sha1-pbkdf2.o)
 .bss           0x000000003fff2731        0x0 ./build/sdklib/libwpa.a(wpa_auth.o)
 .bss           0x000000003fff2731        0x0 ./build/sdklib/libwpa.a(wpa_auth_ie.o)
 *fill*         0x000000003fff2731        0xf 
 .bss           0x000000003fff2740      0x27a ./build/sdklib/libwpa.a(wpa.o)
 .bss           0x000000003fff29ba        0x0 ./build/sdklib/libwpa.a(wpa_common.o)
 .bss           0x000000003fff29ba        0x0 ./build/sdklib/libwpa.a(wpa_debug.o)
 .bss           0x000000003fff29ba        0x0 ./build/sdklib/libwpa.a(wpa_ie.o)
 .bss           0x000000003fff29ba        0x0 ./build/sdklib/libwpa.a(wpa_main.o)
 .bss           0x000000003fff29ba        0x0 ./build/sdklib/libwpa.a(wpas_glue.o)
 .bss           0x000000003fff29ba        0x0 ./build/sdklib/libwpa.a(aes-unwrap.o)
 .bss           0x000000003fff29ba        0x0 ./build/sdklib/libwpa.a(aes-wrap.o)
 .bss           0x000000003fff29ba        0x0 ./build/sdklib/libwpa.a(md5.o)
 .bss           0x000000003fff29ba        0x0 ./build/sdklib/libwpa.a(md5-internal.o)
 .bss           0x000000003fff29ba        0x0 ./build/sdklib/libwpa.a(rc4.o)
 .bss           0x000000003fff29ba        0x0 ./build/sdklib/libwpa.a(sha1.o)
 .bss           0x000000003fff29ba        0x0 ./build/sdklib/libwpa.a(sha1-internal.o)
 *fill*         0x000000003fff29ba        0x6 
 .bss           0x000000003fff29c0       0xb0 ./build/sdklib/libwpa.a(aes-internal-dec.o)
 .bss           0x000000003fff2a70        0x0 ./build/sdklib/libwpa.a(aes-internal-enc.o)
 .bss           0x000000003fff2a70        0x0 ./build/sdklib/libwpa.a(aes-internal.o)
 .bss           0x000000003fff2a70        0x0 ./build/program.a(http_get_ssl.o)
 .bss           0x000000003fff2a70        0x0 ./build/freertos.a(queue.o)
 .bss           0x000000003fff2a70      0x1c8 ./build/freertos.a(tasks.o)
                0x000000003fff2a70                pxCurrentTCB
 .bss           0x000000003fff2c38       0x3c ./build/freertos.a(timers.o)
 .bss           0x000000003fff2c74       0x14 ./build/freertos.a(port.o)
 .bss           0x000000003fff2c88        0x0 ./build/freertos.a(list.o)
 .bss           0x000000003fff2c88        0x0 ./build/lwip.a(esp_interface.o)
 .bss           0x000000003fff2c88       0x24 ./build/lwip.a(netdb.o)
 .bss           0x000000003fff2cac       0x68 ./build/lwip.a(sockets.o)
 .bss           0x000000003fff2d14        0xc ./build/lwip.a(tcpip.o)
 .bss           0x000000003fff2d20        0x0 ./build/lwip.a(dhcp.o)
 .bss           0x000000003fff2d20      0x2b0 ./build/lwip.a(dns.o)
 .bss           0x000000003fff2fd0        0x0 ./build/lwip.a(init.o)
 .bss           0x000000003fff2fd0        0x0 ./build/lwip.a(memp.o)
 .bss           0x000000003fff2fd0        0x1 ./build/lwip.a(netif.o)
 .bss           0x000000003fff2fd1        0x0 ./build/lwip.a(pbuf.o)
 .bss           0x000000003fff2fd1        0x0 ./build/lwip.a(stats.o)
 .bss           0x000000003fff2fd1        0x2 ./build/lwip.a(tcp.o)
 .bss           0x000000003fff2fd3        0x0 ./build/lwip.a(tcp_out.o)
 *fill*         0x000000003fff2fd3        0x1 
 .bss           0x000000003fff2fd4        0x8 ./build/lwip.a(timers.o)
 .bss           0x000000003fff2fdc        0x0 ./build/lwip.a(udp.o)
 .bss           0x000000003fff2fdc        0x0 ./build/lwip.a(icmp.o)
 .bss           0x000000003fff2fdc        0x0 ./build/lwip.a(inet_chksum.o)
 .bss           0x000000003fff2fdc       0x10 ./build/lwip.a(ip_addr.o)
 .bss           0x000000003fff2fec        0x2 ./build/lwip.a(ip.o)
 .bss           0x000000003fff2fee        0x0 ./build/lwip.a(ip_frag.o)
 *fill*         0x000000003fff2fee        0x2 
 .bss           0x000000003fff2ff0       0xcc ./build/lwip.a(etharp.o)
 .bss           0x000000003fff30bc        0x4 ./build/lwip.a(sys_arch.o)
                0x000000003fff30bc                xInsideISR
 .bss           0x000000003fff30c0        0x0 ./build/lwip.a(api_lib.o)
 .bss           0x000000003fff30c0        0x0 ./build/lwip.a(api_msg.o)
 .bss           0x000000003fff30c0        0x0 ./build/lwip.a(netbuf.o)
 .bss           0x000000003fff30c0        0x4 ./build/lwip.a(raw.o)
 .bss           0x000000003fff30c4       0x2c ./build/lwip.a(tcp_in.o)
 .bss           0x000000003fff30f0        0x0 ./build/axtls.a(tls1.o)
 .bss           0x000000003fff30f0        0x0 ./build/axtls.a(tls1_clnt.o)
 .bss           0x000000003fff30f0        0x0 ./build/axtls.a(tls1_svr.o)
 .bss           0x000000003fff30f0        0x0 ./build/axtls.a(x509.o)
 .bss           0x000000003fff30f0        0x0 ./build/axtls.a(axtls_esp_stubs.o)
 .bss           0x000000003fff30f0        0x0 ./build/axtls.a(aes.o)
 .bss           0x000000003fff30f0        0x0 ./build/axtls.a(bigint.o)
 .bss           0x000000003fff30f0       0x20 ./build/axtls.a(crypto_misc.o)
 .bss           0x000000003fff3110        0x0 ./build/axtls.a(hmac.o)
 .bss           0x000000003fff3110        0x0 ./build/axtls.a(md5.o)
 .bss           0x000000003fff3110        0x0 ./build/axtls.a(rc4.o)
 .bss           0x000000003fff3110        0x0 ./build/axtls.a(rsa.o)
 .bss           0x000000003fff3110        0x0 ./build/axtls.a(sha1.o)
 .bss           0x000000003fff3110        0x0 ./build/axtls.a(sha256.o)
 .bss           0x000000003fff3110        0x0 ./build/axtls.a(sha384.o)
 .bss           0x000000003fff3110        0x0 ./build/axtls.a(sha512.o)
 .bss           0x000000003fff3110        0x0 ./build/axtls.a(asn1.o)
 .bss           0x000000003fff3110        0x0 ./build/axtls.a(loader.o)
 .bss           0x000000003fff3110        0x0 ./build/core.a(sdk_compat.o)
 .bss           0x000000003fff3110        0x0 /root/ESP8266/esp-open-sdk/xtensa-lx106-elf/xtensa-lx106-elf/sysroot/usr/lib/libhal.a(clock.o)
 .bss           0x000000003fff3110        0x0 /root/ESP8266/esp-open-sdk/xtensa-lx106-elf/xtensa-lx106-elf/sysroot/usr/lib/libhal.a(int_asm--set_intset.o)
 .bss           0x000000003fff3110        0x0 /root/ESP8266/esp-open-sdk/xtensa-lx106-elf/lib/gcc/xtensa-lx106-elf/4.8.2/libgcc.a(_divsi3.o)
 .bss           0x000000003fff3110        0x0 /root/ESP8266/esp-open-sdk/xtensa-lx106-elf/lib/gcc/xtensa-lx106-elf/4.8.2/libgcc.a(_modsi3.o)
 .bss           0x000000003fff3110        0x0 /root/ESP8266/esp-open-sdk/xtensa-lx106-elf/lib/gcc/xtensa-lx106-elf/4.8.2/libgcc.a(_udivsi3.o)
 .bss           0x000000003fff3110        0x0 /root/ESP8266/esp-open-sdk/xtensa-lx106-elf/lib/gcc/xtensa-lx106-elf/4.8.2/libgcc.a(_umodsi3.o)
 .bss           0x000000003fff3110        0x0 /root/ESP8266/esp-open-sdk/xtensa-lx106-elf/lib/gcc/xtensa-lx106-elf/4.8.2/libgcc.a(_ashrdi3.o)
 .bss           0x000000003fff3110        0x0 /root/ESP8266/esp-open-sdk/xtensa-lx106-elf/lib/gcc/xtensa-lx106-elf/4.8.2/libgcc.a(_addsubsf3.o)
 .bss           0x000000003fff3110        0x0 /root/ESP8266/esp-open-sdk/xtensa-lx106-elf/lib/gcc/xtensa-lx106-elf/4.8.2/libgcc.a(_mulsf3.o)
 .bss           0x000000003fff3110        0x0 /root/ESP8266/esp-open-sdk/xtensa-lx106-elf/lib/gcc/xtensa-lx106-elf/4.8.2/libgcc.a(_divsf3.o)
 .bss           0x000000003fff3110        0x0 /root/ESP8266/esp-open-sdk/xtensa-lx106-elf/lib/gcc/xtensa-lx106-elf/4.8.2/libgcc.a(_fixsfsi.o)
 .bss           0x000000003fff3110        0x0 /root/ESP8266/esp-open-sdk/xtensa-lx106-elf/lib/gcc/xtensa-lx106-elf/4.8.2/libgcc.a(_fixunssfsi.o)
 .bss           0x000000003fff3110        0x0 /root/ESP8266/esp-open-sdk/xtensa-lx106-elf/lib/gcc/xtensa-lx106-elf/4.8.2/libgcc.a(_floatsisf.o)
 .bss           0x000000003fff3110        0x0 /root/ESP8266/esp-open-sdk/xtensa-lx106-elf/lib/gcc/xtensa-lx106-elf/4.8.2/libgcc.a(_addsubdf3.o)
 .bss           0x000000003fff3110        0x0 /root/ESP8266/esp-open-sdk/xtensa-lx106-elf/lib/gcc/xtensa-lx106-elf/4.8.2/libgcc.a(_muldf3.o)
 .bss           0x000000003fff3110        0x0 /root/ESP8266/esp-open-sdk/xtensa-lx106-elf/lib/gcc/xtensa-lx106-elf/4.8.2/libgcc.a(_divdf3.o)
 .bss           0x000000003fff3110        0x0 /root/ESP8266/esp-open-sdk/xtensa-lx106-elf/lib/gcc/xtensa-lx106-elf/4.8.2/libgcc.a(_fixdfsi.o)
 .bss           0x000000003fff3110        0x0 /root/ESP8266/esp-open-sdk/xtensa-lx106-elf/lib/gcc/xtensa-lx106-elf/4.8.2/libgcc.a(_floatsidf.o)
 .bss           0x000000003fff3110        0x0 /root/ESP8266/esp-open-sdk/xtensa-lx106-elf/lib/gcc/xtensa-lx106-elf/4.8.2/libgcc.a(_truncdfsf2.o)
 .bss           0x000000003fff3110        0x0 /root/ESP8266/esp-open-sdk/xtensa-lx106-elf/lib/gcc/xtensa-lx106-elf/4.8.2/libgcc.a(_extendsfdf2.o)
 .bss           0x000000003fff3110        0x0 /root/ESP8266/esp-open-sdk/xtensa-lx106-elf/lib/gcc/xtensa-lx106-elf/4.8.2/libgcc.a(_muldi3.o)
 .bss           0x000000003fff3110        0x0 /root/ESP8266/esp-open-sdk/xtensa-lx106-elf/lib/gcc/xtensa-lx106-elf/4.8.2/libgcc.a(_popcountsi2.o)
 .bss           0x000000003fff3110        0x0 /root/ESP8266/esp-open-sdk/xtensa-lx106-elf/lib/gcc/xtensa-lx106-elf/4.8.2/libgcc.a(_divdi3.o)
 .bss           0x000000003fff3110        0x0 /root/ESP8266/esp-open-sdk/xtensa-lx106-elf/lib/gcc/xtensa-lx106-elf/4.8.2/libgcc.a(_udivdi3.o)
 .bss           0x000000003fff3110        0x0 /root/ESP8266/esp-open-sdk/xtensa-lx106-elf/lib/gcc/xtensa-lx106-elf/4.8.2/libgcc.a(_umoddi3.o)
 .bss           0x000000003fff3110        0x0 /root/ESP8266/esp-open-sdk/xtensa-lx106-elf/lib/gcc/xtensa-lx106-elf/4.8.2/libgcc.a(_umulsidi3.o)
 .bss           0x000000003fff3110        0x0 /root/ESP8266/esp-open-sdk/xtensa-lx106-elf/lib/gcc/xtensa-lx106-elf/4.8.2/libgcc.a(_popcount_tab.o)
 .bss           0x000000003fff3110        0x0 ../../libc/xtensa-lx106-elf/lib/libc.a(lib_a-atoi.o)
 .bss           0x000000003fff3110        0x0 ../../libc/xtensa-lx106-elf/lib/libc.a(lib_a-bzero.o)
 .bss           0x000000003fff3110        0x0 ../../libc/xtensa-lx106-elf/lib/libc.a(lib_a-calloc.o)
 .bss           0x000000003fff3110        0x0 ../../libc/xtensa-lx106-elf/lib/libc.a(lib_a-errno.o)
 .bss           0x000000003fff3110        0x0 ../../libc/xtensa-lx106-elf/lib/libc.a(lib_a-impure.o)
 .bss           0x000000003fff3110        0x0 ../../libc/xtensa-lx106-elf/lib/libc.a(lib_a-malloc.o)
 .bss           0x000000003fff3110        0x0 ../../libc/xtensa-lx106-elf/lib/libc.a(lib_a-memcmp.o)
 .bss           0x000000003fff3110        0x0 ../../libc/xtensa-lx106-elf/lib/libc.a(lib_a-memcpy.o)
 .bss           0x000000003fff3110        0x0 ../../libc/xtensa-lx106-elf/lib/libc.a(lib_a-memset.o)
 .bss           0x000000003fff3110        0x0 ../../libc/xtensa-lx106-elf/lib/libc.a(lib_a-mstats.o)
 .bss           0x000000003fff3110        0x0 ../../libc/xtensa-lx106-elf/lib/libc.a(lib_a-nano-callocr.o)
 .bss           0x000000003fff3110        0x0 ../../libc/xtensa-lx106-elf/lib/libc.a(lib_a-nano-freer.o)
 .bss           0x000000003fff3110       0x28 ../../libc/xtensa-lx106-elf/lib/libc.a(lib_a-nano-mallinfor.o)
                0x000000003fff3110                __malloc_current_mallinfo
 .bss           0x000000003fff3138        0x8 ../../libc/xtensa-lx106-elf/lib/libc.a(lib_a-nano-mallocr.o)
                0x000000003fff3138                __malloc_sbrk_start
                0x000000003fff313c                __malloc_free_list
 .bss           0x000000003fff3140        0x0 ../../libc/xtensa-lx106-elf/lib/libc.a(lib_a-nano-malloptr.o)
 .bss           0x000000003fff3140        0x0 ../../libc/xtensa-lx106-elf/lib/libc.a(lib_a-nano-mallstatsr.o)
 .bss           0x000000003fff3140        0x0 ../../libc/xtensa-lx106-elf/lib/libc.a(lib_a-printf.o)
 .bss           0x000000003fff3140        0x0 ../../libc/xtensa-lx106-elf/lib/libc.a(lib_a-putchar.o)
 .bss           0x000000003fff3140        0x0 ../../libc/xtensa-lx106-elf/lib/libc.a(lib_a-putc.o)
 .bss           0x000000003fff3140        0x0 ../../libc/xtensa-lx106-elf/lib/libc.a(lib_a-puts.o)
 .bss           0x000000003fff3140        0x0 ../../libc/xtensa-lx106-elf/lib/libc.a(lib_a-rand.o)
 .bss           0x000000003fff3140        0x0 ../../libc/xtensa-lx106-elf/lib/libc.a(lib_a-realloc.o)
 .bss           0x000000003fff3140        0x0 ../../libc/xtensa-lx106-elf/lib/libc.a(lib_a-sprintf.o)
 .bss           0x000000003fff3140        0x0 ../../libc/xtensa-lx106-elf/lib/libc.a(lib_a-strcmp.o)
 .bss           0x000000003fff3140        0x0 ../../libc/xtensa-lx106-elf/lib/libc.a(lib_a-strcpy.o)
 .bss           0x000000003fff3140        0x0 ../../libc/xtensa-lx106-elf/lib/libc.a(lib_a-strlen.o)
 .bss           0x000000003fff3140        0x0 ../../libc/xtensa-lx106-elf/lib/libc.a(lib_a-strncmp.o)
 .bss           0x000000003fff3140        0x0 ../../libc/xtensa-lx106-elf/lib/libc.a(lib_a-strncpy.o)
 .bss           0x000000003fff3140        0x0 ../../libc/xtensa-lx106-elf/lib/libc.a(lib_a-strrchr.o)
 .bss           0x000000003fff3140        0x0 ../../libc/xtensa-lx106-elf/lib/libc.a(lib_a-strtol.o)
 .bss           0x000000003fff3140        0x0 ../../libc/xtensa-lx106-elf/lib/libc.a(lib_a-syssbrk.o)
 .bss           0x000000003fff3140        0x0 ../../libc/xtensa-lx106-elf/lib/libc.a(lib_a-wbuf.o)
 .bss           0x000000003fff3140        0x0 ../../libc/xtensa-lx106-elf/lib/libc.a(lib_a-wsetup.o)
 .bss           0x000000003fff3140        0x0 ../../libc/xtensa-lx106-elf/lib/libc.a(lock.o)
 .bss           0x000000003fff3140        0x0 ../../libc/xtensa-lx106-elf/lib/libc.a(lib_a-ctype_.o)
 .bss           0x000000003fff3140        0x0 ../../libc/xtensa-lx106-elf/lib/libc.a(lib_a-fflush.o)
 .bss           0x000000003fff3140        0x8 ../../libc/xtensa-lx106-elf/lib/libc.a(lib_a-findfp.o)
 .bss           0x000000003fff3148        0x0 ../../libc/xtensa-lx106-elf/lib/libc.a(lib_a-fprintf.o)
 .bss           0x000000003fff3148        0x0 ../../libc/xtensa-lx106-elf/lib/libc.a(lib_a-fvwrite.o)
 .bss           0x000000003fff3148        0x0 ../../libc/xtensa-lx106-elf/lib/libc.a(lib_a-fwalk.o)
 .bss           0x000000003fff3148        0x0 ../../libc/xtensa-lx106-elf/lib/libc.a(lib_a-makebuf.o)
 .bss           0x000000003fff3148        0x0 ../../libc/xtensa-lx106-elf/lib/libc.a(lib_a-memchr.o)
 .bss           0x000000003fff3148        0x0 ../../libc/xtensa-lx106-elf/lib/libc.a(lib_a-memmove.o)
 .bss           0x000000003fff3148        0x0 ../../libc/xtensa-lx106-elf/lib/libc.a(lib_a-nano-reallocr.o)
 .bss           0x000000003fff3148        0x0 ../../libc/xtensa-lx106-elf/lib/libc.a(lib_a-nano-svfprintf.o)
 .bss           0x000000003fff3148        0x0 ../../libc/xtensa-lx106-elf/lib/libc.a(lib_a-nano-vfprintf_i.o)
 .bss           0x000000003fff3148        0x0 ../../libc/xtensa-lx106-elf/lib/libc.a(lib_a-nano-vfprintf.o)
 .bss           0x000000003fff3148        0x0 ../../libc/xtensa-lx106-elf/lib/libc.a(lib_a-stdio.o)
 .bss           0x000000003fff3148        0x0 ../../libc/xtensa-lx106-elf/lib/libc.a(lib_a-strchr.o)
 .bss           0x000000003fff3148        0x0 ../../libc/xtensa-lx106-elf/lib/libc.a(isatty.o)
 .bss           0x000000003fff3148        0x0 ../../libc/xtensa-lx106-elf/lib/libc.a(lib_a-fclose.o)
 .bss           0x000000003fff3148        0x0 ../../libc/xtensa-lx106-elf/lib/libc.a(lib_a-fputwc.o)
 .bss           0x000000003fff3148        0xc ../../libc/xtensa-lx106-elf/lib/libc.a(lib_a-locale.o)
                0x000000003fff3148                _PathLocale
                0x000000003fff314c                __mlocale_changed
                0x000000003fff3150                __nlocale_changed
 .bss           0x000000003fff3154        0x0 ../../libc/xtensa-lx106-elf/lib/libc.a(lib_a-nano-msizer.o)
 .bss           0x000000003fff3154        0x0 ../../libc/xtensa-lx106-elf/lib/libc.a(lib_a-wcrtomb.o)
 .bss           0x000000003fff3154        0x0 ../../libc/xtensa-lx106-elf/lib/libc.a(lib_a-wctomb_r.o)
 .bss           0x000000003fff3154        0x0 ./build/sdklib/libnet80211.a(ieee80211_crypto_ccmp.o)
 *fill*         0x000000003fff3154        0x4 
 .bss           0x000000003fff3158        0x8 ./build/sdklib/libnet80211.a(ieee80211_crypto_tkip.o)
 .bss           0x000000003fff3160        0x0 ./build/sdklib/libnet80211.a(ieee80211_crypto_wep.o)
 .bss           0x000000003fff3160        0x4 ./build/core.a(newlib_syscalls.o)
 *(.bss.*)
 *(.gnu.linkonce.b.*)
 *(COMMON)
 COMMON         0x000000003fff3164       0x48 ./build/freertos.a(port.o)
                0x000000003fff3164                level1_int_disabled
                0x000000003fff3168                isr
                0x000000003fff31a8                cpu_sr
 COMMON         0x000000003fff31ac        0x4 ./build/lwip.a(netdb.o)
                0x000000003fff31ac                h_errno
 COMMON         0x000000003fff31b0       0x34 ./build/lwip.a(dhcp.o)
                0x000000003fff31b0                dhcp_rx_options_given
                0x000000003fff31bc                dhcp_rx_options_val
 COMMON         0x000000003fff31e4        0x8 ./build/lwip.a(netif.o)
                0x000000003fff31e4                netif_list
                0x000000003fff31e8                netif_default
 COMMON         0x000000003fff31ec       0xba ./build/lwip.a(stats.o)
                0x000000003fff31ec                lwip_stats
 *fill*         0x000000003fff32a6        0x2 
 COMMON         0x000000003fff32a8       0x1c ./build/lwip.a(tcp.o)
                0x000000003fff32a8                tcp_active_pcbs_changed
                0x000000003fff32ac                tcp_active_pcbs
                0x000000003fff32b0                tcp_ticks
                0x000000003fff32b4                tcp_listen_pcbs
                0x000000003fff32b8                tcp_tmp_pcb
                0x000000003fff32bc                tcp_bound_pcbs
                0x000000003fff32c0                tcp_tw_pcbs
 COMMON         0x000000003fff32c4        0x4 ./build/lwip.a(udp.o)
                0x000000003fff32c4                udp_pcbs
 COMMON         0x000000003fff32c8       0x10 ./build/lwip.a(ip.o)
                0x000000003fff32c8                current_iphdr_src
                0x000000003fff32cc                current_netif
                0x000000003fff32d0                current_iphdr_dest
                0x000000003fff32d4                current_header
 COMMON         0x000000003fff32d8        0x4 ./build/lwip.a(tcp_in.o)
                0x000000003fff32d8                tcp_input_pcb
                0x000000003fff32e0                . = ALIGN (0x8)
 *fill*         0x000000003fff32dc        0x4 
                0x000000003fff32e0                _bss_end = ABSOLUTE (.)
                0x000000003fff32e0                _heap_start = ABSOLUTE (.)

.text           0x0000000040100000     0x756d
                0x0000000040100000                _stext = .
                0x0000000040100000                _text_start = ABSOLUTE (.)
                0x0000000040100000                . = ALIGN (0x10)
 *(.vecbase.text)
 .vecbase.text  0x0000000040100000      0x23d ./build/core.a(exception_vectors.o)
                0x0000000040100000                VecBase
                0x000000004010008c                call_user_start
                0x0000000040100229                _xt_user_exit
 *(.entry.text)
 *(.init.literal)
 *(.init)
 *(.iram1.*)
 *fill*         0x000000004010023d        0x3 
 .iram1.text    0x0000000040100240      0x26b ./build/freertos.a(queue.o)
                                        0x313 (size before relaxing)
                0x000000004010038c                xQueueGenericSend
                0x00000000401004a4                uxQueueMessagesWaitingFromISR
 *fill*         0x00000000401004ab        0x1 
 .iram1.text    0x00000000401004ac      0x4d5 ./build/freertos.a(tasks.o)
                                        0x5c8 (size before relaxing)
                0x0000000040100528                vTaskSuspendAll
                0x000000004010054c                xTaskIncrementTick
                0x00000000401006e4                xTaskResumeAll
                0x00000000401007d4                vTaskPlaceOnEventList
                0x0000000040100824                xTaskRemoveFromEventList
                0x0000000040100894                vTaskSetTimeOutState
                0x00000000401008ac                xTaskCheckForTimeOut
                0x0000000040100924                vTaskMissedYield
                0x0000000040100930                vTaskPriorityDisinherit
 *fill*         0x0000000040100981        0x3 
 .iram1.text    0x0000000040100984      0x19e ./build/freertos.a(port.o)
                                        0x1da (size before relaxing)
                0x000000004010098c                SV_ISR
                0x00000000401009d8                vPortEnterCritical
                0x0000000040100a00                vPortExitCritical
                0x0000000040100a2c                PendSV
                0x0000000040100a88                _xt_isr_attach
                0x0000000040100a98                _xt_isr_handler
 *fill*         0x0000000040100b22        0x2 
 .iram1.text    0x0000000040100b24       0x1b ./build/core.a(sdk_compat.o)
                0x0000000040100b28                zalloc
 *fill*         0x0000000040100b3f        0x1 
 .iram1.text    0x0000000040100b40       0x19 ./build/core.a(newlib_syscalls.o)
                0x0000000040100b48                _sbrk_r
 *fill*         0x0000000040100b59        0x3 
 .iram1.literal
                0x0000000040100b5c        0x0 ./build/freertos.a(queue.o)
 *fill*         0x0000000040100b5c        0x0 
 .iram1.literal
                0x0000000040100b5c        0x0 ./build/freertos.a(tasks.o)
 .iram1.literal
                0x0000000040100b5c        0x0 ./build/freertos.a(port.o)
 *fill*         0x0000000040100b5c        0x0 
 .iram1.literal
                0x0000000040100b5c        0x0 ./build/freertos.a(list.o)
 .iram1.text    0x0000000040100b5c       0x65 ./build/freertos.a(list.o)
                0x0000000040100b5c                vListInsertEnd
                0x0000000040100b74                vListInsert
                0x0000000040100ba0                uxListRemove
 *fill*         0x0000000040100bc1        0x3 
 .iram1.literal
                0x0000000040100bc4        0x0 ./build/core.a(sdk_compat.o)
 *fill*         0x0000000040100bc4        0x0 
 .iram1.literal
                0x0000000040100bc4        0x0 ./build/core.a(newlib_syscalls.o)
 *sdklib*:*(.literal .text .literal.* .text.*)
 .text          0x0000000040100bc4      0x3d2 ./build/sdklib/libmain.a(app_main.o)
                                        0x422 (size before relaxing)
                0x0000000040100cf4                sdk_user_fatal_exception_handler
                0x0000000040100de0                sdk_user_start
                0x0000000040100f28                sdk_vApplicationStackOverflowHook
                0x0000000040100f54                sdk_vApplicationIdleHook
                0x0000000040100f78                sdk_vApplicationTickHook
 *fill*         0x0000000040100f96        0x2 
 .text          0x0000000040100f98       0x94 ./build/sdklib/libmain.a(ets_timer.o)
                                         0xa0 (size before relaxing)
 .text          0x000000004010102c        0xb ./build/sdklib/libmain.a(misc.o)
                0x0000000040101030                sdk_os_get_cpu_frequency
 *fill*         0x0000000040101037        0x1 
 .text          0x0000000040101038      0x3b0 ./build/sdklib/libmain.a(spi_flash.o)
                                        0x47c (size before relaxing)
                0x0000000040101058                sdk_SPIReadModeCnfig
                0x00000000401010dc                sdk_SPIWrite
                0x00000000401011b0                sdk_SPIRead
                0x00000000401011e0                sdk_SPIEraseSector
                0x0000000040101230                sdk_spi_flash_get_id
                0x000000004010129c                sdk_spi_flash_read_status
                0x00000000401012dc                sdk_spi_flash_write_status
                0x0000000040101318                sdk_spi_flash_erase_sector
                0x000000004010134c                sdk_spi_flash_write
                0x00000000401013a4                sdk_spi_flash_read
 .text          0x00000000401013e8      0x178 ./build/sdklib/libmain.a(user_interface.o)
                                        0x19c (size before relaxing)
                0x00000000401013f0                sdk_system_restart_in_nmi
                0x00000000401014b8                sdk_system_rtc_mem_write
                0x000000004010150c                sdk_system_rtc_mem_read
 .text          0x0000000040101560      0x13f ./build/sdklib/libmain.a(os_cpu_a.o)
                                        0x177 (size before relaxing)
                0x0000000040101560                sdk_vPortYield
                0x000000004010159c                sdk__xt_int_enter
                0x00000000401015b4                sdk__xt_int_exit
                0x00000000401015dc                sdk__xt_timer_int
                0x0000000040101610                sdk__xt_timer_int1
                0x000000004010162c                sdk__xt_tick_timer_init
                0x0000000040101650                sdk__xt_isr_unmask
                0x0000000040101668                sdk__xt_isr_mask
                0x0000000040101680                sdk__xt_read_ints
                0x0000000040101690                sdk__xt_clear_ints
 *fill*         0x000000004010169f        0x1 
 .text          0x00000000401016a0        0xb ./build/sdklib/libnet80211.a(wl_chm.o)
                0x00000000401016a4                sdk_chm_get_current_channel
 *fill*         0x00000000401016ab        0x1 
 .text          0x00000000401016ac       0x4b ./build/sdklib/libphy.a(phy.o)
                                         0x53 (size before relaxing)
                0x00000000401016b4                sdk_register_phy_ops
                0x00000000401016d4                sdk_phy_change_channel
                0x00000000401016ec                sdk_phy_get_mactime
 *fill*         0x00000000401016f7        0x1 
 .text          0x00000000401016f8       0xf7 ./build/sdklib/libphy.a(phy_sleep.o)
                                        0x103 (size before relaxing)
                0x000000004010170c                sdk_pm_rtc_clock_cali
                0x00000000401017c4                sdk_clockgate_watchdog
 *fill*         0x00000000401017ef        0x1 
 .text          0x00000000401017f0        0xb ./build/sdklib/libphy.a(phy_chip_v5_romfunc.o)
                0x00000000401017f4                sdk_phy_get_romfuncs
 *fill*         0x00000000401017fb        0x1 
 .text          0x00000000401017fc       0x94 ./build/sdklib/libpp.a(esf_buf.o)
                                         0xb4 (size before relaxing)
                0x0000000040101800                sdk_esf_rx_buf_alloc
 .text          0x0000000040101890     0x14e4 ./build/sdklib/libpp.a(lmac.o)
                                       0x187c (size before relaxing)
                0x0000000040101894                sdk_lmacIsActive
                0x00000000401018a8                sdk_lmacIsIdle
                0x0000000040101cf4                sdk_lmacSetAcParam
                0x0000000040101d90                sdk_lmacProcessTXStartData
                0x0000000040101f38                sdk_lmacProcessTxSuccess
                0x0000000040102080                sdk_GetAccess
                0x000000004010208c                sdk_lmacDiscardAgedMSDU
                0x00000000401020a0                sdk_lmacRecycleMPDU
                0x0000000040102580                sdk_lmacProcessCollisions
                0x00000000401025dc                sdk_lmacProcessCollision
                0x0000000040102660                sdk_lmacMSDUAged
                0x00000000401029e4                sdk_lmacProcessCtsTimeout
                0x0000000040102a2c                sdk_lmacProcessAckTimeout
                0x0000000040102a80                sdk_lmacProcessRtsStart
                0x0000000040102a8c                sdk_lmacProcessTxRtsError
                0x0000000040102b24                sdk_lmacProcessTxError
                0x0000000040102ba8                sdk_lmacTxFrame
                0x0000000040102d5c                sdk_lmacRxDone
 .text          0x0000000040102d74      0xe60 ./build/sdklib/libpp.a(pp.o)
                                       0x103c (size before relaxing)
                0x0000000040102da4                sdk_pp_soft_wdt_feed
                0x0000000040102ebc                sdk_ppProcessTxQ
                0x0000000040102fac                sdk_ppFetchTxQFirstAvail
                0x0000000040102fec                sdk_ppDequeueTxQ
                0x0000000040103014                sdk_ppRollBackTxQ
                0x0000000040103038                sdk_ppRecordBarRRC
                0x0000000040103048                sdk_ppTxqUpdateBitmap
                0x000000004010306c                sdk_ppEnqueueTxDone
                0x00000000401030a0                sdk_ppEnqueueRxq
                0x0000000040103868                sdk_ppDiscardMPDU
                0x0000000040103898                sdk_MacIsrSigPostDefHdl
                0x0000000040103984                sdk_pp_post
                0x0000000040103a80                sdk_ppCalTxop
                0x0000000040103b64                sdk_ppCalFrameTimes
 .text          0x0000000040103bd4       0xf5 ./build/sdklib/libpp.a(rate_control.o)
                                        0x109 (size before relaxing)
                0x0000000040103bf4                sdk_RC_GetAckRate
                0x0000000040103c00                sdk_RC_GetRtsRate
                0x0000000040103c10                sdk_RC_GetAckTime
                0x0000000040103c24                sdk_RC_GetCtsTime
                0x0000000040103c5c                sdk_RC_GetBlockAckTime
 *fill*         0x0000000040103cc9        0x3 
 .text          0x0000000040103ccc      0x7f9 ./build/sdklib/libpp.a(trc.o)
                                        0x81d (size before relaxing)
                0x0000000040103e44                sdk_rcUpdateTxDone
                0x0000000040103ed8                sdk_rcUpdateRxDone
                0x0000000040103f34                sdk_rcUpdateDataRxDone
                0x0000000040103f4c                sdk_rcGetSched
                0x0000000040103ff4                sdk_rcGetRate
                0x00000000401043f8                sdk_rcReachRetryLimit
                0x0000000040104410                sdk_trc_NeedRTS
 *fill*         0x00000000401044c5        0x3 
 .text          0x00000000401044c8     0x1153 ./build/sdklib/libpp.a(wdev.o)
                                       0x1473 (size before relaxing)
                0x000000004010481c                sdk_wDev_MacTimSetFunc
                0x000000004010483c                sdk_wDev_MacTimArm
                0x00000000401048e0                sdk_wDev_MacTim1Arm
                0x00000000401049bc                sdk_wDev_ProcessFiq
                0x0000000040104d60                sdk_wDev_EnableTransmit
                0x0000000040104da4                sdk_wDev_DisableTransmit
                0x0000000040104dc4                sdk_Tx_Copy2Queue
                0x0000000040104e0c                sdk_wDev_ProcessCollision
                0x0000000040104e30                sdk_wDev_GetTxqCollisions
                0x0000000040104e40                sdk_wDev_ClearTxqCollisions
                0x0000000040104e5c                sdk_wDev_SetWaitingQueue
                0x0000000040104ea8                sdk_wDev_ClearWaitingQueue
                0x0000000040104ecc                sdk_wDev_SetFrameAckType
                0x0000000040104f30                sdk_wDev_AppendRxBlocks
                0x00000000401050d8                sdk_wDev_AppendRxAmpduLensBlocks
                0x0000000040105210                sdk_wDev_GetBAInfo
 *fill*         0x000000004010561b        0x1 
 .literal       0x000000004010561c        0x0 ./build/sdklib/libmain.a(app_main.o)
 *fill*         0x000000004010561c        0x0 
 .literal       0x000000004010561c        0x0 ./build/sdklib/libmain.a(ets_timer.o)
 .literal       0x000000004010561c        0x0 ./build/sdklib/libmain.a(misc.o)
 *fill*         0x000000004010561c        0x0 
 .literal       0x000000004010561c        0x0 ./build/sdklib/libmain.a(spi_flash.o)
 .text          0x000000004010561c        0x0 ./build/sdklib/libmain.a(uart.o)
 .literal       0x000000004010561c        0x0 ./build/sdklib/libmain.a(user_interface.o)
 .literal       0x000000004010561c        0x0 ./build/sdklib/libmain.a(os_cpu_a.o)
 *fill*         0x000000004010561c        0x0 
 .text          0x000000004010561c       0x3d ./build/sdklib/libmain.a(xtensa_context.o)
                0x000000004010561c                sdk__xt_context_save
                0x0000000040105638                sdk__xt_context_restore
 .text          0x0000000040105659        0x0 ./build/sdklib/libmain.a(timers.o)
 .text          0x0000000040105659        0x0 ./build/sdklib/libnet80211.a(ieee80211.o)
 .text          0x0000000040105659        0x0 ./build/sdklib/libnet80211.a(ieee80211_crypto.o)
 *fill*         0x0000000040105659        0x3 
 .literal       0x000000004010565c        0x0 ./build/sdklib/libnet80211.a(ieee80211_hostap.o)
 .text          0x000000004010565c       0x25 ./build/sdklib/libnet80211.a(ieee80211_hostap.o)
 .text          0x0000000040105681        0x0 ./build/sdklib/libnet80211.a(ieee80211_ht.o)
 .text          0x0000000040105681        0x0 ./build/sdklib/libnet80211.a(ieee80211_input.o)
 .text          0x0000000040105681        0x0 ./build/sdklib/libnet80211.a(ieee80211_output.o)
 .text          0x0000000040105681        0x0 ./build/sdklib/libnet80211.a(ieee80211_phy.o)
 .text          0x0000000040105681        0x0 ./build/sdklib/libnet80211.a(ieee80211_power.o)
 .text          0x0000000040105681        0x0 ./build/sdklib/libnet80211.a(ieee80211_proto.o)
 .text          0x0000000040105681        0x0 ./build/sdklib/libnet80211.a(ieee80211_scan.o)
 .text          0x0000000040105681        0x0 ./build/sdklib/libnet80211.a(ieee80211_sta.o)
 *fill*         0x0000000040105681        0x3 
 .literal       0x0000000040105684        0x0 ./build/sdklib/libnet80211.a(wl_chm.o)
 .text          0x0000000040105684        0x0 ./build/sdklib/libnet80211.a(wl_cnx.o)
 .text          0x0000000040105684        0x0 ./build/sdklib/libnet80211.a(ieee80211_action.o)
 .text          0x0000000040105684        0x0 ./build/sdklib/libnet80211.a(ieee80211_ets.o)
 *fill*         0x0000000040105684        0x0 
 .literal       0x0000000040105684        0x0 ./build/sdklib/libphy.a(phy.o)
 .text          0x0000000040105684        0x0 ./build/sdklib/libphy.a(phy_chip_v6_ana.o)
 *fill*         0x0000000040105684        0x0 
 .literal       0x0000000040105684        0x0 ./build/sdklib/libphy.a(phy_chip_v6.o)
 .text          0x0000000040105684        0x2 ./build/sdklib/libphy.a(phy_chip_v6.o)
                0x0000000040105684                sdk_ram_tx_mac_disable
 .text          0x0000000040105686        0x0 ./build/sdklib/libphy.a(phy_chip_v6_cal.o)
 .text          0x0000000040105686        0x0 ./build/sdklib/libphy.a(phy_chip_v6_unused.o)
 *fill*         0x0000000040105686        0x2 
 .literal       0x0000000040105688        0x0 ./build/sdklib/libphy.a(phy_sleep.o)
 *fill*         0x0000000040105688        0x0 
 .literal       0x0000000040105688        0x0 ./build/sdklib/libphy.a(phy_chip_v5_romfunc.o)
 .text          0x0000000040105688        0x0 ./build/sdklib/libphy.a(phy_chip_v5_ana_romfunc.o)
 .text          0x0000000040105688        0x0 ./build/sdklib/libphy.a(phy_chip_v5_cal_romfunc.o)
 *fill*         0x0000000040105688        0x0 
 .literal       0x0000000040105688        0x0 ./build/sdklib/libpp.a(esf_buf.o)
 .text          0x0000000040105688        0x0 ./build/sdklib/libpp.a(if_hwctrl.o)
 .literal       0x0000000040105688        0x0 ./build/sdklib/libpp.a(lmac.o)
 .text          0x0000000040105688        0x0 ./build/sdklib/libpp.a(pm.o)
 .literal       0x0000000040105688        0x0 ./build/sdklib/libpp.a(pp.o)
 .literal       0x0000000040105688        0x0 ./build/sdklib/libpp.a(rate_control.o)
 *fill*         0x0000000040105688        0x0 
 .literal       0x0000000040105688        0x0 ./build/sdklib/libpp.a(trc.o)
 *fill*         0x0000000040105688        0x0 
 .literal       0x0000000040105688        0x0 ./build/sdklib/libpp.a(wdev.o)
 .text          0x0000000040105688        0x0 ./build/sdklib/libwpa.a(ap_config.o)
 .text          0x0000000040105688        0x0 ./build/sdklib/libwpa.a(common.o)
 .text          0x0000000040105688        0x0 ./build/sdklib/libwpa.a(os_xtensa.o)
 .text          0x0000000040105688        0x0 ./build/sdklib/libwpa.a(sha1-pbkdf2.o)
 *fill*         0x0000000040105688        0x0 
 .literal       0x0000000040105688        0x0 ./build/sdklib/libwpa.a(wpa_auth.o)
 .text          0x0000000040105688       0x11 ./build/sdklib/libwpa.a(wpa_auth.o)
 .text          0x0000000040105699        0x0 ./build/sdklib/libwpa.a(wpa_auth_ie.o)
 .text          0x0000000040105699        0x0 ./build/sdklib/libwpa.a(wpa.o)
 .text          0x0000000040105699        0x0 ./build/sdklib/libwpa.a(wpa_common.o)
 .text          0x0000000040105699        0x0 ./build/sdklib/libwpa.a(wpa_debug.o)
 .text          0x0000000040105699        0x0 ./build/sdklib/libwpa.a(wpa_ie.o)
 .text          0x0000000040105699        0x0 ./build/sdklib/libwpa.a(wpa_main.o)
 .text          0x0000000040105699        0x0 ./build/sdklib/libwpa.a(wpas_glue.o)
 .text          0x0000000040105699        0x0 ./build/sdklib/libwpa.a(aes-unwrap.o)
 .text          0x0000000040105699        0x0 ./build/sdklib/libwpa.a(aes-wrap.o)
 .text          0x0000000040105699        0x0 ./build/sdklib/libwpa.a(md5.o)
 .text          0x0000000040105699        0x0 ./build/sdklib/libwpa.a(md5-internal.o)
 .text          0x0000000040105699        0x0 ./build/sdklib/libwpa.a(rc4.o)
 .text          0x0000000040105699        0x0 ./build/sdklib/libwpa.a(sha1.o)
 .text          0x0000000040105699        0x0 ./build/sdklib/libwpa.a(sha1-internal.o)
 .text          0x0000000040105699        0x0 ./build/sdklib/libwpa.a(aes-internal-dec.o)
 .text          0x0000000040105699        0x0 ./build/sdklib/libwpa.a(aes-internal-enc.o)
 .text          0x0000000040105699        0x0 ./build/sdklib/libwpa.a(aes-internal.o)
 .text          0x0000000040105699        0x0 ./build/sdklib/libnet80211.a(ieee80211_crypto_ccmp.o)
 .text          0x0000000040105699        0x0 ./build/sdklib/libnet80211.a(ieee80211_crypto_tkip.o)
 .text          0x0000000040105699        0x0 ./build/sdklib/libnet80211.a(ieee80211_crypto_wep.o)
 *libgcc.a:*i3.o(.literal .text .literal.* .text.*)
 *fill*         0x0000000040105699        0x3 
 .literal       0x000000004010569c        0x0 /root/ESP8266/esp-open-sdk/xtensa-lx106-elf/lib/gcc/xtensa-lx106-elf/4.8.2/libgcc.a(_muldi3.o)
                                          0x4 (size before relaxing)
 .literal       0x000000004010569c        0x0 /root/ESP8266/esp-open-sdk/xtensa-lx106-elf/lib/gcc/xtensa-lx106-elf/4.8.2/libgcc.a(_divdi3.o)
                                         0x48 (size before relaxing)
 .literal       0x000000004010569c        0x0 /root/ESP8266/esp-open-sdk/xtensa-lx106-elf/lib/gcc/xtensa-lx106-elf/4.8.2/libgcc.a(_udivdi3.o)
                                         0x48 (size before relaxing)
 .literal       0x000000004010569c        0x0 /root/ESP8266/esp-open-sdk/xtensa-lx106-elf/lib/gcc/xtensa-lx106-elf/4.8.2/libgcc.a(_umoddi3.o)
                                         0x40 (size before relaxing)
 .literal       0x000000004010569c        0x4 ../../libc/xtensa-lx106-elf/lib/libc.a(lib_a-malloc.o)
                                         0x10 (size before relaxing)
 .literal       0x00000000401056a0        0x8 ../../libc/xtensa-lx106-elf/lib/libc.a(lib_a-nano-mallocr.o)
                                         0x14 (size before relaxing)
 .literal       0x00000000401056a8        0x0 ../../libc/xtensa-lx106-elf/lib/libc.a(lib_a-nano-freer.o)
                                          0x4 (size before relaxing)
 .literal       0x00000000401056a8        0x8 ../../libc/xtensa-lx106-elf/lib/libc.a(lib_a-rand.o)
                                         0x18 (size before relaxing)
 .literal       0x00000000401056b0        0x0 ../../libc/xtensa-lx106-elf/lib/libc.a(lib_a-printf.o)
                                          0xc (size before relaxing)
 .literal       0x00000000401056b0        0x0 ../../libc/xtensa-lx106-elf/lib/libc.a(lib_a-sprintf.o)
                                         0x14 (size before relaxing)
 .literal       0x00000000401056b0        0x0 ../../libc/xtensa-lx106-elf/lib/libc.a(lib_a-fprintf.o)
                                          0xc (size before relaxing)
 .literal       0x00000000401056b0       0x20 ../../libc/xtensa-lx106-elf/lib/libc.a(lib_a-nano-svfprintf.o)
                                         0x4c (size before relaxing)
 .literal       0x00000000401056d0       0x1c ../../libc/xtensa-lx106-elf/lib/libc.a(lib_a-nano-vfprintf.o)
                                         0x4c (size before relaxing)
 .literal       0x00000000401056ec       0x34 ../../libc/xtensa-lx106-elf/lib/libc.a(lib_a-findfp.o)
                                         0x7c (size before relaxing)
 .literal       0x0000000040105720        0x8 ../../libc/xtensa-lx106-elf/lib/libc.a(lib_a-fputwc.o)
                                         0x20 (size before relaxing)
 .text          0x0000000040105728       0x36 /root/ESP8266/esp-open-sdk/xtensa-lx106-elf/lib/gcc/xtensa-lx106-elf/4.8.2/libgcc.a(_muldi3.o)
                0x0000000040105728                __muldi3
 *fill*         0x000000004010575e        0x2 
 .text          0x0000000040105760      0x3eb /root/ESP8266/esp-open-sdk/xtensa-lx106-elf/lib/gcc/xtensa-lx106-elf/4.8.2/libgcc.a(_divdi3.o)
                                        0x41b (size before relaxing)
                0x0000000040105760                __divdi3
 *fill*         0x0000000040105b4b        0x1 
 .text          0x0000000040105b4c      0x38d /root/ESP8266/esp-open-sdk/xtensa-lx106-elf/lib/gcc/xtensa-lx106-elf/4.8.2/libgcc.a(_udivdi3.o)
                                        0x3b5 (size before relaxing)
                0x0000000040105b4c                __udivdi3
 *fill*         0x0000000040105ed9        0x3 
 .text          0x0000000040105edc      0x33a /root/ESP8266/esp-open-sdk/xtensa-lx106-elf/lib/gcc/xtensa-lx106-elf/4.8.2/libgcc.a(_umoddi3.o)
                                        0x366 (size before relaxing)
                0x0000000040105edc                __umoddi3
 *fill*         0x0000000040106216        0x2 
 .text          0x0000000040106218       0x64 /root/ESP8266/esp-open-sdk/xtensa-lx106-elf/lib/gcc/xtensa-lx106-elf/4.8.2/libgcc.a(_divsi3.o)
                0x0000000040106218                __divsi3
 .text          0x000000004010627c       0x49 /root/ESP8266/esp-open-sdk/xtensa-lx106-elf/lib/gcc/xtensa-lx106-elf/4.8.2/libgcc.a(_modsi3.o)
                0x000000004010627c                __modsi3
 *fill*         0x00000000401062c5        0x3 
 .text          0x00000000401062c8       0x4c /root/ESP8266/esp-open-sdk/xtensa-lx106-elf/lib/gcc/xtensa-lx106-elf/4.8.2/libgcc.a(_udivsi3.o)
                0x00000000401062c8                __udivsi3
 .text          0x0000000040106314       0x39 /root/ESP8266/esp-open-sdk/xtensa-lx106-elf/lib/gcc/xtensa-lx106-elf/4.8.2/libgcc.a(_umodsi3.o)
                0x0000000040106314                __umodsi3
 *fill*         0x000000004010634d        0x3 
 .text          0x0000000040106350       0x18 /root/ESP8266/esp-open-sdk/xtensa-lx106-elf/lib/gcc/xtensa-lx106-elf/4.8.2/libgcc.a(_ashrdi3.o)
                0x0000000040106350                __ashrdi3
 *fill*         0x0000000040106368        0x0 
 *fill*         0x0000000040106368        0x0 
 *fill*         0x0000000040106368        0x0 
 *fill*         0x0000000040106368        0x0 
 .text          0x0000000040106368       0x48 /root/ESP8266/esp-open-sdk/xtensa-lx106-elf/lib/gcc/xtensa-lx106-elf/4.8.2/libgcc.a(_umulsidi3.o)
                0x0000000040106368                __umulsidi3
 *libc.a:*malloc.o(.literal .text .literal.* .text.*)
 .text          0x00000000401063b0       0x35 ../../libc/xtensa-lx106-elf/lib/libc.a(lib_a-malloc.o)
                0x00000000401063b0                malloc
                0x00000000401063cc                free
 *libc.a:*mallocr.o(.literal .text .literal.* .text.*)
 *fill*         0x00000000401063e5        0x3 
 .text          0x00000000401063e8       0xd1 ../../libc/xtensa-lx106-elf/lib/libc.a(lib_a-nano-mallocr.o)
                                         0xd5 (size before relaxing)
                0x00000000401063e8                _malloc_r
 *fill*         0x00000000401064b9        0x0 
 *libc.a:*freer.o(.literal .text .literal.* .text.*)
 *fill*         0x00000000401064b9        0x3 
 .text          0x00000000401064bc       0x87 ../../libc/xtensa-lx106-elf/lib/libc.a(lib_a-nano-freer.o)
                0x00000000401064bc                _free_r
 *fill*         0x0000000040106543        0x0 
 *libc.a:*memcpy.o(.literal .text .literal.* .text.*)
 *fill*         0x0000000040106543        0x1 
 .text          0x0000000040106544      0x145 ../../libc/xtensa-lx106-elf/lib/libc.a(lib_a-memcpy.o)
                0x0000000040106588                memcpy
 *libc.a:*memset.o(.literal .text .literal.* .text.*)
 *fill*         0x0000000040106689        0x3 
 .text          0x000000004010668c       0x7c ../../libc/xtensa-lx106-elf/lib/libc.a(lib_a-memset.o)
                0x00000000401066b8                memset
 *libc.a:*memcmp.o(.literal .text .literal.* .text.*)
 .text          0x0000000040106708       0x23 ../../libc/xtensa-lx106-elf/lib/libc.a(lib_a-memcmp.o)
                0x0000000040106708                memcmp
 *libc.a:*rand.o(.literal .text .literal.* .text.*)
 *fill*         0x000000004010672b        0x1 
 .text          0x000000004010672c       0x4b ../../libc/xtensa-lx106-elf/lib/libc.a(lib_a-rand.o)
                                         0x4f (size before relaxing)
                0x000000004010672c                srand
                0x000000004010673c                rand
 *fill*         0x0000000040106777        0x0 
 *libc.a:*bzero.o(.literal .text .literal.* .text.*)
 *fill*         0x0000000040106777        0x1 
 .text          0x0000000040106778       0x12 ../../libc/xtensa-lx106-elf/lib/libc.a(lib_a-bzero.o)
                0x0000000040106778                bzero
 *libc.a:*lock.o(.literal .text .literal.* .text.*)
 *fill*         0x000000004010678a        0x2 
 .text          0x000000004010678c        0x8 ../../libc/xtensa-lx106-elf/lib/libc.a(lock.o)
                0x000000004010678c                _lock_close_recursive
                0x000000004010678c                __dummy_lock
                0x000000004010678c                _lock_init_recursive
                0x000000004010678c                _lock_close
                0x000000004010678c                _lock_init
                0x0000000040106790                __dummy_lock_try
 *libc.a:*printf.o(.literal .text .literal.* .text.*)
 .text          0x0000000040106794       0x61 ../../libc/xtensa-lx106-elf/lib/libc.a(lib_a-printf.o)
                                         0x65 (size before relaxing)
                0x0000000040106794                _printf_r